CompilingCompiling > Starting tests

elm-test 0.19.1-revision12
--------------------------

Running 72 tests. To reproduce these results, run: elm-test --fuzz 100 --seed 115269211725731

↓ MainTests
↓ module Main
↓ Main.update handles config update message
✗ The ConfigChange message is sent when the "Show job posts" checkbox is clicked

    simulateDomEvent "change":
    Event.expectEvent: I found a node, but it does not listen for "change" events like I expected it would.
    
    <input id="checkbox-show-job-posts" type="checkbox">


↓ MainTests
↓ module Main
↓ Main.update handles config update message
✗ The ConfigChange message is sent when the "Show text only posts" checkbox is clicked

    ensureView:
    ▼ Query.fromHtml
    
        <div>
            <h1>
                HackerNews (DEV)
            </h1>
            <div>
                <div>
                    <div>
                        <label>
                            Posts per page: 
                        </label>
                        <select>
                            <option value="10">
                                10
                            </option>
                            <option value="25">
                                25
                            </option>
                            <option value="50">
                                50
                            </option>
                        </select>
                    </div>
                    <div>
                        Posts to Show: 10
                    </div>
                    <div>
                        <label>
                            Sort By: 
                            <select id="select-sort-by">
                                <option value="score">
                                    Score
                                </option>
                                <option value="title">
                                    Title
                                </option>
                                <option value="date">
                                    Date Posted
                                </option>
                                <option value="unsorted" selected>
                                    Unsorted
                                </option>
                            </select>
                        </label>
                    </div>
                    <div>
                        <input id="checkbox-show-job-posts" type="checkbox">
                        <label htmlFor="checkbox-show-job-posts">
                            Show Jobs
                        </label>
                    </div>
                    <div>
                        <input id="checkbox-show-text-only-post" type="checkbox" checked>
                        <label htmlFor="checkbox-show-text-only-post">
                            Show Text Only
                        </label>
                    </div>
                </div>
                <table>
                    <thead>
                        <tr>
                            <th class="post-score">
                                Score
                            </th>
                            <th class="post-title">
                                Title
                            </th>
                            <th class="post-type">
                                Type
                            </th>
                            <th class="post-time">
                                Posted Date
                            </th>
                            <th class="post-url">
                                Link
                            </th>
                        </tr>
                    </thead>
                    <tbody>
                        <tr>
                            <td class="post-score">
                                512
                            </td>
                            <td class="post-title">
                                NewPipe – Lightweight YouTube experience for Android
                            </td>
                            <td class="post-type">
                                story
                            </td>
                            <td class="post-time">
                                1970 Jan 20 15:58
                            </td>
                            <td class="post-url">
                                <a href="https://newpipe.net/">
                                    Link
                                </a>
                            </td>
                        </tr>
                        <tr>
                            <td class="post-score">
                                75
                            </td>
                            <td class="post-title">
                                LLM companies to access largest Chinese non-fiction book collection
                            </td>
                            <td class="post-type">
                                story
                            </td>
                            <td class="post-time">
                                1970 Jan 20 15:59
                            </td>
                            <td class="post-url">
                                <a href="https://annas-blog.org/duxiu-exclusive.html">
                                    Link
                                </a>
                            </td>
                        </tr>
                        <tr>
                            <td class="post-score">
                                182
                            </td>
                            <td class="post-title">
                                Intel Itanium IA-64 Support Removed with the Linux 6.7 Kernel
                            </td>
                            <td class="post-type">
                                story
                            </td>
                            <td class="post-time">
                                1970 Jan 20 15:55
                            </td>
                            <td class="post-url">
                                <a href="https://www.phoronix.com/news/Intel-IA-64-Removed-Linux-6.7">
                                    Link
                                </a>
                            </td>
                        </tr>
                        <tr>
                            <td class="post-score">
                                37
                            </td>
                            <td class="post-title">
                                Representations / strategies for noncooperative games with imperfect information [pdf]
                            </td>
                            <td class="post-type">
                                story
                            </td>
                            <td class="post-time">
                                1970 Jan 20 15:58
                            </td>
                            <td class="post-url">
                                <a href="https://www2.cs.sfu.ca/~bbart/personal/masters-thesis.pdf">
                                    Link
                                </a>
                            </td>
                        </tr>
                        <tr>
                            <td class="post-score">
                                57
                            </td>
                            <td class="post-title">
                                The First App Store
                            </td>
                            <td class="post-type">
                                story
                            </td>
                            <td class="post-time">
                                1970 Jan 20 15:59
                            </td>
                            <td class="post-url">
                                <a href="https://one-from-nippon.ghost.io/worlds-first-app-store/">
                                    Link
                                </a>
                            </td>
                        </tr>
                        <tr>
                            <td class="post-score">
                                83
                            </td>
                            <td class="post-title">
                                Show HN: Gogosseract, a Go Lib for CGo-Free Tesseract OCR via Wazero
                            </td>
                            <td class="post-type">
                                story
                            </td>
                            <td class="post-time">
                                1970 Jan 20 15:58
                            </td>
                            <td class="post-url">
                                <a href="https://github.com/Danlock/gogosseract">
                                    Link
                                </a>
                            </td>
                        </tr>
                        <tr>
                            <td class="post-score">
                                51
                            </td>
                            <td class="post-title">
                                Planes, Spheres and Pseudospheres
                            </td>
                            <td class="post-type">
                                story
                            </td>
                            <td class="post-time">
                                1970 Jan 20 15:59
                            </td>
                            <td class="post-url">
                                <a href="https://www.gregegan.net/SCIENCE/PSP/PSP.html">
                                    Link
                                </a>
                            </td>
                        </tr>
                        <tr>
                            <td class="post-score">
                                557
                            </td>
                            <td class="post-title">
                                Othello Is Solved?
                            </td>
                            <td class="post-type">
                                story
                            </td>
                            <td class="post-time">
                                1970 Jan 20 15:58
                            </td>
                            <td class="post-url">
                                <a href="https://arxiv.org/abs/2310.19387">
                                    Link
                                </a>
                            </td>
                        </tr>
                        <tr>
                            <td class="post-score">
                                1
                            </td>
                            <td class="post-title">
                                SigNoz (YC W21), open source observability platform, hiring SREs (Remote)
                            </td>
                            <td class="post-type">
                                job
                            </td>
                            <td class="post-time">
                                1970 Jan 20 15:59
                            </td>
                            <td class="post-url">
                                <a href="https://signoz.io/careers/site-reliability-engineer/">
                                    Link
                                </a>
                            </td>
                        </tr>
                        <tr>
                            <td class="post-score">
                                26
                            </td>
                            <td class="post-title">
                                Shadows Edge Software
                            </td>
                            <td class="post-type">
                                story
                            </td>
                            <td class="post-time">
                                1970 Jan 20 15:59
                            </td>
                            <td class="post-url">
                                <a href="https://www.shadowsedge.mil/What-We-Do/">
                                    Link
                                </a>
                            </td>
                        </tr>
                    </tbody>
                </table>
            </div>
        </div>
    
    
    ▼ Query.find [ tag "input", attribute "type" "checkbox", attribute "id" "checkbox-show-text-only-posts" ]
    
    0 matches found for this query.
    
    
    ✗ Query.find always expects to find 1 element, but it found 0 instead.


↓ MainTests
↓ module Main
↓ Main.update handles config update message
✗ The ConfigChange message is sent when the "Posts to show" select is changed

    ensureView:
    ▼ Query.fromHtml
    
        <div>
            <h1>
                HackerNews (DEV)
            </h1>
            <div>
                <div>
                    <div>
                        <label>
                            Posts per page: 
                        </label>
                        <select>
                            <option value="10">
                                10
                            </option>
                            <option value="25">
                                25
                            </option>
                            <option value="50">
                                50
                            </option>
                        </select>
                    </div>
                    <div>
                        Posts to Show: 10
                    </div>
                    <div>
                        <label>
                            Sort By: 
                            <select id="select-sort-by">
                                <option value="score">
                                    Score
                                </option>
                                <option value="title">
                                    Title
                                </option>
                                <option value="date">
                                    Date Posted
                                </option>
                                <option value="unsorted" selected>
                                    Unsorted
                                </option>
                            </select>
                        </label>
                    </div>
                    <div>
                        <input id="checkbox-show-job-posts" type="checkbox">
                        <label htmlFor="checkbox-show-job-posts">
                            Show Jobs
                        </label>
                    </div>
                    <div>
                        <input id="checkbox-show-text-only-post" type="checkbox" checked>
                        <label htmlFor="checkbox-show-text-only-post">
                            Show Text Only
                        </label>
                    </div>
                </div>
                <table>
                    <thead>
                        <tr>
                            <th class="post-score">
                                Score
                            </th>
                            <th class="post-title">
                                Title
                            </th>
                            <th class="post-type">
                                Type
                            </th>
                            <th class="post-time">
                                Posted Date
                            </th>
                            <th class="post-url">
                                Link
                            </th>
                        </tr>
                    </thead>
                    <tbody>
                        <tr>
                            <td class="post-score">
                                512
                            </td>
                            <td class="post-title">
                                NewPipe – Lightweight YouTube experience for Android
                            </td>
                            <td class="post-type">
                                story
                            </td>
                            <td class="post-time">
                                1970 Jan 20 15:58
                            </td>
                            <td class="post-url">
                                <a href="https://newpipe.net/">
                                    Link
                                </a>
                            </td>
                        </tr>
                        <tr>
                            <td class="post-score">
                                75
                            </td>
                            <td class="post-title">
                                LLM companies to access largest Chinese non-fiction book collection
                            </td>
                            <td class="post-type">
                                story
                            </td>
                            <td class="post-time">
                                1970 Jan 20 15:59
                            </td>
                            <td class="post-url">
                                <a href="https://annas-blog.org/duxiu-exclusive.html">
                                    Link
                                </a>
                            </td>
                        </tr>
                        <tr>
                            <td class="post-score">
                                182
                            </td>
                            <td class="post-title">
                                Intel Itanium IA-64 Support Removed with the Linux 6.7 Kernel
                            </td>
                            <td class="post-type">
                                story
                            </td>
                            <td class="post-time">
                                1970 Jan 20 15:55
                            </td>
                            <td class="post-url">
                                <a href="https://www.phoronix.com/news/Intel-IA-64-Removed-Linux-6.7">
                                    Link
                                </a>
                            </td>
                        </tr>
                        <tr>
                            <td class="post-score">
                                37
                            </td>
                            <td class="post-title">
                                Representations / strategies for noncooperative games with imperfect information [pdf]
                            </td>
                            <td class="post-type">
                                story
                            </td>
                            <td class="post-time">
                                1970 Jan 20 15:58
                            </td>
                            <td class="post-url">
                                <a href="https://www2.cs.sfu.ca/~bbart/personal/masters-thesis.pdf">
                                    Link
                                </a>
                            </td>
                        </tr>
                        <tr>
                            <td class="post-score">
                                57
                            </td>
                            <td class="post-title">
                                The First App Store
                            </td>
                            <td class="post-type">
                                story
                            </td>
                            <td class="post-time">
                                1970 Jan 20 15:59
                            </td>
                            <td class="post-url">
                                <a href="https://one-from-nippon.ghost.io/worlds-first-app-store/">
                                    Link
                                </a>
                            </td>
                        </tr>
                        <tr>
                            <td class="post-score">
                                83
                            </td>
                            <td class="post-title">
                                Show HN: Gogosseract, a Go Lib for CGo-Free Tesseract OCR via Wazero
                            </td>
                            <td class="post-type">
                                story
                            </td>
                            <td class="post-time">
                                1970 Jan 20 15:58
                            </td>
                            <td class="post-url">
                                <a href="https://github.com/Danlock/gogosseract">
                                    Link
                                </a>
                            </td>
                        </tr>
                        <tr>
                            <td class="post-score">
                                51
                            </td>
                            <td class="post-title">
                                Planes, Spheres and Pseudospheres
                            </td>
                            <td class="post-type">
                                story
                            </td>
                            <td class="post-time">
                                1970 Jan 20 15:59
                            </td>
                            <td class="post-url">
                                <a href="https://www.gregegan.net/SCIENCE/PSP/PSP.html">
                                    Link
                                </a>
                            </td>
                        </tr>
                        <tr>
                            <td class="post-score">
                                557
                            </td>
                            <td class="post-title">
                                Othello Is Solved?
                            </td>
                            <td class="post-type">
                                story
                            </td>
                            <td class="post-time">
                                1970 Jan 20 15:58
                            </td>
                            <td class="post-url">
                                <a href="https://arxiv.org/abs/2310.19387">
                                    Link
                                </a>
                            </td>
                        </tr>
                        <tr>
                            <td class="post-score">
                                1
                            </td>
                            <td class="post-title">
                                SigNoz (YC W21), open source observability platform, hiring SREs (Remote)
                            </td>
                            <td class="post-type">
                                job
                            </td>
                            <td class="post-time">
                                1970 Jan 20 15:59
                            </td>
                            <td class="post-url">
                                <a href="https://signoz.io/careers/site-reliability-engineer/">
                                    Link
                                </a>
                            </td>
                        </tr>
                        <tr>
                            <td class="post-score">
                                26
                            </td>
                            <td class="post-title">
                                Shadows Edge Software
                            </td>
                            <td class="post-type">
                                story
                            </td>
                            <td class="post-time">
                                1970 Jan 20 15:59
                            </td>
                            <td class="post-url">
                                <a href="https://www.shadowsedge.mil/What-We-Do/">
                                    Link
                                </a>
                            </td>
                        </tr>
                    </tbody>
                </table>
            </div>
        </div>
    
    
    ▼ Query.find [ tag "select", attribute "id" "select-posts-per-page" ]
    
    0 matches found for this query.
    
    
    ✗ Query.find always expects to find 1 element, but it found 0 instead.


↓ MainTests
↓ module Main
↓ Main.update handles config update message
✗ The ConfigChange message is sent when the "Sort by" select is changed

    ensureView:
    ▼ Query.fromHtml
    
        <div>
            <h1>
                HackerNews (DEV)
            </h1>
            <div>
                <div>
                    <div>
                        <label>
                            Posts per page: 
                        </label>
                        <select>
                            <option value="10">
                                10
                            </option>
                            <option value="25">
                                25
                            </option>
                            <option value="50">
                                50
                            </option>
                        </select>
                    </div>
                    <div>
                        Posts to Show: 10
                    </div>
                    <div>
                        <label>
                            Sort By: 
                            <select id="select-sort-by">
                                <option value="score">
                                    Score
                                </option>
                                <option value="title">
                                    Title
                                </option>
                                <option value="date">
                                    Date Posted
                                </option>
                                <option value="unsorted" selected>
                                    Unsorted
                                </option>
                            </select>
                        </label>
                    </div>
                    <div>
                        <input id="checkbox-show-job-posts" type="checkbox">
                        <label htmlFor="checkbox-show-job-posts">
                            Show Jobs
                        </label>
                    </div>
                    <div>
                        <input id="checkbox-show-text-only-post" type="checkbox" checked>
                        <label htmlFor="checkbox-show-text-only-post">
                            Show Text Only
                        </label>
                    </div>
                </div>
                <table>
                    <thead>
                        <tr>
                            <th class="post-score">
                                Score
                            </th>
                            <th class="post-title">
                                Title
                            </th>
                            <th class="post-type">
                                Type
                            </th>
                            <th class="post-time">
                                Posted Date
                            </th>
                            <th class="post-url">
                                Link
                            </th>
                        </tr>
                    </thead>
                    <tbody>
                        <tr>
                            <td class="post-score">
                                512
                            </td>
                            <td class="post-title">
                                NewPipe – Lightweight YouTube experience for Android
                            </td>
                            <td class="post-type">
                                story
                            </td>
                            <td class="post-time">
                                1970 Jan 20 15:58
                            </td>
                            <td class="post-url">
                                <a href="https://newpipe.net/">
                                    Link
                                </a>
                            </td>
                        </tr>
                        <tr>
                            <td class="post-score">
                                75
                            </td>
                            <td class="post-title">
                                LLM companies to access largest Chinese non-fiction book collection
                            </td>
                            <td class="post-type">
                                story
                            </td>
                            <td class="post-time">
                                1970 Jan 20 15:59
                            </td>
                            <td class="post-url">
                                <a href="https://annas-blog.org/duxiu-exclusive.html">
                                    Link
                                </a>
                            </td>
                        </tr>
                        <tr>
                            <td class="post-score">
                                182
                            </td>
                            <td class="post-title">
                                Intel Itanium IA-64 Support Removed with the Linux 6.7 Kernel
                            </td>
                            <td class="post-type">
                                story
                            </td>
                            <td class="post-time">
                                1970 Jan 20 15:55
                            </td>
                            <td class="post-url">
                                <a href="https://www.phoronix.com/news/Intel-IA-64-Removed-Linux-6.7">
                                    Link
                                </a>
                            </td>
                        </tr>
                        <tr>
                            <td class="post-score">
                                37
                            </td>
                            <td class="post-title">
                                Representations / strategies for noncooperative games with imperfect information [pdf]
                            </td>
                            <td class="post-type">
                                story
                            </td>
                            <td class="post-time">
                                1970 Jan 20 15:58
                            </td>
                            <td class="post-url">
                                <a href="https://www2.cs.sfu.ca/~bbart/personal/masters-thesis.pdf">
                                    Link
                                </a>
                            </td>
                        </tr>
                        <tr>
                            <td class="post-score">
                                57
                            </td>
                            <td class="post-title">
                                The First App Store
                            </td>
                            <td class="post-type">
                                story
                            </td>
                            <td class="post-time">
                                1970 Jan 20 15:59
                            </td>
                            <td class="post-url">
                                <a href="https://one-from-nippon.ghost.io/worlds-first-app-store/">
                                    Link
                                </a>
                            </td>
                        </tr>
                        <tr>
                            <td class="post-score">
                                83
                            </td>
                            <td class="post-title">
                                Show HN: Gogosseract, a Go Lib for CGo-Free Tesseract OCR via Wazero
                            </td>
                            <td class="post-type">
                                story
                            </td>
                            <td class="post-time">
                                1970 Jan 20 15:58
                            </td>
                            <td class="post-url">
                                <a href="https://github.com/Danlock/gogosseract">
                                    Link
                                </a>
                            </td>
                        </tr>
                        <tr>
                            <td class="post-score">
                                51
                            </td>
                            <td class="post-title">
                                Planes, Spheres and Pseudospheres
                            </td>
                            <td class="post-type">
                                story
                            </td>
                            <td class="post-time">
                                1970 Jan 20 15:59
                            </td>
                            <td class="post-url">
                                <a href="https://www.gregegan.net/SCIENCE/PSP/PSP.html">
                                    Link
                                </a>
                            </td>
                        </tr>
                        <tr>
                            <td class="post-score">
                                557
                            </td>
                            <td class="post-title">
                                Othello Is Solved?
                            </td>
                            <td class="post-type">
                                story
                            </td>
                            <td class="post-time">
                                1970 Jan 20 15:58
                            </td>
                            <td class="post-url">
                                <a href="https://arxiv.org/abs/2310.19387">
                                    Link
                                </a>
                            </td>
                        </tr>
                        <tr>
                            <td class="post-score">
                                1
                            </td>
                            <td class="post-title">
                                SigNoz (YC W21), open source observability platform, hiring SREs (Remote)
                            </td>
                            <td class="post-type">
                                job
                            </td>
                            <td class="post-time">
                                1970 Jan 20 15:59
                            </td>
                            <td class="post-url">
                                <a href="https://signoz.io/careers/site-reliability-engineer/">
                                    Link
                                </a>
                            </td>
                        </tr>
                        <tr>
                            <td class="post-score">
                                26
                            </td>
                            <td class="post-title">
                                Shadows Edge Software
                            </td>
                            <td class="post-type">
                                story
                            </td>
                            <td class="post-time">
                                1970 Jan 20 15:59
                            </td>
                            <td class="post-url">
                                <a href="https://www.shadowsedge.mil/What-We-Do/">
                                    Link
                                </a>
                            </td>
                        </tr>
                    </tbody>
                </table>
            </div>
        </div>
    
    
    ▼ Query.find [ tag "select", attribute "id" "select-sort-by" ]
    
        1)  <select id="select-sort-by">
                <option value="score">
                    Score
                </option>
                <option value="title">
                    Title
                </option>
                <option value="date">
                    Date Posted
                </option>
                <option value="unsorted" selected>
                    Unsorted
                </option>
            </select>
    
    
    ▼ Query.has [ tag "option", attribute "value" "None", attribute "selected" True ]
    
    ✓ has tag "option"
    ✗ has attribute "value" "None"
    ✓ has attribute "selected" True


↓ PostsConfigTests
↓ module Model.PostsConfig
↓ showJobs
✗ job posts are removed when showJobs is False

    Found post where the type_ field is "job": { by = "pranay01", id = 38148992, score = 1, time = Posix 1699167669000, title = "SigNoz (YC W21), open source observability platform, hiring SREs (Remote)", type_ = "job", url = Just "https://signoz.io/careers/site-reliability-engineer/" }


↓ PostsConfigTests
↓ module Model.PostsConfig
↓ postsToShow
✗ the number of posts returned is at most postsToShow

    { by = "vyrotek", id = 38144400, score = 512, time = Posix 1699126731000, title = "NewPipe – Lightweight YouTube experience for Android", type_ = "story", url = Just "https://newpipe.net/" }, { by = "sillysaurusx", id = 38149093, score = 75, time = Posix 1699169400000, title = "LLM companies to access largest Chinese non-fiction book collection", type_ = "story", url = Just "https://annas-blog.org/duxiu-exclusive.html" }, { by = "scrlk", id = 38114943, score = 182, time = Posix 1698939114000, title = "Intel Itanium IA-64 Support Removed with the Linux 6.7 Kernel", type_ = "story", url = Just "https://www.phoronix.com/news/Intel-IA-64-Removed-Linux-6.7" }, { by = "luu", id = 38144772, score = 37, time = Posix 1699129495000, title = "Representations / strategies for noncooperative games with imperfect information [pdf]", type_ = "story", url = Just "https://www2.cs.sfu.ca/~bbart/personal/masters-thesis.pdf" }, { by = "kizunajp", id = 38146856, score = 57, time = Posix 1699145556000, title = "The First App Store", type_ = "story", url = Just "https://one-from-nippon.ghost.io/worlds-first-app-store/" }, { by = "dlock17", id = 38146154, score = 83, time = Posix 1699139194000, title = "Show HN: Gogosseract, a Go Lib for CGo-Free Tesseract OCR via Wazero", type_ = "story", url = Just "https://github.com/Danlock/gogosseract" }, { by = "sohkamyung", id = 38146382, score = 51, time = Posix 1699140957000, title = "Planes, Spheres and Pseudospheres", type_ = "story", url = Just "https://www.gregegan.net/SCIENCE/PSP/PSP.html" }, { by = "Tepix", id = 38141366, score = 557, time = Posix 1699108556000, title = "Othello Is Solved?", type_ = "story", url = Just "https://arxiv.org/abs/2310.19387" }, { by = "pranay01", id = 38148992, score = 1, time = Posix 1699167669000, title = "SigNoz (YC W21), open source observability platform, hiring SREs (Remote)", type_ = "job", url = Just "https://signoz.io/careers/site-reliability-engineer/" }, { by = "willswire", id = 38147438, score = 26, time = Posix 1699151020000, title = "Shadows Edge Software", type_ = "story", url = Just "https://www.shadowsedge.mil/What-We-Do/" }, { by = "Brajeshwar", id = 38115128, score = 58, time = Posix 1698939817000, title = "Quadratic Reciprocity: The connection that changed number theory", type_ = "story", url = Just "https://www.quantamagazine.org/the-hidden-connection-that-changed-number-theory-20231101/" }, { by = "chriskrycho", id = 38145194, score = 65, time = Posix 1699132523000, title = "How to Do a TypeScript Conversion: an opinionated take on gradual conversions", type_ = "story", url = Just "https://v5.chriskrycho.com/journal/how-to-do-a-typescript-conversion/" }, { by = "scyzoryk_xyz", id = 38144266, score = 83, time = Posix 1699125874000, title = "FTC Chair Lina Khan looks for allies and leads in Silicon Valley charm offensive", type_ = "story", url = Just "https://www.reuters.com/business/ftc-chair-lina-khan-looks-allies-leads-silicon-valley-charm-offensive-2023-11-03/" }, { by = "badrabbit", id = 38147459, score = 96, time = Posix 1699151182000, title = "Topic: Discord Stealer", type_ = "story", url = Just "https://github.com/topics/discord-stealer" }, { by = "michelangelo", id = 38146122, score = 132, time = Posix 1699138933000, title = "SARS-CoV-2 Infection Affects Energy Stores in the Body, Causing Organ Failure", type_ = "story", url = Just "https://news.unchealthcare.org/2023/10/researchers-show-sars-cov-2-infection-affects-energy-stores-in-the-body-causing-organ-failure/" }, { by = "RadixDLT", id = 38146696, score = 102, time = Posix 1699143985000, title = "Soda additive linked to thyroid toxicity may finally get banned by FDA", type_ = "story", url = Just "https://arstechnica.com/health/2023/11/50-years-later-fda-proposes-banning-a-food-additive-it-said-is-not-safe/" }, { by = "bauta-steen", id = 38147052, score = 56, time = Posix 1699147453000, title = "BeeWare Toga v0.4.0 – A Python native, OS native GUI toolkit", type_ = "story", url = Just "https://github.com/beeware/toga/releases/tag/v0.4.0" }, { by = "selimthegrim", id = 38145054, score = 105, time = Posix 1699131495000, title = "The cottage industry of YouTube obituary pirates", type_ = "story", url = Just "https://www.wired.com/story/youtube-obituary-pirates/" }, { by = "PaulHoule", id = 38115221, score = 44, time = Posix 1698940132000, title = "Chemists, engineers craft adjustable arrays of microscopic lenses", type_ = "story", url = Just "https://phys.org/news/2023-10-chemists-craft-adjustable-arrays-microscopic.html" }, { by = "bricemo", id = 38146327, score = 62, time = Posix 1699140572000, title = "Disturbed Lands (National Park Service)", type_ = "story", url = Just "https://www.nps.gov/shen/learn/nature/disturbedlands.htm" }, { by = "benbreen", id = 38147981, score = 84, time = Posix 1699156421000, title = "The world nearly adopted a calendar with 13 months of 28 days", type_ = "story", url = Just "https://www.washingtonpost.com/history/2023/11/04/battle-sabbath-13-month-calendar/" }, { by = "belter", id = 38143984, score = 106, time = Posix 1699123807000, title = "AI and Open Source in 2023", type_ = "story", url = Just "https://magazine.sebastianraschka.com/p/ai-and-open-source-in-2023" }, { by = "elvis70", id = 38132016, score = 1114, time = Posix 1699032376000, title = "As I retire, my goal now is to release 40+ years of source code", type_ = "story", url = Just "https://dunfield.themindfactory.com/dnldsrc.htm" }, { by = "croes", id = 38145461, score = 122, time = Posix 1699134199000, title = "New Microsoft Exchange zero-days allow RCE, data theft attacks", type_ = "story", url = Just "https://www.bleepingcomputer.com/news/microsoft/new-microsoft-exchange-zero-days-allow-rce-data-theft-attacks/" }, { by = "zone411", id = 38148396, score = 125, time = Posix 1699160553000, title = "Grok", type_ = "story", url = Just "https://twitter.com/xai/status/1721027348970238035" }, { by = "edent", id = 38139687, score = 220, time = Posix 1699093638000, title = "A 6 channel GPS receiver from 1993", type_ = "story", url = Just "https://mastodon.sdf.org/@keelan/111349948124943603" }, { by = "stevefan1999", id = 38137373, score = 313, time = Posix 1699063305000, title = "AMD MicroBlaze V Processor: A Flexible and Efficient RISC-V Processor", type_ = "story", url = Just "https://www.xilinx.com/products/design-tools/microblaze-v.html" }, { by = "thunderbong", id = 38114871, score = 112, time = Posix 1698938877000, title = "Lahaina Noon", type_ = "story", url = Just "https://en.wikipedia.org/wiki/Lahaina_Noon" }, { by = "acifani", id = 38140242, score = 157, time = Posix 1699099310000, title = "Spin 2.0 – open-source tool for building and running WASM apps", type_ = "story", url = Just "https://www.fermyon.com/blog/introducing-spin-v2" }, { by = "mNovak", id = 38120388, score = 411, time = Posix 1698960362000, title = "Tell HN: Submit comments to IRS re tax treatment of software dev expenses", type_ = "story", url = Nothing }, { by = "the_v01d", id = 38145368, score = 11, time = Posix 1699133640000, title = "Show HN: A tiny and platform-agnostic true random number generator for FPGA/ASIC", type_ = "story", url = Just "https://github.com/stnolting/neoTRNG" }, { by = "belltaco", id = 38146837, score = 99, time = Posix 1699145268000, title = "Daylight saving time can seriously affect your health", type_ = "story", url = Just "https://apnews.com/article/daylight-saving-2023-fall-back-a3738d5c74301b8068825927c49fc6b4" }, { by = "asimpleusecase", id = 38146211, score = 46, time = Posix 1699139694000, title = "Delhi air pollution spikes to 100 times WHO health limit", type_ = "story", url = Just "https://www.theguardian.com/world/2023/nov/03/delhi-india-air-quality-pollution-spike-world-health-organization-limit" }, { by = "robomartin", id = 38148119, score = 5, time = Posix 1699157746000, title = "A game. The only winning move is not to play", type_ = "story", url = Nothing }, { by = "roody15", id = 38147606, score = 83, time = Posix 1699152889000, title = "Max is taking 4K away from its legacy ad-free subscribers", type_ = "story", url = Just "https://www.theverge.com/2023/11/2/23943859/max-4k-hbo-max-ad-free-subscribers" }, { by = "GOPbIHbI4", id = 38137879, score = 132, time = Posix 1699068531000, title = "Classes vs. structs in .NET: how not to teach about performance", type_ = "story", url = Just "https://sergeyteplyakov.github.io/Blog/benchmarking/2023/11/02/Performance_Comparison_For_Classes_vs_Structs.html" }, { by = "geox", id = 38115323, score = 68, time = Posix 1698940455000, title = "How “blue” and “green” appeared in a language that didn’t have words for them", type_ = "story", url = Just "https://news.mit.edu/2023/how-blue-and-green-appeared-language-1102" }, { by = "chen_dev", id = 38146738, score = 17, time = Posix 1699144434000, title = "Oracle Cloud Outage", type_ = "story", url = Nothing }, { by = "neustradamus", id = 38146711, score = 15, time = Posix 1699144150000, title = "Exim 4.97.0 – SMTP Mail Server – Message Transfer Agent (MTA)", type_ = "story", url = Just "https://www.exim.org/" }, { by = "meandave", id = 38144530, score = 82, time = Posix 1699127713000, title = "You're Gonna Need a Bigger Browser", type_ = "story", url = Just "https://berjon.com/bigger-browser/" }, { by = "kvnhn", id = 38138085, score = 157, time = Posix 1699071397000, title = "Making \"LCD, Please\"", type_ = "story", url = Just "https://dukope.com/devlogs/papers-please/lcdplease/" }, { by = "vintagedave", id = 38145097, score = 17, time = Posix 1699131874000, title = "Interview with a Gladiatrix", type_ = "story", url = Just "https://antigonejournal.com/2023/10/modern-roman-gladiatrix/" }, { by = "dgudkov", id = 38146809, score = 6, time = Posix 1699145056000, title = "Towards Modern Development of Cloud Applications [pdf]", type_ = "story", url = Just "https://sigops.org/s/conferences/hotos/2023/papers/ghemawat.pdf" }, { by = "lxm", id = 38137377, score = 224, time = Posix 1699063376000, title = "A blog post is a long and complex search query to find people (2022)", type_ = "story", url = Just "https://www.henrikkarlsson.xyz/p/search-query" }, { by = "danboarder", id = 38143369, score = 68, time = Posix 1699119933000, title = "After decades of dreams, a commercial spaceplane is almost ready to fly", type_ = "story", url = Just "https://arstechnica.com/space/2023/11/after-decades-of-dreams-a-commercial-spaceplane-is-almost-ready-to-fly/" }, { by = "rom1v", id = 38143818, score = 110, time = Posix 1699122631000, title = "Scrcpy 2.2 adds Android camera mirroring", type_ = "story", url = Just "https://github.com/Genymobile/scrcpy/releases/tag/v2.2" }, { by = "kristianp", id = 38148171, score = 52, time = Posix 1699158216000, title = "SpaceX poised for 'mid-November' launch of second Starship test flight", type_ = "story", url = Just "https://spaceflightnow.com/2023/11/04/spacex-poised-for-mid-november-of-second-starship-test-launch/" }, { by = "iamflimflam1", id = 38142606, score = 160, time = Posix 1699115786000, title = "I need more USB power", type_ = "story", url = Just "https://atomic14.substack.com/p/i-need-more-usb-power" }, { by = "guiambros", id = 38147815, score = 8, time = Posix 1699155085000, title = "Ancient coins have been found off Sardinia, probably from shipwreck", type_ = "story", url = Just "https://apnews.com/article/italy-ancient-coins-sardinia-divers-cabdfa070d37a8020f874dd90c0a2433" }, { by = "georgehill", id = 38144124, score = 65, time = Posix 1699124835000, title = "C++ Sudoku Solver by Singapore PM Lee Hsien Loong", type_ = "story", url = Just "https://twitter.com/adad8m/status/1720822885496049863" }, { by = "samclemens", id = 38144584, score = 91, time = Posix 1699128056000, title = "Lapham's Quarterly Is on Hiatus", type_ = "story", url = Just "https://www.laphamsquarterly.org/roundtable/hiatus" }, { by = "oferzelig", id = 38148691, score = 6, time = Posix 1699163845000, title = "X.ai Grok", type_ = "story", url = Just "https://grok.x.ai/" }, { by = "alexzeitler", id = 38134861, score = 219, time = Posix 1699044810000, title = "Asciinema: Record and share your terminal sessions, the simple way", type_ = "story", url = Just "https://asciinema.org/" }, { by = "perihelions", id = 38121250, score = 605, time = Posix 1698964208000, title = "In 1886, the US commissioned watercolor paintings of every known fruit (2019)", type_ = "story", url = Just "https://www.openculture.com/2019/06/the-us-government-commissioned-7500-watercolor-paintings.html" }, { by = "ShMcK", id = 38128699, score = 467, time = Posix 1699019273000, title = "No dogs were harmed in the making of this app", type_ = "story", url = Just "https://shmck.substack.com/p/no-dogs-were-harmed-in-the-making" }, { by = "kiyanwang", id = 38125348, score = 417, time = Posix 1698994231000, title = "Bringing garbage collected programming languages efficiently to WebAssembly", type_ = "story", url = Just "https://v8.dev/blog/wasm-gc-porting" }, { by = "_Microft", id = 38135265, score = 225, time = Posix 1699047160000, title = "Wooden Game Boy", type_ = "story", url = Just "https://there.oughta.be/a/wooden-game-boy" }, { by = "bookofjoe", id = 38114382, score = 80, time = Posix 1698937118000, title = "The Apple II Circuit Description (1983)", type_ = "story", url = Just "https://archive.org/details/taiicd" }, { by = "przmk", id = 38144417, score = 304, time = Posix 1699126785000, title = "Bevy 0.12", type_ = "story", url = Just "https://bevyengine.org/news/bevy-0-12/" }, { by = "Terretta", id = 38136863, score = 203, time = Posix 1699058450000, title = "Telling GPT-4 you're scared or under pressure improves performance", type_ = "story", url = Just "https://aimodels.substack.com/p/telling-gpt-4-youre-scared-or-under" }, { by = "donohoe", id = 38122061, score = 1952, time = Posix 1698968957000, title = "Sam Bankman-Fried Convicted", type_ = "story", url = Just "https://www.nytimes.com/live/2023/11/02/business/sam-bankman-fried-trial" }, { by = "austinallegro", id = 38135810, score = 188, time = Posix 1699050091000, title = "Surround sound test files for every audio format", type_ = "story", url = Just "https://drive.google.com/drive/folders/1JxmeedtAtgmoafXv9rroiDOS2vEX7N4b" }, { by = "belter", id = 38146339, score = 128, time = Posix 1699140638000, title = "Tesla strike widens as Swedish union expands blockade", type_ = "story", url = Just "https://www.thelocal.se/20231103/tesla-strike-widens-as-swedish-union-expands-blockade" }, { by = "Vigier", id = 38137750, score = 15, time = Posix 1699067013000, title = "Rāhui and the Art of Marine Conservation", type_ = "story", url = Just "https://hakaimagazine.com/features/rahui-and-the-art-of-marine-conservation/" }, { by = "diodorus", id = 38137713, score = 81, time = Posix 1699066588000, title = "Large-scale violence in Late Neolithic Western Europe based on skeletal evidence", type_ = "story", url = Just "https://www.nature.com/articles/s41598-023-43026-9" }, { by = "wjSgoWPm5bWAhXB", id = 38127906, score = 224, time = Posix 1699015662000, title = "First observation of a virus attaching to another virus", type_ = "story", url = Just "https://umbc.edu/stories/first-observed-virus-attaching-to-another/" }, { by = "leidenfrost", id = 38141173, score = 185, time = Posix 1699107231000, title = "KDE desktop cube effect returns", type_ = "story", url = Just "https://www.phoronix.com/news/KDE-Wayland-Color-Mgmt" }, { by = "kbns", id = 38142734, score = 49, time = Posix 1699116526000, title = "Searching for hidden silicon art on a microchip", type_ = "story", url = Just "https://twitter.com/microscopicture/status/1720837951238636018" }, { by = "MilnerRoute", id = 38146445, score = 19, time = Posix 1699141527000, title = "U.S. cities consider banning \"right on red\" laws amid rise in pedestrian deaths", type_ = "story", url = Just "https://www.cbsnews.com/news/pedestrian-deaths-right-on-red-ban/" }, { by = "elisaado", id = 38141320, score = 195, time = Posix 1699108277000, title = "Paste without formatting on macOS", type_ = "story", url = Just "https://scottswezey.com/always-paste-without-formatting-macos/" }, { by = "jart", id = 38101613, score = 1187, time = Posix 1698859540000, title = "Cosmopolitan Third Edition", type_ = "story", url = Just "https://justine.lol/cosmo3/" }, { by = "pndy", id = 38110679, score = 126, time = Posix 1698915300000, title = "Bibi-binary", type_ = "story", url = Just "https://en.wikipedia.org/wiki/Bibi-binary" }, { by = "intunderflow", id = 38144047, score = 57, time = Posix 1699124257000, title = "UK plans to redefine extremism to include undermining the country", type_ = "story", url = Just "https://www.theguardian.com/uk-news/2023/nov/04/plans-to-redefine-extremism-would-include-undermining-uk-values" }, { by = "Tomte", id = 38117556, score = 453, time = Posix 1698947997000, title = "Light can make water evaporate without heat", type_ = "story", url = Just "https://news.mit.edu/2023/surprising-finding-light-makes-water-evaporate-without-heat-1031" }, { by = "nullhole", id = 38141328, score = 13, time = Posix 1699108323000, title = "The Trust Principles", type_ = "story", url = Just "https://www.thomsonreuters.com/en/about-us/trust-principles.html" }, { by = "mooreds", id = 38140217, score = 15, time = Posix 1699099081000, title = "Coding in Public: Help Battle Imposter Syndrome and Inspire Others", type_ = "story", url = Just "https://www.codingtemple.com/blog/coding-in-public-help-battle-imposter-syndrome-and-inspire-others/" }, { by = "jlpcsl", id = 38143180, score = 257, time = Posix 1699118819000, title = "Software that supports your body should always respect your freedom", type_ = "story", url = Just "https://www.fsf.org/blogs/community/software-that-supports-your-body-should-always-respect-your-freedom" }, { by = "rblank", id = 38133134, score = 117, time = Posix 1699037104000, title = "Show HN: MicroLua – Lua for the RP2040 Microcontroller", type_ = "story", url = Just "https://github.com/MicroLua/MicroLua" }, { by = "eastdakota", id = 38138640, score = 451, time = Posix 1699078841000, title = "Post Mortem on Cloudflare Control Plane and Analytics Outage", type_ = "story", url = Just "https://blog.cloudflare.com/post-mortem-on-cloudflare-control-plane-and-analytics-outage/" }, { by = "nateb2022", id = 38136607, score = 543, time = Posix 1699055994000, title = "Portugal. The Man – Official Website Is a Google Sheets Document", type_ = "story", url = Just "https://www.portugaltheman.com/?frontpage=true" }, { by = "ingve", id = 38125771, score = 212, time = Posix 1698998390000, title = "M3 Macs: there's more to performance than counting cores", type_ = "story", url = Just "https://eclecticlight.co/2023/11/03/m3-macs-theres-more-to-performance-than-counting-cores/" }, { by = "Thevet", id = 38133699, score = 43, time = Posix 1699038883000, title = "What is a Teddy Roosevelt presidential library doing in North Dakota?", type_ = "story", url = Just "https://www.nytimes.com/2023/10/27/arts/theodore-roosevelt-presidential-library.html" }, { by = "vincelt", id = 38141913, score = 5, time = Posix 1699111577000, title = "You Are Not Late (2014)", type_ = "story", url = Just "https://kk.org/thetechnium/you-are-not-late/" }, { by = "simonebrunozzi", id = 38140697, score = 156, time = Posix 1699103265000, title = "Shinzo Abe's Assassination", type_ = "story", url = Just "https://www.theatlantic.com/magazine/archive/2023/10/shinzo-abe-assassination-japan-unification-church-moonies/675114/" }, { by = "goranmoomin", id = 38137975, score = 101, time = Posix 1699069571000, title = "Sometimes, it is a compiler bug (2022)", type_ = "story", url = Just "https://quick-lint-js.com/blog/bug-journey/" }, { by = "andyfrancis", id = 38130089, score = 154, time = Posix 1699024665000, title = "Guide to Adopting AV1 Encoding", type_ = "story", url = Just "https://bitmovin.com/av1/av1-encoding-guide/" }, { by = "lawgimenez", id = 38146887, score = 7, time = Posix 1699145876000, title = "Ask HN: Where do you get your health news?", type_ = "story", url = Nothing }, { by = "zdw", id = 38142586, score = 37, time = Posix 1699115620000, title = "Mass producing the most expensive rice cooker [video]", type_ = "story", url = Just "https://www.youtube.com/watch?v=xLCwr8qG1p4" }, { by = "clouddrover", id = 38135029, score = 32, time = Posix 1699045679000, title = "Codec Royalties on Content and the Jaws Moment", type_ = "story", url = Just "https://streaminglearningcenter.com/codecs/codec-royalties-on-content.html" }, { by = "tintinnabula", id = 38119463, score = 139, time = Posix 1698956195000, title = "Louis Armstrong's Last Word", type_ = "story", url = Just "https://www.thenation.com/article/culture/louis-armstrong-archive/" }, { by = "austinallegro", id = 38136041, score = 111, time = Posix 1699051418000, title = "The Sega Hitachi HiSaturn Navi Console", type_ = "story", url = Just "https://nfggames.com/games/hisaturn/" }, { by = "nixass", id = 38146676, score = 124, time = Posix 1699143820000, title = "My experience taking Tesla to court about FSD", type_ = "story", url = Just "https://teslamotorsclub.com/tmc/threads/my-experience-taking-tesla-to-court-about-fsd.315086/" }, { by = "Tomte", id = 38126623, score = 179, time = Posix 1699006623000, title = "Pix2tex: Using a ViT to convert images of equations into LaTeX code", type_ = "story", url = Just "https://github.com/lukas-blecher/LaTeX-OCR" }, { by = "plurby", id = 38110072, score = 470, time = Posix 1698910353000, title = "Talk-Llama", type_ = "story", url = Just "https://github.com/ggerganov/whisper.cpp/tree/master/examples/talk-llama" }, { by = "pierre-renaux", id = 38140833, score = 145, time = Posix 1699104640000, title = "Cooperative C++ Evolution – Toward a TypeScript for C++", type_ = "story", url = Just "https://herbsutter.com/2023/10/09/my-new-cppcon-talk-is-on-youtube-cooperative-c-evolution-toward-a-typescript-for-c/" }, { by = "petabyt", id = 38137119, score = 35, time = Posix 1699060729000, title = "The StahlDream", type_ = "story", url = Just "https://remexre.com/stahl/dream" }, { by = "thunderbong", id = 38125256, score = 112, time = Posix 1698993413000, title = "Frink is a programming language designed to make physical calculations simple", type_ = "story", url = Just "https://frinklang.org/" }, { by = "ourmandave", id = 38147278, score = 38, time = Posix 1699149573000, title = "SBF Is Headed to Prison but FTX Will Haunt the Crypto Community for Years", type_ = "story", url = Just "https://gizmodo.com/ftx-fbi-sam-bankman-fried-cryptocurrency-data-1850990825" }, { by = "Tomte", id = 38134935, score = 59, time = Posix 1699045201000, title = "Yorick is an interpreted programming language for scientific simulations", type_ = "story", url = Just "https://yorick.sourceforge.net/" }, { by = "raybb", id = 38141006, score = 149, time = Posix 1699106066000, title = "Starfish bodies aren’t bodies at all, study finds", type_ = "story", url = Just "https://www.cnn.com/2023/11/02/world/starfish-head-body-plan-scn/index.html" }, { by = "eXpl0it3r", id = 38145274, score = 7, time = Posix 1699133056000, title = "SFML 2.6.1", type_ = "story", url = Just "https://github.com/SFML/SFML/releases/tag/2.6.1" }, { by = "oalders", id = 38136211, score = 21, time = Posix 1699052539000, title = "Running Mod_Perl with Mojolicious in Docker", type_ = "story", url = Just "https://rawley.xyz/docker-mod-perl.html" }, { by = "belter", id = 38141433, score = 67, time = Posix 1699108947000, title = "The Great Inflation", type_ = "story", url = Just "https://www.federalreservehistory.org/essays/great-inflation" }, { by = "apsec112", id = 38122631, score = 174, time = Posix 1698971680000, title = "MetNet-3: A state-of-the-art neural weather model", type_ = "story", url = Just "https://blog.research.google/2023/11/metnet-3-state-of-art-neural-weather.html?m=1" }, { by = "dangoldin", id = 38118577, score = 264, time = Posix 1698952545000, title = "From S3 to R2: An economic opportunity", type_ = "story", url = Just "https://dansdatathoughts.substack.com/p/from-s3-to-r2-an-economic-opportunity" }, { by = "whoishiring", id = 38099086, score = 481, time = Posix 1698850843000, title = "Ask HN: Who is hiring? (November 2023)", type_ = "story", url = Nothing }, { by = "Zolomon", id = 38120598, score = 208, time = Posix 1698961263000, title = "Course using F#: Write your own tiny programming system(s)", type_ = "story", url = Just "https://d3s.mff.cuni.cz/teaching/nprg077/" }, { by = "belter", id = 38144707, score = 11, time = Posix 1699128971000, title = "Astra, low on cash, defaults on loan", type_ = "story", url = Just "https://spacenews.com/astra-low-on-cash-defaults-on-loan/" }, { by = "derbOac", id = 38138187, score = 204, time = Posix 1699072786000, title = "Maersk to cut 10k jobs as shipping demand drops", type_ = "story", url = Just "https://www.reuters.com/business/shipping-giant-maersk-q3-above-expectation-sees-fy-lower-end-range-2023-11-03/" }, { by = "stonepresto", id = 38145205, score = 52, time = Posix 1699132571000, title = "Welcome to the New GamersNexus Website v5.0: A Message", type_ = "story", url = Just "https://gamersnexus.net/gn-extras/welcome-new-gamersnexus-website-v50-message" }, { by = "ericdanielski", id = 38139011, score = 252, time = Posix 1699084788000, title = "How to stop adulterated turmeric from killing people", type_ = "story", url = Just "https://www.economist.com/leaders/2023/11/02/how-to-stop-turmeric-from-killing-people" }, { by = "prismatic", id = 38132331, score = 38, time = Posix 1699033599000, title = "The Miracle of Photography", type_ = "story", url = Just "https://themillions.com/2023/11/the-miracle-of-photography.html" }, { by = "dguo", id = 38135892, score = 71, time = Posix 1699050542000, title = "Edison Bulb Night Mode", type_ = "story", url = Just "https://www.petemillspaugh.com/edison-bulb" }, { by = "nabla9", id = 38111449, score = 155, time = Posix 1698921003000, title = "RegEx Crossword (2013)", type_ = "story", url = Just "https://jimbly.github.io/regex-crossword/" }, { by = "picture", id = 38136783, score = 65, time = Posix 1699057669000, title = "CPU-Z's Inadequate Benchmark", type_ = "story", url = Just "https://chipsandcheese.com/2023/11/03/cpu-zs-inadequate-benchmark/" }, { by = "11thEarlOfMar", id = 38146443, score = 29, time = Posix 1699141489000, title = "DEA Launches Crack Down on San Francisco Fentanyl Dealing", type_ = "story", url = Just "https://abc7news.com/sf-fentanyl-drug-dealers-all-hands-of-deck-operation-sfpd/14006658/" }, { by = "PaulHoule", id = 38136689, score = 205, time = Posix 1699056717000, title = "Uranium demand hits decade high as nuclear renaissance gains traction", type_ = "story", url = Just "https://oilprice.com/The-Environment/Global-Warming/Uranium-Demand-Hits-Decade-High-As-Nuclear-Renaissance-Gains-Traction.html" }, { by = "EvgeniyZh", id = 38134120, score = 56, time = Posix 1699041189000, title = "Accelerating digital block design with Google's open source Mid-Level Synthesis", type_ = "story", url = Just "https://antmicro.com/blog/2023/09/accelerating-digital-block-design-with-googles-xls/" }, { by = "kennyfrc", id = 38143844, score = 26, time = Posix 1699122816000, title = "Show HN: Cami.js – A No Build, Web Component Based Reactive Framework", type_ = "story", url = Just "https://github.com/kennyfrc/cami.js" }, { by = "abahlo", id = 38126210, score = 177, time = Posix 1699002633000, title = "Why You Should Write Your Own Static Site Generator", type_ = "story", url = Just "https://arne.me/articles/write-your-own-ssg" }, { by = "teleforce", id = 38137867, score = 12, time = Posix 1699068326000, title = "GiNaC: Open framework for symbolic computation within C++ programming language", type_ = "story", url = Just "https://www.ginac.de/tutorial/" }, { by = "keepamovin", id = 38126068, score = 39, time = Posix 1699001233000, title = "Liblinux – architecture-independent access to Linux system calls", type_ = "story", url = Just "https://github.com/matheusmoreira/liblinux" }, { by = "transpute", id = 38125379, score = 111, time = Posix 1698994522000, title = "Enable ARMv9 Memory Tagging Extension (MTE) on Pixel 8", type_ = "story", url = Just "https://outflux.net/blog/archives/2023/10/26/enable-mte-on-pixel-8/" }, { by = "benbreen", id = 38134303, score = 56, time = Posix 1699042066000, title = "Why is RC Cola popular in Tajikistan?", type_ = "story", url = Just "https://www.snackstack.net/p/why-is-rc-cola-popular-in-tajikistan" }, { by = "eternityforest", id = 38139236, score = 7, time = Posix 1699088114000, title = "Show HN: I started building yet another CSS framework", type_ = "story", url = Just "https://eternityforest.github.io/barrel.css/" }, { by = "alexmolas", id = 38126063, score = 85, time = Posix 1699001204000, title = "How to help someone use a computer (1996)", type_ = "story", url = Just "https://pages.gseis.ucla.edu/faculty/agre/how-to-help.html" }, { by = "thunderbong", id = 38139251, score = 193, time = Posix 1699088242000, title = "Is there anywhere in the world someone can just live for free?", type_ = "story", url = Just "https://reddit.com/r/NoStupidQuestions/comments/17mvukd/is_there_anywhere_in_the_world_someone_can_just/" }, { by = "sintax", id = 38135619, score = 84, time = Posix 1699049018000, title = "First Handset with MTE on the Market", type_ = "story", url = Just "https://googleprojectzero.blogspot.com/2023/11/first-handset-with-mte-on-market.html" }, { by = "bookofjoe", id = 38145402, score = 59, time = Posix 1699133880000, title = "Cats Make Nearly 300 Different Facial Expressions", type_ = "story", url = Just "https://www.smithsonianmag.com/smart-news/cats-make-nearly-300-different-facial-expressions-180983185/" }, { by = "notmysql_", id = 38123526, score = 147, time = Posix 1698977455000, title = "Email.radio – Free Email Domain for Licensed Ham Radio Operators", type_ = "story", url = Just "https://email.radio/" }, { by = "ColoursofOSINT", id = 38089342, score = 666, time = Posix 1698777232000, title = "macOS Sonoma Boot Failures", type_ = "story", url = Just "https://github.com/AsahiLinux/docs/wiki/macOS-Sonoma-Boot-Failures" }, { by = "threePointFive", id = 38136404, score = 98, time = Posix 1699054151000, title = "Telnet BBS Guide", type_ = "story", url = Just "https://www.telnetbbsguide.com/" }, { by = "leotravis10", id = 38144158, score = 69, time = Posix 1699125064000, title = "Discord will switch to temporary file links to block malware delivery", type_ = "story", url = Just "https://www.bleepingcomputer.com/news/security/discord-will-switch-to-temporary-file-links-to-block-malware-delivery/" }, { by = "mairindubh", id = 38133963, score = 201, time = Posix 1699040343000, title = "Podman Desktop v1.5 with Compose onboarding and enhanced Kubernetes pod data", type_ = "story", url = Just "https://podman-desktop.io/blog/podman-desktop-release-1.5" }, { by = "Brajeshwar", id = 38130870, score = 199, time = Posix 1699028113000, title = "Okta hit by third-party breach, stealing employee data", type_ = "story", url = Just "https://arstechnica.com/security/2023/11/okta-hit-by-another-breach-this-one-stealing-employee-data-from-3rd-party-vendor/" }, { by = "Petiver", id = 38122465, score = 124, time = Posix 1698970868000, title = "If you plant milkweed, they will come", type_ = "story", url = Just "https://www.nytimes.com/2023/10/25/realestate/gardening-milkweed-plants-butterflies.html" }, { by = "henrik_w", id = 38142632, score = 31, time = Posix 1699115914000, title = "Things I like about Zig as a Go Programmer", type_ = "story", url = Just "https://medium.com/@vladimirvivien/things-i-like-about-zig-as-a-go-programmer-75eb02aab00f" }, { by = "jandeboevrie", id = 38136590, score = 9, time = Posix 1699055875000, title = "Upgrading my Chumby 8 kernel part 7: touchscreen", type_ = "story", url = Just "https://www.downtowndougbrown.com/2023/11/upgrading-my-chumby-8-kernel-part-7-touchscreen/" }, { by = "sizzle", id = 38134181, score = 114, time = Posix 1699041510000, title = "Embracing community helps us live longer, and be happier (2017)", type_ = "story", url = Just "https://news.harvard.edu/gazette/story/2017/04/over-nearly-80-years-harvard-study-has-been-showing-how-to-live-a-healthy-and-happy-life/" }, { by = "sjm217", id = 38126997, score = 221, time = Posix 1699009722000, title = "Joint statement of scientists and NGOs on the EU’s proposed eIDAS reform", type_ = "story", url = Just "https://eidas-open-letter.org/" }, { by = "knight17", id = 38140012, score = 3, time = Posix 1699096900000, title = "A guide to home row mods with QMK", type_ = "story", url = Just "https://precondition.github.io/home-row-mods" }, { by = "pella", id = 38134257, score = 14, time = Posix 1699041813000, title = "Geospatial Technology Radar 2023", type_ = "story", url = Just "https://element84.com/geospatial-tech-radar-23" }, { by = "tomcam", id = 38138637, score = 49, time = Posix 1699078799000, title = "HBO CEO Confesses to Trolling Critics with Fake Tweets: Rolling Stone", type_ = "story", url = Just "https://www.rollingstone.com/tv-movies/tv-movie-news/hbo-ceo-casey-bloys-confesses-trolling-critics-fake-twitter-accounts-dumb-idea-1234868710/" }, { by = "Stratoscope", id = 38124998, score = 124, time = Posix 1698990518000, title = "Ken Mattingly, astronaut scrubbed from Apollo 13, has died", type_ = "story", url = Just "https://www.nytimes.com/2023/11/02/science/space/ken-mattingly-dead.html" }, { by = "rbanffy", id = 38120497, score = 146, time = Posix 1698960829000, title = "How big data carried graph theory into new dimensions", type_ = "story", url = Just "https://www.quantamagazine.org/how-big-data-carried-graph-theory-into-new-dimensions-20210819/" }, { by = "oppodeldoc", id = 38106461, score = 235, time = Posix 1698878878000, title = "Lemming Suicide Myth: Disney Film Faked Bogus Behavior", type_ = "story", url = Just "https://www.adfg.alaska.gov/index.cfm?adfg=wildlifenews.view_article&articles_id=56" }, { by = "mrzool", id = 38133632, score = 22, time = Posix 1699038680000, title = "The Future of RSS Is Textcasting", type_ = "story", url = Just "https://kottke.org/23/11/the-future-of-rss-is-textcasting-1" }, { by = "momirlan", id = 38121199, score = 113, time = Posix 1698964009000, title = "Auto industry executives admit electric vehicle plans are in jeopardy", type_ = "story", url = Just "https://www.businessinsider.com/auto-executives-coming-clean-evs-arent-working-2023-10" }, { by = "soheilpro", id = 38112951, score = 591, time = Posix 1698930333000, title = "Confusing Git Terminology", type_ = "story", url = Just "https://jvns.ca/blog/2023/11/01/confusing-git-terminology/" }, { by = "hackerbeat", id = 38089247, score = 645, time = Posix 1698776835000, title = "Copying Angry Birds with nothing but AI", type_ = "story", url = Just "https://twitter.com/javilopen/status/1719363262179938401" }, { by = "signa11", id = 38121765, score = 146, time = Posix 1698966832000, title = "Hyphens, minus, and dashes in Debian man pages", type_ = "story", url = Just "https://lwn.net/Articles/947941/" }, { by = "PaulHoule", id = 38127629, score = 91, time = Posix 1699014080000, title = "The Anthropogenic Salt Cycle", type_ = "story", url = Just "https://www.nature.com/articles/s43017-023-00485-y" }, { by = "jawns", id = 38140390, score = 117, time = Posix 1699100658000, title = "When to Shut Up: A Visual Guide (With Included Algorithm)", type_ = "story", url = Just "https://shaungallagher.pressbin.com/blog/shut-up.html" }, { by = "cstrahan", id = 38104554, score = 297, time = Posix 1698870262000, title = "macOS Sonoma Broke Grep", type_ = "story", url = Just "https://developer.apple.com/forums/thread/738862" }, { by = "todsacerdoti", id = 38095699, score = 335, time = Posix 1698826089000, title = "How Bear does analytics with CSS", type_ = "story", url = Just "https://herman.bearblog.dev/how-bear-does-analytics-with-css/" }, { by = "bikenaga", id = 38121261, score = 87, time = Posix 1698964276000, title = "Everything We Know About 1970s Mainframe RPGs We Can No Longer Play", type_ = "story", url = Just "http://crpgaddict.blogspot.com/2021/06/brief-everything-we-know-about-1970s.html" }, { by = "efface", id = 38105839, score = 200, time = Posix 1698875579000, title = "The business of extracting knowledge from academic publications", type_ = "story", url = Just "https://www.theseedsofscience.pub/p/the-business-of-extracting-knowledge" }, { by = "lagniappe", id = 38107711, score = 244, time = Posix 1698887782000, title = "Window-swap – open a new window somewhere in the world", type_ = "story", url = Just "https://www.window-swap.com/" }, { by = "cebert", id = 38126840, score = 80, time = Posix 1699008771000, title = "AMD Unveils Ryzen Mobile 7040U Series with Zen 4c Efficiency Cores", type_ = "story", url = Just "https://www.anandtech.com/show/21111/amd-unveils-ryzen-7040u-series-with-zen-4c-smaller-cores-bigger-efficiency" }, { by = "thunderbong", id = 38137917, score = 231, time = Posix 1699068894000, title = "YouTube's plan backfires, people are installing better ad blockers", type_ = "story", url = Just "https://www.androidauthority.com/youtube-ad-block-installs-3382289/" }, { by = "greenburger", id = 38142209, score = 56, time = Posix 1699113368000, title = "A carbohydrate revolution is speeding up pro cycling", type_ = "story", url = Just "https://velo.outsideonline.com/road/road-training/a-massive-change-how-a-carbohydrate-revolution-is-speeding-up-pro-cycling/" }, { by = "transpute", id = 38138908, score = 30, time = Posix 1699082923000, title = "Intel's CEO Admits to and Details the Company's Three Biggest Mistakes", type_ = "story", url = Just "https://www.tomshardware.com/pc-components/gpus/intels-ceo-admits-to-and-details-companies-three-biggest-mistakes" }, { by = "midnightdiesel", id = 38145062, score = 89, time = Posix 1699131540000, title = "GM's Cruise alleged to rely on human operators to achieve \"autonomous\" driving", type_ = "story", url = Just "https://www.nytimes.com/2023/11/03/technology/cruise-general-motors-self-driving-cars.html" }, { by = "donpott", id = 38130418, score = 674, time = Posix 1699025931000, title = "I trapped scammers in an impossible maze [video]", type_ = "story", url = Just "https://www.youtube.com/watch?v=dWzz3NeDz3E" }, { by = "franze", id = 38127131, score = 64, time = Posix 1699010723000, title = "999 Request Denied", type_ = "story", url = Just "https://http.dev/999" }, { by = "mnot", id = 38109494, score = 537, time = Posix 1698904662000, title = "Last Chance to fix eIDAS: Secret EU law threatens Internet security", type_ = "story", url = Just "https://last-chance-for-eidas.org/" }, { by = "kaypee901", id = 38134381, score = 148, time = Posix 1699042445000, title = "Microsoft is retiring Visual Studio for Mac in 2024", type_ = "story", url = Just "https://visualstudio.microsoft.com/vs/mac/" }, { by = "asicsp", id = 38124114, score = 83, time = Posix 1698982071000, title = "Translations of Russ Cox's Thompson NFA C Program to Rust", type_ = "story", url = Just "https://github.com/BurntSushi/rsc-regexp" }, { by = "lxm", id = 38115364, score = 74, time = Posix 1698940588000, title = "How to pronounce the trickiest English words", type_ = "story", url = Just "https://www.wsj.com/business/media/how-to-pronounce-english-words-julien-miquel-58581065" }, { by = "ingve", id = 38095276, score = 262, time = Posix 1698821169000, title = "Why ACPI?", type_ = "story", url = Just "https://mjg59.dreamwidth.org/68350.html" }, { by = "jeffreyjsatx", id = 38134389, score = 49, time = Posix 1699042503000, title = "Show HN: GitInsights – a weekly summary email of your team's GitHub activity", type_ = "story", url = Just "https://gitinsights.io/" }, { by = "scapecast", id = 38130060, score = 96, time = Posix 1699024561000, title = "Jevons paradox", type_ = "story", url = Just "https://en.wikipedia.org/wiki/Jevons_paradox" }, { by = "selvan", id = 38109020, score = 142, time = Posix 1698899569000, title = "WasmGC – Run GC languages such as Kotlin, Java in Chrome browser", type_ = "story", url = Just "https://developer.chrome.com/blog/wasmgc/" }, { by = "belter", id = 38144229, score = 34, time = Posix 1699125601000, title = "China's TikTok users are being told that Aristotle did not exist", type_ = "story", url = Just "https://www.scmp.com/news/china/science/article/3240339/aristotle-becomes-latest-casualty-chinas-narrative-war-west-scholar-questions-philosophers-existence" }, { by = "jongalloway2", id = 38122396, score = 227, time = Posix 1698970499000, title = "Audacity 3.4", type_ = "story", url = Just "https://www.audacityteam.org/blog/audacity-3-4/" }, { by = "bookofjoe", id = 38098779, score = 318, time = Posix 1698849513000, title = "Why doctors in America earn so much", type_ = "story", url = Just "https://www.economist.com/united-states/2023/10/31/why-doctors-in-america-earn-so-much" }, { by = "omarfarooq", id = 38093353, score = 274, time = Posix 1698800141000, title = "Distil-Whisper: distilled version of Whisper that is 6 times faster, 49% smaller", type_ = "story", url = Just "https://github.com/huggingface/distil-whisper" }, { by = "magoghm", id = 38146146, score = 11, time = Posix 1699139127000, title = "Pessimists Archive", type_ = "story", url = Just "https://pessimistsarchive.org/" }, { by = "gzer0", id = 38130309, score = 202, time = Posix 1699025430000, title = "GPT-4 Update: 32K Context Window Now for All Users", type_ = "story", url = Just "https://github.com/spdustin/ChatGPT-AutoExpert/blob/main/_system-prompts/all_tools.md" }, { by = "shcheklein", id = 38120493, score = 108, time = Posix 1698960803000, title = "ML Experiments Management with Git", type_ = "story", url = Just "https://github.com/iterative/dvc" }, { by = "ossusermivami", id = 38136155, score = 35, time = Posix 1699052157000, title = "You don't need a terminal emulator · Andrey Listopadov", type_ = "story", url = Just "https://andreyor.st/posts/2023-10-27-you-dont-need-a-terminal-emulator/" }, { by = "voisin", id = 38136314, score = 250, time = Posix 1699053413000, title = "Bayer hit with $332M judgement in Roundup cancer trial", type_ = "story", url = Just "https://fortune.com/2023/11/03/bayer-332-million-judgement-trial-man-cancer-decades-monsanto-roundup-weedkiller/" }, { by = "nolist_policy", id = 38143690, score = 58, time = Posix 1699121799000, title = "Openela releases Red Hat source code on GitHub", type_ = "story", url = Just "https://github.com/orgs/openela-main/repositories" }, { by = "olestr", id = 38126566, score = 12, time = Posix 1699005947000, title = "Deno 1.38: HTML doc generator and HMR", type_ = "story", url = Just "https://deno.com/blog/v1.38" }, { by = "mrngilles", id = 38140812, score = 8, time = Posix 1699104443000, title = "Ask HN: Infra people in small companies, what does your infra look like?", type_ = "story", url = Nothing }, { by = "weird_user", id = 38131460, score = 137, time = Posix 1699030348000, title = "Nuclear Conversion for Starship", type_ = "story", url = Just "http://toughsf.blogspot.com/2021/10/nuclear-conversion-for-starship.html" }, { by = "zdw", id = 38103616, score = 206, time = Posix 1698867036000, title = "Now you're thinking with relays", type_ = "story", url = Just "https://lcamtuf.substack.com/p/now-youre-thinking-with-relays" }, { by = "xrd", id = 38100541, score = 158, time = Posix 1698855712000, title = "Bank financing and bad urban planning make the retail apocalypse worse", type_ = "story", url = Just "https://www.businessinsider.com/bank-financing-urban-planning-pandemic-retail-apocalypse-vacant-storefront-2023-10" }, { by = "behnamoh", id = 38137463, score = 31, time = Posix 1699064107000, title = "How much it costs Apple to increase RAM size in Macs?", type_ = "story", url = Just "https://old.reddit.com/r/macbookpro/comments/17lwl0b/how_much_does_ram_cost_anyways/" }, { by = "bookofjoe", id = 38143578, score = 30, time = Posix 1699121054000, title = "Cup Noodles are now microwave-safe", type_ = "story", url = Just "https://www.washingtonpost.com/food/2023/11/03/cup-noodles-are-now-microwave-safe-so-they-werent-already/" }, { by = "johhns4", id = 38126764, score = 30, time = Posix 1699008086000, title = "What's the difference between LangChain, llama indexand others like autollm?", type_ = "story", url = Nothing }, { by = "gregorymichael", id = 38120097, score = 235, time = Posix 1698958954000, title = "Sally Ignore Previous Instructions", type_ = "story", url = Just "https://www.haihai.ai/pen15/" }, { by = "luu", id = 38121918, score = 81, time = Posix 1698967913000, title = "Enterprise-Fu", type_ = "story", url = Just "http://mike.daless.io/prez/enterprise-asbury-2013-10/slides.html" }, { by = "stanulilic", id = 38127560, score = 251, time = Posix 1699013703000, title = "Rwanda joins Kenya to initiate visa-free travel for all Africans", type_ = "story", url = Just "https://africa.businessinsider.com/local/leaders/from-barriers-to-unity-rwanda-joins-kenya-to-initiate-visa-free-travel-for-all/hhqe29q" }, { by = "g42gregory", id = 38108873, score = 792, time = Posix 1698897921000, title = "Yann LeCun: AI one-percenters seizing power forever is real doomsday scenario", type_ = "story", url = Just "https://www.businessinsider.com/sam-altman-and-demis-hassabis-just-want-to-control-ai-2023-10" }, { by = "Hydrocharged", id = 38108044, score = 161, time = Posix 1698890374000, title = "Show HN: DoltgreSQL – Version-Controlled DB, Like Git and PostgreSQL had a baby", type_ = "story", url = Just "https://github.com/dolthub/doltgresql" }, { by = "basic_banana", id = 38126160, score = 74, time = Posix 1699002078000, title = "Clash, a tool to break China's Great Fire Wall, is Deleted in GitHub", type_ = "story", url = Just "https://github.com/Dreamacro/clash" }, { by = "sbt567", id = 38108564, score = 40, time = Posix 1698894868000, title = "Vivo Unveils BlueOS, Based on Rust Language", type_ = "story", url = Just "https://sparrowsnews.com/2023/11/01/vivo-unveils-blueos-operating-system/" }, { by = "bindidwodtj", id = 38109327, score = 66, time = Posix 1698902867000, title = "Formalizing 100 Theorems", type_ = "story", url = Just "https://www.cs.ru.nl/~freek/100/" }, { by = "qsantos", id = 38125367, score = 184, time = Posix 1698994406000, title = "The Binder Linux driver is being rewritten in Rust", type_ = "story", url = Just "https://lore.kernel.org/rust-for-linux/20231101-rust-binder-v1-0-08ba9197f637@google.com/" }
    ╷
    │ Expect.equalLists was longer than
    ╵
    { by = "vyrotek", id = 38144400, score = 512, time = Posix 1699126731000, title = "NewPipe – Lightweight YouTube experience for Android", type_ = "story", url = Just "https://newpipe.net/" }, { by = "sillysaurusx", id = 38149093, score = 75, time = Posix 1699169400000, title = "LLM companies to access largest Chinese non-fiction book collection", type_ = "story", url = Just "https://annas-blog.org/duxiu-exclusive.html" }, { by = "scrlk", id = 38114943, score = 182, time = Posix 1698939114000, title = "Intel Itanium IA-64 Support Removed with the Linux 6.7 Kernel", type_ = "story", url = Just "https://www.phoronix.com/news/Intel-IA-64-Removed-Linux-6.7" }, { by = "luu", id = 38144772, score = 37, time = Posix 1699129495000, title = "Representations / strategies for noncooperative games with imperfect information [pdf]", type_ = "story", url = Just "https://www2.cs.sfu.ca/~bbart/personal/masters-thesis.pdf" }, { by = "kizunajp", id = 38146856, score = 57, time = Posix 1699145556000, title = "The First App Store", type_ = "story", url = Just "https://one-from-nippon.ghost.io/worlds-first-app-store/" }, { by = "dlock17", id = 38146154, score = 83, time = Posix 1699139194000, title = "Show HN: Gogosseract, a Go Lib for CGo-Free Tesseract OCR via Wazero", type_ = "story", url = Just "https://github.com/Danlock/gogosseract" }, { by = "sohkamyung", id = 38146382, score = 51, time = Posix 1699140957000, title = "Planes, Spheres and Pseudospheres", type_ = "story", url = Just "https://www.gregegan.net/SCIENCE/PSP/PSP.html" }, { by = "Tepix", id = 38141366, score = 557, time = Posix 1699108556000, title = "Othello Is Solved?", type_ = "story", url = Just "https://arxiv.org/abs/2310.19387" }, { by = "pranay01", id = 38148992, score = 1, time = Posix 1699167669000, title = "SigNoz (YC W21), open source observability platform, hiring SREs (Remote)", type_ = "job", url = Just "https://signoz.io/careers/site-reliability-engineer/" }, { by = "willswire", id = 38147438, score = 26, time = Posix 1699151020000, title = "Shadows Edge Software", type_ = "story", url = Just "https://www.shadowsedge.mil/What-We-Do/" }


↓ PostsConfigTests
↓ module Model.PostsConfig
↓ sortBy
✗ The final list is not sorted when sortBy is None

    { by = "vyrotek", id = 38144400, score = 512, time = Posix 1699126731000, title = "NewPipe – Lightweight YouTube experience for Android", type_ = "story", url = Just "https://newpipe.net/" }, { by = "sillysaurusx", id = 38149093, score = 75, time = Posix 1699169400000, title = "LLM companies to access largest Chinese non-fiction book collection", type_ = "story", url = Just "https://annas-blog.org/duxiu-exclusive.html" }, { by = "scrlk", id = 38114943, score = 182, time = Posix 1698939114000, title = "Intel Itanium IA-64 Support Removed with the Linux 6.7 Kernel", type_ = "story", url = Just "https://www.phoronix.com/news/Intel-IA-64-Removed-Linux-6.7" }, { by = "luu", id = 38144772, score = 37, time = Posix 1699129495000, title = "Representations / strategies for noncooperative games with imperfect information [pdf]", type_ = "story", url = Just "https://www2.cs.sfu.ca/~bbart/personal/masters-thesis.pdf" }, { by = "kizunajp", id = 38146856, score = 57, time = Posix 1699145556000, title = "The First App Store", type_ = "story", url = Just "https://one-from-nippon.ghost.io/worlds-first-app-store/" }, { by = "dlock17", id = 38146154, score = 83, time = Posix 1699139194000, title = "Show HN: Gogosseract, a Go Lib for CGo-Free Tesseract OCR via Wazero", type_ = "story", url = Just "https://github.com/Danlock/gogosseract" }, { by = "sohkamyung", id = 38146382, score = 51, time = Posix 1699140957000, title = "Planes, Spheres and Pseudospheres", type_ = "story", url = Just "https://www.gregegan.net/SCIENCE/PSP/PSP.html" }, { by = "Tepix", id = 38141366, score = 557, time = Posix 1699108556000, title = "Othello Is Solved?", type_ = "story", url = Just "https://arxiv.org/abs/2310.19387" }, { by = "pranay01", id = 38148992, score = 1, time = Posix 1699167669000, title = "SigNoz (YC W21), open source observability platform, hiring SREs (Remote)", type_ = "job", url = Just "https://signoz.io/careers/site-reliability-engineer/" }, { by = "willswire", id = 38147438, score = 26, time = Posix 1699151020000, title = "Shadows Edge Software", type_ = "story", url = Just "https://www.shadowsedge.mil/What-We-Do/" }, { by = "Brajeshwar", id = 38115128, score = 58, time = Posix 1698939817000, title = "Quadratic Reciprocity: The connection that changed number theory", type_ = "story", url = Just "https://www.quantamagazine.org/the-hidden-connection-that-changed-number-theory-20231101/" }, { by = "chriskrycho", id = 38145194, score = 65, time = Posix 1699132523000, title = "How to Do a TypeScript Conversion: an opinionated take on gradual conversions", type_ = "story", url = Just "https://v5.chriskrycho.com/journal/how-to-do-a-typescript-conversion/" }, { by = "scyzoryk_xyz", id = 38144266, score = 83, time = Posix 1699125874000, title = "FTC Chair Lina Khan looks for allies and leads in Silicon Valley charm offensive", type_ = "story", url = Just "https://www.reuters.com/business/ftc-chair-lina-khan-looks-allies-leads-silicon-valley-charm-offensive-2023-11-03/" }, { by = "badrabbit", id = 38147459, score = 96, time = Posix 1699151182000, title = "Topic: Discord Stealer", type_ = "story", url = Just "https://github.com/topics/discord-stealer" }, { by = "michelangelo", id = 38146122, score = 132, time = Posix 1699138933000, title = "SARS-CoV-2 Infection Affects Energy Stores in the Body, Causing Organ Failure", type_ = "story", url = Just "https://news.unchealthcare.org/2023/10/researchers-show-sars-cov-2-infection-affects-energy-stores-in-the-body-causing-organ-failure/" }, { by = "RadixDLT", id = 38146696, score = 102, time = Posix 1699143985000, title = "Soda additive linked to thyroid toxicity may finally get banned by FDA", type_ = "story", url = Just "https://arstechnica.com/health/2023/11/50-years-later-fda-proposes-banning-a-food-additive-it-said-is-not-safe/" }, { by = "bauta-steen", id = 38147052, score = 56, time = Posix 1699147453000, title = "BeeWare Toga v0.4.0 – A Python native, OS native GUI toolkit", type_ = "story", url = Just "https://github.com/beeware/toga/releases/tag/v0.4.0" }, { by = "selimthegrim", id = 38145054, score = 105, time = Posix 1699131495000, title = "The cottage industry of YouTube obituary pirates", type_ = "story", url = Just "https://www.wired.com/story/youtube-obituary-pirates/" }, { by = "PaulHoule", id = 38115221, score = 44, time = Posix 1698940132000, title = "Chemists, engineers craft adjustable arrays of microscopic lenses", type_ = "story", url = Just "https://phys.org/news/2023-10-chemists-craft-adjustable-arrays-microscopic.html" }, { by = "bricemo", id = 38146327, score = 62, time = Posix 1699140572000, title = "Disturbed Lands (National Park Service)", type_ = "story", url = Just "https://www.nps.gov/shen/learn/nature/disturbedlands.htm" }, { by = "benbreen", id = 38147981, score = 84, time = Posix 1699156421000, title = "The world nearly adopted a calendar with 13 months of 28 days", type_ = "story", url = Just "https://www.washingtonpost.com/history/2023/11/04/battle-sabbath-13-month-calendar/" }, { by = "belter", id = 38143984, score = 106, time = Posix 1699123807000, title = "AI and Open Source in 2023", type_ = "story", url = Just "https://magazine.sebastianraschka.com/p/ai-and-open-source-in-2023" }, { by = "elvis70", id = 38132016, score = 1114, time = Posix 1699032376000, title = "As I retire, my goal now is to release 40+ years of source code", type_ = "story", url = Just "https://dunfield.themindfactory.com/dnldsrc.htm" }, { by = "croes", id = 38145461, score = 122, time = Posix 1699134199000, title = "New Microsoft Exchange zero-days allow RCE, data theft attacks", type_ = "story", url = Just "https://www.bleepingcomputer.com/news/microsoft/new-microsoft-exchange-zero-days-allow-rce-data-theft-attacks/" }, { by = "zone411", id = 38148396, score = 125, time = Posix 1699160553000, title = "Grok", type_ = "story", url = Just "https://twitter.com/xai/status/1721027348970238035" }, { by = "edent", id = 38139687, score = 220, time = Posix 1699093638000, title = "A 6 channel GPS receiver from 1993", type_ = "story", url = Just "https://mastodon.sdf.org/@keelan/111349948124943603" }, { by = "stevefan1999", id = 38137373, score = 313, time = Posix 1699063305000, title = "AMD MicroBlaze V Processor: A Flexible and Efficient RISC-V Processor", type_ = "story", url = Just "https://www.xilinx.com/products/design-tools/microblaze-v.html" }, { by = "thunderbong", id = 38114871, score = 112, time = Posix 1698938877000, title = "Lahaina Noon", type_ = "story", url = Just "https://en.wikipedia.org/wiki/Lahaina_Noon" }, { by = "acifani", id = 38140242, score = 157, time = Posix 1699099310000, title = "Spin 2.0 – open-source tool for building and running WASM apps", type_ = "story", url = Just "https://www.fermyon.com/blog/introducing-spin-v2" }, { by = "mNovak", id = 38120388, score = 411, time = Posix 1698960362000, title = "Tell HN: Submit comments to IRS re tax treatment of software dev expenses", type_ = "story", url = Nothing }, { by = "the_v01d", id = 38145368, score = 11, time = Posix 1699133640000, title = "Show HN: A tiny and platform-agnostic true random number generator for FPGA/ASIC", type_ = "story", url = Just "https://github.com/stnolting/neoTRNG" }, { by = "belltaco", id = 38146837, score = 99, time = Posix 1699145268000, title = "Daylight saving time can seriously affect your health", type_ = "story", url = Just "https://apnews.com/article/daylight-saving-2023-fall-back-a3738d5c74301b8068825927c49fc6b4" }, { by = "asimpleusecase", id = 38146211, score = 46, time = Posix 1699139694000, title = "Delhi air pollution spikes to 100 times WHO health limit", type_ = "story", url = Just "https://www.theguardian.com/world/2023/nov/03/delhi-india-air-quality-pollution-spike-world-health-organization-limit" }, { by = "robomartin", id = 38148119, score = 5, time = Posix 1699157746000, title = "A game. The only winning move is not to play", type_ = "story", url = Nothing }, { by = "roody15", id = 38147606, score = 83, time = Posix 1699152889000, title = "Max is taking 4K away from its legacy ad-free subscribers", type_ = "story", url = Just "https://www.theverge.com/2023/11/2/23943859/max-4k-hbo-max-ad-free-subscribers" }, { by = "GOPbIHbI4", id = 38137879, score = 132, time = Posix 1699068531000, title = "Classes vs. structs in .NET: how not to teach about performance", type_ = "story", url = Just "https://sergeyteplyakov.github.io/Blog/benchmarking/2023/11/02/Performance_Comparison_For_Classes_vs_Structs.html" }, { by = "geox", id = 38115323, score = 68, time = Posix 1698940455000, title = "How “blue” and “green” appeared in a language that didn’t have words for them", type_ = "story", url = Just "https://news.mit.edu/2023/how-blue-and-green-appeared-language-1102" }, { by = "chen_dev", id = 38146738, score = 17, time = Posix 1699144434000, title = "Oracle Cloud Outage", type_ = "story", url = Nothing }, { by = "neustradamus", id = 38146711, score = 15, time = Posix 1699144150000, title = "Exim 4.97.0 – SMTP Mail Server – Message Transfer Agent (MTA)", type_ = "story", url = Just "https://www.exim.org/" }, { by = "meandave", id = 38144530, score = 82, time = Posix 1699127713000, title = "You're Gonna Need a Bigger Browser", type_ = "story", url = Just "https://berjon.com/bigger-browser/" }, { by = "kvnhn", id = 38138085, score = 157, time = Posix 1699071397000, title = "Making \"LCD, Please\"", type_ = "story", url = Just "https://dukope.com/devlogs/papers-please/lcdplease/" }, { by = "vintagedave", id = 38145097, score = 17, time = Posix 1699131874000, title = "Interview with a Gladiatrix", type_ = "story", url = Just "https://antigonejournal.com/2023/10/modern-roman-gladiatrix/" }, { by = "dgudkov", id = 38146809, score = 6, time = Posix 1699145056000, title = "Towards Modern Development of Cloud Applications [pdf]", type_ = "story", url = Just "https://sigops.org/s/conferences/hotos/2023/papers/ghemawat.pdf" }, { by = "lxm", id = 38137377, score = 224, time = Posix 1699063376000, title = "A blog post is a long and complex search query to find people (2022)", type_ = "story", url = Just "https://www.henrikkarlsson.xyz/p/search-query" }, { by = "danboarder", id = 38143369, score = 68, time = Posix 1699119933000, title = "After decades of dreams, a commercial spaceplane is almost ready to fly", type_ = "story", url = Just "https://arstechnica.com/space/2023/11/after-decades-of-dreams-a-commercial-spaceplane-is-almost-ready-to-fly/" }, { by = "rom1v", id = 38143818, score = 110, time = Posix 1699122631000, title = "Scrcpy 2.2 adds Android camera mirroring", type_ = "story", url = Just "https://github.com/Genymobile/scrcpy/releases/tag/v2.2" }, { by = "kristianp", id = 38148171, score = 52, time = Posix 1699158216000, title = "SpaceX poised for 'mid-November' launch of second Starship test flight", type_ = "story", url = Just "https://spaceflightnow.com/2023/11/04/spacex-poised-for-mid-november-of-second-starship-test-launch/" }, { by = "iamflimflam1", id = 38142606, score = 160, time = Posix 1699115786000, title = "I need more USB power", type_ = "story", url = Just "https://atomic14.substack.com/p/i-need-more-usb-power" }, { by = "guiambros", id = 38147815, score = 8, time = Posix 1699155085000, title = "Ancient coins have been found off Sardinia, probably from shipwreck", type_ = "story", url = Just "https://apnews.com/article/italy-ancient-coins-sardinia-divers-cabdfa070d37a8020f874dd90c0a2433" }, { by = "georgehill", id = 38144124, score = 65, time = Posix 1699124835000, title = "C++ Sudoku Solver by Singapore PM Lee Hsien Loong", type_ = "story", url = Just "https://twitter.com/adad8m/status/1720822885496049863" }, { by = "samclemens", id = 38144584, score = 91, time = Posix 1699128056000, title = "Lapham's Quarterly Is on Hiatus", type_ = "story", url = Just "https://www.laphamsquarterly.org/roundtable/hiatus" }, { by = "oferzelig", id = 38148691, score = 6, time = Posix 1699163845000, title = "X.ai Grok", type_ = "story", url = Just "https://grok.x.ai/" }, { by = "alexzeitler", id = 38134861, score = 219, time = Posix 1699044810000, title = "Asciinema: Record and share your terminal sessions, the simple way", type_ = "story", url = Just "https://asciinema.org/" }, { by = "perihelions", id = 38121250, score = 605, time = Posix 1698964208000, title = "In 1886, the US commissioned watercolor paintings of every known fruit (2019)", type_ = "story", url = Just "https://www.openculture.com/2019/06/the-us-government-commissioned-7500-watercolor-paintings.html" }, { by = "ShMcK", id = 38128699, score = 467, time = Posix 1699019273000, title = "No dogs were harmed in the making of this app", type_ = "story", url = Just "https://shmck.substack.com/p/no-dogs-were-harmed-in-the-making" }, { by = "kiyanwang", id = 38125348, score = 417, time = Posix 1698994231000, title = "Bringing garbage collected programming languages efficiently to WebAssembly", type_ = "story", url = Just "https://v8.dev/blog/wasm-gc-porting" }, { by = "_Microft", id = 38135265, score = 225, time = Posix 1699047160000, title = "Wooden Game Boy", type_ = "story", url = Just "https://there.oughta.be/a/wooden-game-boy" }, { by = "bookofjoe", id = 38114382, score = 80, time = Posix 1698937118000, title = "The Apple II Circuit Description (1983)", type_ = "story", url = Just "https://archive.org/details/taiicd" }, { by = "przmk", id = 38144417, score = 304, time = Posix 1699126785000, title = "Bevy 0.12", type_ = "story", url = Just "https://bevyengine.org/news/bevy-0-12/" }, { by = "Terretta", id = 38136863, score = 203, time = Posix 1699058450000, title = "Telling GPT-4 you're scared or under pressure improves performance", type_ = "story", url = Just "https://aimodels.substack.com/p/telling-gpt-4-youre-scared-or-under" }, { by = "donohoe", id = 38122061, score = 1952, time = Posix 1698968957000, title = "Sam Bankman-Fried Convicted", type_ = "story", url = Just "https://www.nytimes.com/live/2023/11/02/business/sam-bankman-fried-trial" }, { by = "austinallegro", id = 38135810, score = 188, time = Posix 1699050091000, title = "Surround sound test files for every audio format", type_ = "story", url = Just "https://drive.google.com/drive/folders/1JxmeedtAtgmoafXv9rroiDOS2vEX7N4b" }, { by = "belter", id = 38146339, score = 128, time = Posix 1699140638000, title = "Tesla strike widens as Swedish union expands blockade", type_ = "story", url = Just "https://www.thelocal.se/20231103/tesla-strike-widens-as-swedish-union-expands-blockade" }, { by = "Vigier", id = 38137750, score = 15, time = Posix 1699067013000, title = "Rāhui and the Art of Marine Conservation", type_ = "story", url = Just "https://hakaimagazine.com/features/rahui-and-the-art-of-marine-conservation/" }, { by = "diodorus", id = 38137713, score = 81, time = Posix 1699066588000, title = "Large-scale violence in Late Neolithic Western Europe based on skeletal evidence", type_ = "story", url = Just "https://www.nature.com/articles/s41598-023-43026-9" }, { by = "wjSgoWPm5bWAhXB", id = 38127906, score = 224, time = Posix 1699015662000, title = "First observation of a virus attaching to another virus", type_ = "story", url = Just "https://umbc.edu/stories/first-observed-virus-attaching-to-another/" }, { by = "leidenfrost", id = 38141173, score = 185, time = Posix 1699107231000, title = "KDE desktop cube effect returns", type_ = "story", url = Just "https://www.phoronix.com/news/KDE-Wayland-Color-Mgmt" }, { by = "kbns", id = 38142734, score = 49, time = Posix 1699116526000, title = "Searching for hidden silicon art on a microchip", type_ = "story", url = Just "https://twitter.com/microscopicture/status/1720837951238636018" }, { by = "MilnerRoute", id = 38146445, score = 19, time = Posix 1699141527000, title = "U.S. cities consider banning \"right on red\" laws amid rise in pedestrian deaths", type_ = "story", url = Just "https://www.cbsnews.com/news/pedestrian-deaths-right-on-red-ban/" }, { by = "elisaado", id = 38141320, score = 195, time = Posix 1699108277000, title = "Paste without formatting on macOS", type_ = "story", url = Just "https://scottswezey.com/always-paste-without-formatting-macos/" }, { by = "jart", id = 38101613, score = 1187, time = Posix 1698859540000, title = "Cosmopolitan Third Edition", type_ = "story", url = Just "https://justine.lol/cosmo3/" }, { by = "pndy", id = 38110679, score = 126, time = Posix 1698915300000, title = "Bibi-binary", type_ = "story", url = Just "https://en.wikipedia.org/wiki/Bibi-binary" }, { by = "intunderflow", id = 38144047, score = 57, time = Posix 1699124257000, title = "UK plans to redefine extremism to include undermining the country", type_ = "story", url = Just "https://www.theguardian.com/uk-news/2023/nov/04/plans-to-redefine-extremism-would-include-undermining-uk-values" }, { by = "Tomte", id = 38117556, score = 453, time = Posix 1698947997000, title = "Light can make water evaporate without heat", type_ = "story", url = Just "https://news.mit.edu/2023/surprising-finding-light-makes-water-evaporate-without-heat-1031" }, { by = "nullhole", id = 38141328, score = 13, time = Posix 1699108323000, title = "The Trust Principles", type_ = "story", url = Just "https://www.thomsonreuters.com/en/about-us/trust-principles.html" }, { by = "mooreds", id = 38140217, score = 15, time = Posix 1699099081000, title = "Coding in Public: Help Battle Imposter Syndrome and Inspire Others", type_ = "story", url = Just "https://www.codingtemple.com/blog/coding-in-public-help-battle-imposter-syndrome-and-inspire-others/" }, { by = "jlpcsl", id = 38143180, score = 257, time = Posix 1699118819000, title = "Software that supports your body should always respect your freedom", type_ = "story", url = Just "https://www.fsf.org/blogs/community/software-that-supports-your-body-should-always-respect-your-freedom" }, { by = "rblank", id = 38133134, score = 117, time = Posix 1699037104000, title = "Show HN: MicroLua – Lua for the RP2040 Microcontroller", type_ = "story", url = Just "https://github.com/MicroLua/MicroLua" }, { by = "eastdakota", id = 38138640, score = 451, time = Posix 1699078841000, title = "Post Mortem on Cloudflare Control Plane and Analytics Outage", type_ = "story", url = Just "https://blog.cloudflare.com/post-mortem-on-cloudflare-control-plane-and-analytics-outage/" }, { by = "nateb2022", id = 38136607, score = 543, time = Posix 1699055994000, title = "Portugal. The Man – Official Website Is a Google Sheets Document", type_ = "story", url = Just "https://www.portugaltheman.com/?frontpage=true" }, { by = "ingve", id = 38125771, score = 212, time = Posix 1698998390000, title = "M3 Macs: there's more to performance than counting cores", type_ = "story", url = Just "https://eclecticlight.co/2023/11/03/m3-macs-theres-more-to-performance-than-counting-cores/" }, { by = "Thevet", id = 38133699, score = 43, time = Posix 1699038883000, title = "What is a Teddy Roosevelt presidential library doing in North Dakota?", type_ = "story", url = Just "https://www.nytimes.com/2023/10/27/arts/theodore-roosevelt-presidential-library.html" }, { by = "vincelt", id = 38141913, score = 5, time = Posix 1699111577000, title = "You Are Not Late (2014)", type_ = "story", url = Just "https://kk.org/thetechnium/you-are-not-late/" }, { by = "simonebrunozzi", id = 38140697, score = 156, time = Posix 1699103265000, title = "Shinzo Abe's Assassination", type_ = "story", url = Just "https://www.theatlantic.com/magazine/archive/2023/10/shinzo-abe-assassination-japan-unification-church-moonies/675114/" }, { by = "goranmoomin", id = 38137975, score = 101, time = Posix 1699069571000, title = "Sometimes, it is a compiler bug (2022)", type_ = "story", url = Just "https://quick-lint-js.com/blog/bug-journey/" }, { by = "andyfrancis", id = 38130089, score = 154, time = Posix 1699024665000, title = "Guide to Adopting AV1 Encoding", type_ = "story", url = Just "https://bitmovin.com/av1/av1-encoding-guide/" }, { by = "lawgimenez", id = 38146887, score = 7, time = Posix 1699145876000, title = "Ask HN: Where do you get your health news?", type_ = "story", url = Nothing }, { by = "zdw", id = 38142586, score = 37, time = Posix 1699115620000, title = "Mass producing the most expensive rice cooker [video]", type_ = "story", url = Just "https://www.youtube.com/watch?v=xLCwr8qG1p4" }, { by = "clouddrover", id = 38135029, score = 32, time = Posix 1699045679000, title = "Codec Royalties on Content and the Jaws Moment", type_ = "story", url = Just "https://streaminglearningcenter.com/codecs/codec-royalties-on-content.html" }, { by = "tintinnabula", id = 38119463, score = 139, time = Posix 1698956195000, title = "Louis Armstrong's Last Word", type_ = "story", url = Just "https://www.thenation.com/article/culture/louis-armstrong-archive/" }, { by = "austinallegro", id = 38136041, score = 111, time = Posix 1699051418000, title = "The Sega Hitachi HiSaturn Navi Console", type_ = "story", url = Just "https://nfggames.com/games/hisaturn/" }, { by = "nixass", id = 38146676, score = 124, time = Posix 1699143820000, title = "My experience taking Tesla to court about FSD", type_ = "story", url = Just "https://teslamotorsclub.com/tmc/threads/my-experience-taking-tesla-to-court-about-fsd.315086/" }, { by = "Tomte", id = 38126623, score = 179, time = Posix 1699006623000, title = "Pix2tex: Using a ViT to convert images of equations into LaTeX code", type_ = "story", url = Just "https://github.com/lukas-blecher/LaTeX-OCR" }, { by = "plurby", id = 38110072, score = 470, time = Posix 1698910353000, title = "Talk-Llama", type_ = "story", url = Just "https://github.com/ggerganov/whisper.cpp/tree/master/examples/talk-llama" }, { by = "pierre-renaux", id = 38140833, score = 145, time = Posix 1699104640000, title = "Cooperative C++ Evolution – Toward a TypeScript for C++", type_ = "story", url = Just "https://herbsutter.com/2023/10/09/my-new-cppcon-talk-is-on-youtube-cooperative-c-evolution-toward-a-typescript-for-c/" }, { by = "petabyt", id = 38137119, score = 35, time = Posix 1699060729000, title = "The StahlDream", type_ = "story", url = Just "https://remexre.com/stahl/dream" }, { by = "thunderbong", id = 38125256, score = 112, time = Posix 1698993413000, title = "Frink is a programming language designed to make physical calculations simple", type_ = "story", url = Just "https://frinklang.org/" }, { by = "ourmandave", id = 38147278, score = 38, time = Posix 1699149573000, title = "SBF Is Headed to Prison but FTX Will Haunt the Crypto Community for Years", type_ = "story", url = Just "https://gizmodo.com/ftx-fbi-sam-bankman-fried-cryptocurrency-data-1850990825" }, { by = "Tomte", id = 38134935, score = 59, time = Posix 1699045201000, title = "Yorick is an interpreted programming language for scientific simulations", type_ = "story", url = Just "https://yorick.sourceforge.net/" }, { by = "raybb", id = 38141006, score = 149, time = Posix 1699106066000, title = "Starfish bodies aren’t bodies at all, study finds", type_ = "story", url = Just "https://www.cnn.com/2023/11/02/world/starfish-head-body-plan-scn/index.html" }, { by = "eXpl0it3r", id = 38145274, score = 7, time = Posix 1699133056000, title = "SFML 2.6.1", type_ = "story", url = Just "https://github.com/SFML/SFML/releases/tag/2.6.1" }, { by = "oalders", id = 38136211, score = 21, time = Posix 1699052539000, title = "Running Mod_Perl with Mojolicious in Docker", type_ = "story", url = Just "https://rawley.xyz/docker-mod-perl.html" }, { by = "belter", id = 38141433, score = 67, time = Posix 1699108947000, title = "The Great Inflation", type_ = "story", url = Just "https://www.federalreservehistory.org/essays/great-inflation" }, { by = "apsec112", id = 38122631, score = 174, time = Posix 1698971680000, title = "MetNet-3: A state-of-the-art neural weather model", type_ = "story", url = Just "https://blog.research.google/2023/11/metnet-3-state-of-art-neural-weather.html?m=1" }, { by = "dangoldin", id = 38118577, score = 264, time = Posix 1698952545000, title = "From S3 to R2: An economic opportunity", type_ = "story", url = Just "https://dansdatathoughts.substack.com/p/from-s3-to-r2-an-economic-opportunity" }, { by = "whoishiring", id = 38099086, score = 481, time = Posix 1698850843000, title = "Ask HN: Who is hiring? (November 2023)", type_ = "story", url = Nothing }, { by = "Zolomon", id = 38120598, score = 208, time = Posix 1698961263000, title = "Course using F#: Write your own tiny programming system(s)", type_ = "story", url = Just "https://d3s.mff.cuni.cz/teaching/nprg077/" }, { by = "belter", id = 38144707, score = 11, time = Posix 1699128971000, title = "Astra, low on cash, defaults on loan", type_ = "story", url = Just "https://spacenews.com/astra-low-on-cash-defaults-on-loan/" }, { by = "derbOac", id = 38138187, score = 204, time = Posix 1699072786000, title = "Maersk to cut 10k jobs as shipping demand drops", type_ = "story", url = Just "https://www.reuters.com/business/shipping-giant-maersk-q3-above-expectation-sees-fy-lower-end-range-2023-11-03/" }, { by = "stonepresto", id = 38145205, score = 52, time = Posix 1699132571000, title = "Welcome to the New GamersNexus Website v5.0: A Message", type_ = "story", url = Just "https://gamersnexus.net/gn-extras/welcome-new-gamersnexus-website-v50-message" }, { by = "ericdanielski", id = 38139011, score = 252, time = Posix 1699084788000, title = "How to stop adulterated turmeric from killing people", type_ = "story", url = Just "https://www.economist.com/leaders/2023/11/02/how-to-stop-turmeric-from-killing-people" }, { by = "prismatic", id = 38132331, score = 38, time = Posix 1699033599000, title = "The Miracle of Photography", type_ = "story", url = Just "https://themillions.com/2023/11/the-miracle-of-photography.html" }, { by = "dguo", id = 38135892, score = 71, time = Posix 1699050542000, title = "Edison Bulb Night Mode", type_ = "story", url = Just "https://www.petemillspaugh.com/edison-bulb" }, { by = "nabla9", id = 38111449, score = 155, time = Posix 1698921003000, title = "RegEx Crossword (2013)", type_ = "story", url = Just "https://jimbly.github.io/regex-crossword/" }, { by = "picture", id = 38136783, score = 65, time = Posix 1699057669000, title = "CPU-Z's Inadequate Benchmark", type_ = "story", url = Just "https://chipsandcheese.com/2023/11/03/cpu-zs-inadequate-benchmark/" }, { by = "11thEarlOfMar", id = 38146443, score = 29, time = Posix 1699141489000, title = "DEA Launches Crack Down on San Francisco Fentanyl Dealing", type_ = "story", url = Just "https://abc7news.com/sf-fentanyl-drug-dealers-all-hands-of-deck-operation-sfpd/14006658/" }, { by = "PaulHoule", id = 38136689, score = 205, time = Posix 1699056717000, title = "Uranium demand hits decade high as nuclear renaissance gains traction", type_ = "story", url = Just "https://oilprice.com/The-Environment/Global-Warming/Uranium-Demand-Hits-Decade-High-As-Nuclear-Renaissance-Gains-Traction.html" }, { by = "EvgeniyZh", id = 38134120, score = 56, time = Posix 1699041189000, title = "Accelerating digital block design with Google's open source Mid-Level Synthesis", type_ = "story", url = Just "https://antmicro.com/blog/2023/09/accelerating-digital-block-design-with-googles-xls/" }, { by = "kennyfrc", id = 38143844, score = 26, time = Posix 1699122816000, title = "Show HN: Cami.js – A No Build, Web Component Based Reactive Framework", type_ = "story", url = Just "https://github.com/kennyfrc/cami.js" }, { by = "abahlo", id = 38126210, score = 177, time = Posix 1699002633000, title = "Why You Should Write Your Own Static Site Generator", type_ = "story", url = Just "https://arne.me/articles/write-your-own-ssg" }, { by = "teleforce", id = 38137867, score = 12, time = Posix 1699068326000, title = "GiNaC: Open framework for symbolic computation within C++ programming language", type_ = "story", url = Just "https://www.ginac.de/tutorial/" }, { by = "keepamovin", id = 38126068, score = 39, time = Posix 1699001233000, title = "Liblinux – architecture-independent access to Linux system calls", type_ = "story", url = Just "https://github.com/matheusmoreira/liblinux" }, { by = "transpute", id = 38125379, score = 111, time = Posix 1698994522000, title = "Enable ARMv9 Memory Tagging Extension (MTE) on Pixel 8", type_ = "story", url = Just "https://outflux.net/blog/archives/2023/10/26/enable-mte-on-pixel-8/" }, { by = "benbreen", id = 38134303, score = 56, time = Posix 1699042066000, title = "Why is RC Cola popular in Tajikistan?", type_ = "story", url = Just "https://www.snackstack.net/p/why-is-rc-cola-popular-in-tajikistan" }, { by = "eternityforest", id = 38139236, score = 7, time = Posix 1699088114000, title = "Show HN: I started building yet another CSS framework", type_ = "story", url = Just "https://eternityforest.github.io/barrel.css/" }, { by = "alexmolas", id = 38126063, score = 85, time = Posix 1699001204000, title = "How to help someone use a computer (1996)", type_ = "story", url = Just "https://pages.gseis.ucla.edu/faculty/agre/how-to-help.html" }, { by = "thunderbong", id = 38139251, score = 193, time = Posix 1699088242000, title = "Is there anywhere in the world someone can just live for free?", type_ = "story", url = Just "https://reddit.com/r/NoStupidQuestions/comments/17mvukd/is_there_anywhere_in_the_world_someone_can_just/" }, { by = "sintax", id = 38135619, score = 84, time = Posix 1699049018000, title = "First Handset with MTE on the Market", type_ = "story", url = Just "https://googleprojectzero.blogspot.com/2023/11/first-handset-with-mte-on-market.html" }, { by = "bookofjoe", id = 38145402, score = 59, time = Posix 1699133880000, title = "Cats Make Nearly 300 Different Facial Expressions", type_ = "story", url = Just "https://www.smithsonianmag.com/smart-news/cats-make-nearly-300-different-facial-expressions-180983185/" }, { by = "notmysql_", id = 38123526, score = 147, time = Posix 1698977455000, title = "Email.radio – Free Email Domain for Licensed Ham Radio Operators", type_ = "story", url = Just "https://email.radio/" }, { by = "ColoursofOSINT", id = 38089342, score = 666, time = Posix 1698777232000, title = "macOS Sonoma Boot Failures", type_ = "story", url = Just "https://github.com/AsahiLinux/docs/wiki/macOS-Sonoma-Boot-Failures" }, { by = "threePointFive", id = 38136404, score = 98, time = Posix 1699054151000, title = "Telnet BBS Guide", type_ = "story", url = Just "https://www.telnetbbsguide.com/" }, { by = "leotravis10", id = 38144158, score = 69, time = Posix 1699125064000, title = "Discord will switch to temporary file links to block malware delivery", type_ = "story", url = Just "https://www.bleepingcomputer.com/news/security/discord-will-switch-to-temporary-file-links-to-block-malware-delivery/" }, { by = "mairindubh", id = 38133963, score = 201, time = Posix 1699040343000, title = "Podman Desktop v1.5 with Compose onboarding and enhanced Kubernetes pod data", type_ = "story", url = Just "https://podman-desktop.io/blog/podman-desktop-release-1.5" }, { by = "Brajeshwar", id = 38130870, score = 199, time = Posix 1699028113000, title = "Okta hit by third-party breach, stealing employee data", type_ = "story", url = Just "https://arstechnica.com/security/2023/11/okta-hit-by-another-breach-this-one-stealing-employee-data-from-3rd-party-vendor/" }, { by = "Petiver", id = 38122465, score = 124, time = Posix 1698970868000, title = "If you plant milkweed, they will come", type_ = "story", url = Just "https://www.nytimes.com/2023/10/25/realestate/gardening-milkweed-plants-butterflies.html" }, { by = "henrik_w", id = 38142632, score = 31, time = Posix 1699115914000, title = "Things I like about Zig as a Go Programmer", type_ = "story", url = Just "https://medium.com/@vladimirvivien/things-i-like-about-zig-as-a-go-programmer-75eb02aab00f" }, { by = "jandeboevrie", id = 38136590, score = 9, time = Posix 1699055875000, title = "Upgrading my Chumby 8 kernel part 7: touchscreen", type_ = "story", url = Just "https://www.downtowndougbrown.com/2023/11/upgrading-my-chumby-8-kernel-part-7-touchscreen/" }, { by = "sizzle", id = 38134181, score = 114, time = Posix 1699041510000, title = "Embracing community helps us live longer, and be happier (2017)", type_ = "story", url = Just "https://news.harvard.edu/gazette/story/2017/04/over-nearly-80-years-harvard-study-has-been-showing-how-to-live-a-healthy-and-happy-life/" }, { by = "sjm217", id = 38126997, score = 221, time = Posix 1699009722000, title = "Joint statement of scientists and NGOs on the EU’s proposed eIDAS reform", type_ = "story", url = Just "https://eidas-open-letter.org/" }, { by = "knight17", id = 38140012, score = 3, time = Posix 1699096900000, title = "A guide to home row mods with QMK", type_ = "story", url = Just "https://precondition.github.io/home-row-mods" }, { by = "pella", id = 38134257, score = 14, time = Posix 1699041813000, title = "Geospatial Technology Radar 2023", type_ = "story", url = Just "https://element84.com/geospatial-tech-radar-23" }, { by = "tomcam", id = 38138637, score = 49, time = Posix 1699078799000, title = "HBO CEO Confesses to Trolling Critics with Fake Tweets: Rolling Stone", type_ = "story", url = Just "https://www.rollingstone.com/tv-movies/tv-movie-news/hbo-ceo-casey-bloys-confesses-trolling-critics-fake-twitter-accounts-dumb-idea-1234868710/" }, { by = "Stratoscope", id = 38124998, score = 124, time = Posix 1698990518000, title = "Ken Mattingly, astronaut scrubbed from Apollo 13, has died", type_ = "story", url = Just "https://www.nytimes.com/2023/11/02/science/space/ken-mattingly-dead.html" }, { by = "rbanffy", id = 38120497, score = 146, time = Posix 1698960829000, title = "How big data carried graph theory into new dimensions", type_ = "story", url = Just "https://www.quantamagazine.org/how-big-data-carried-graph-theory-into-new-dimensions-20210819/" }, { by = "oppodeldoc", id = 38106461, score = 235, time = Posix 1698878878000, title = "Lemming Suicide Myth: Disney Film Faked Bogus Behavior", type_ = "story", url = Just "https://www.adfg.alaska.gov/index.cfm?adfg=wildlifenews.view_article&articles_id=56" }, { by = "mrzool", id = 38133632, score = 22, time = Posix 1699038680000, title = "The Future of RSS Is Textcasting", type_ = "story", url = Just "https://kottke.org/23/11/the-future-of-rss-is-textcasting-1" }, { by = "momirlan", id = 38121199, score = 113, time = Posix 1698964009000, title = "Auto industry executives admit electric vehicle plans are in jeopardy", type_ = "story", url = Just "https://www.businessinsider.com/auto-executives-coming-clean-evs-arent-working-2023-10" }, { by = "soheilpro", id = 38112951, score = 591, time = Posix 1698930333000, title = "Confusing Git Terminology", type_ = "story", url = Just "https://jvns.ca/blog/2023/11/01/confusing-git-terminology/" }, { by = "hackerbeat", id = 38089247, score = 645, time = Posix 1698776835000, title = "Copying Angry Birds with nothing but AI", type_ = "story", url = Just "https://twitter.com/javilopen/status/1719363262179938401" }, { by = "signa11", id = 38121765, score = 146, time = Posix 1698966832000, title = "Hyphens, minus, and dashes in Debian man pages", type_ = "story", url = Just "https://lwn.net/Articles/947941/" }, { by = "PaulHoule", id = 38127629, score = 91, time = Posix 1699014080000, title = "The Anthropogenic Salt Cycle", type_ = "story", url = Just "https://www.nature.com/articles/s43017-023-00485-y" }, { by = "jawns", id = 38140390, score = 117, time = Posix 1699100658000, title = "When to Shut Up: A Visual Guide (With Included Algorithm)", type_ = "story", url = Just "https://shaungallagher.pressbin.com/blog/shut-up.html" }, { by = "cstrahan", id = 38104554, score = 297, time = Posix 1698870262000, title = "macOS Sonoma Broke Grep", type_ = "story", url = Just "https://developer.apple.com/forums/thread/738862" }, { by = "todsacerdoti", id = 38095699, score = 335, time = Posix 1698826089000, title = "How Bear does analytics with CSS", type_ = "story", url = Just "https://herman.bearblog.dev/how-bear-does-analytics-with-css/" }, { by = "bikenaga", id = 38121261, score = 87, time = Posix 1698964276000, title = "Everything We Know About 1970s Mainframe RPGs We Can No Longer Play", type_ = "story", url = Just "http://crpgaddict.blogspot.com/2021/06/brief-everything-we-know-about-1970s.html" }, { by = "efface", id = 38105839, score = 200, time = Posix 1698875579000, title = "The business of extracting knowledge from academic publications", type_ = "story", url = Just "https://www.theseedsofscience.pub/p/the-business-of-extracting-knowledge" }, { by = "lagniappe", id = 38107711, score = 244, time = Posix 1698887782000, title = "Window-swap – open a new window somewhere in the world", type_ = "story", url = Just "https://www.window-swap.com/" }, { by = "cebert", id = 38126840, score = 80, time = Posix 1699008771000, title = "AMD Unveils Ryzen Mobile 7040U Series with Zen 4c Efficiency Cores", type_ = "story", url = Just "https://www.anandtech.com/show/21111/amd-unveils-ryzen-7040u-series-with-zen-4c-smaller-cores-bigger-efficiency" }, { by = "thunderbong", id = 38137917, score = 231, time = Posix 1699068894000, title = "YouTube's plan backfires, people are installing better ad blockers", type_ = "story", url = Just "https://www.androidauthority.com/youtube-ad-block-installs-3382289/" }, { by = "greenburger", id = 38142209, score = 56, time = Posix 1699113368000, title = "A carbohydrate revolution is speeding up pro cycling", type_ = "story", url = Just "https://velo.outsideonline.com/road/road-training/a-massive-change-how-a-carbohydrate-revolution-is-speeding-up-pro-cycling/" }, { by = "transpute", id = 38138908, score = 30, time = Posix 1699082923000, title = "Intel's CEO Admits to and Details the Company's Three Biggest Mistakes", type_ = "story", url = Just "https://www.tomshardware.com/pc-components/gpus/intels-ceo-admits-to-and-details-companies-three-biggest-mistakes" }, { by = "midnightdiesel", id = 38145062, score = 89, time = Posix 1699131540000, title = "GM's Cruise alleged to rely on human operators to achieve \"autonomous\" driving", type_ = "story", url = Just "https://www.nytimes.com/2023/11/03/technology/cruise-general-motors-self-driving-cars.html" }, { by = "donpott", id = 38130418, score = 674, time = Posix 1699025931000, title = "I trapped scammers in an impossible maze [video]", type_ = "story", url = Just "https://www.youtube.com/watch?v=dWzz3NeDz3E" }, { by = "franze", id = 38127131, score = 64, time = Posix 1699010723000, title = "999 Request Denied", type_ = "story", url = Just "https://http.dev/999" }, { by = "mnot", id = 38109494, score = 537, time = Posix 1698904662000, title = "Last Chance to fix eIDAS: Secret EU law threatens Internet security", type_ = "story", url = Just "https://last-chance-for-eidas.org/" }, { by = "kaypee901", id = 38134381, score = 148, time = Posix 1699042445000, title = "Microsoft is retiring Visual Studio for Mac in 2024", type_ = "story", url = Just "https://visualstudio.microsoft.com/vs/mac/" }, { by = "asicsp", id = 38124114, score = 83, time = Posix 1698982071000, title = "Translations of Russ Cox's Thompson NFA C Program to Rust", type_ = "story", url = Just "https://github.com/BurntSushi/rsc-regexp" }, { by = "lxm", id = 38115364, score = 74, time = Posix 1698940588000, title = "How to pronounce the trickiest English words", type_ = "story", url = Just "https://www.wsj.com/business/media/how-to-pronounce-english-words-julien-miquel-58581065" }, { by = "ingve", id = 38095276, score = 262, time = Posix 1698821169000, title = "Why ACPI?", type_ = "story", url = Just "https://mjg59.dreamwidth.org/68350.html" }, { by = "jeffreyjsatx", id = 38134389, score = 49, time = Posix 1699042503000, title = "Show HN: GitInsights – a weekly summary email of your team's GitHub activity", type_ = "story", url = Just "https://gitinsights.io/" }, { by = "scapecast", id = 38130060, score = 96, time = Posix 1699024561000, title = "Jevons paradox", type_ = "story", url = Just "https://en.wikipedia.org/wiki/Jevons_paradox" }, { by = "selvan", id = 38109020, score = 142, time = Posix 1698899569000, title = "WasmGC – Run GC languages such as Kotlin, Java in Chrome browser", type_ = "story", url = Just "https://developer.chrome.com/blog/wasmgc/" }, { by = "belter", id = 38144229, score = 34, time = Posix 1699125601000, title = "China's TikTok users are being told that Aristotle did not exist", type_ = "story", url = Just "https://www.scmp.com/news/china/science/article/3240339/aristotle-becomes-latest-casualty-chinas-narrative-war-west-scholar-questions-philosophers-existence" }, { by = "jongalloway2", id = 38122396, score = 227, time = Posix 1698970499000, title = "Audacity 3.4", type_ = "story", url = Just "https://www.audacityteam.org/blog/audacity-3-4/" }, { by = "bookofjoe", id = 38098779, score = 318, time = Posix 1698849513000, title = "Why doctors in America earn so much", type_ = "story", url = Just "https://www.economist.com/united-states/2023/10/31/why-doctors-in-america-earn-so-much" }, { by = "omarfarooq", id = 38093353, score = 274, time = Posix 1698800141000, title = "Distil-Whisper: distilled version of Whisper that is 6 times faster, 49% smaller", type_ = "story", url = Just "https://github.com/huggingface/distil-whisper" }, { by = "magoghm", id = 38146146, score = 11, time = Posix 1699139127000, title = "Pessimists Archive", type_ = "story", url = Just "https://pessimistsarchive.org/" }, { by = "gzer0", id = 38130309, score = 202, time = Posix 1699025430000, title = "GPT-4 Update: 32K Context Window Now for All Users", type_ = "story", url = Just "https://github.com/spdustin/ChatGPT-AutoExpert/blob/main/_system-prompts/all_tools.md" }, { by = "shcheklein", id = 38120493, score = 108, time = Posix 1698960803000, title = "ML Experiments Management with Git", type_ = "story", url = Just "https://github.com/iterative/dvc" }, { by = "ossusermivami", id = 38136155, score = 35, time = Posix 1699052157000, title = "You don't need a terminal emulator · Andrey Listopadov", type_ = "story", url = Just "https://andreyor.st/posts/2023-10-27-you-dont-need-a-terminal-emulator/" }, { by = "voisin", id = 38136314, score = 250, time = Posix 1699053413000, title = "Bayer hit with $332M judgement in Roundup cancer trial", type_ = "story", url = Just "https://fortune.com/2023/11/03/bayer-332-million-judgement-trial-man-cancer-decades-monsanto-roundup-weedkiller/" }, { by = "nolist_policy", id = 38143690, score = 58, time = Posix 1699121799000, title = "Openela releases Red Hat source code on GitHub", type_ = "story", url = Just "https://github.com/orgs/openela-main/repositories" }, { by = "olestr", id = 38126566, score = 12, time = Posix 1699005947000, title = "Deno 1.38: HTML doc generator and HMR", type_ = "story", url = Just "https://deno.com/blog/v1.38" }, { by = "mrngilles", id = 38140812, score = 8, time = Posix 1699104443000, title = "Ask HN: Infra people in small companies, what does your infra look like?", type_ = "story", url = Nothing }, { by = "weird_user", id = 38131460, score = 137, time = Posix 1699030348000, title = "Nuclear Conversion for Starship", type_ = "story", url = Just "http://toughsf.blogspot.com/2021/10/nuclear-conversion-for-starship.html" }, { by = "zdw", id = 38103616, score = 206, time = Posix 1698867036000, title = "Now you're thinking with relays", type_ = "story", url = Just "https://lcamtuf.substack.com/p/now-youre-thinking-with-relays" }, { by = "xrd", id = 38100541, score = 158, time = Posix 1698855712000, title = "Bank financing and bad urban planning make the retail apocalypse worse", type_ = "story", url = Just "https://www.businessinsider.com/bank-financing-urban-planning-pandemic-retail-apocalypse-vacant-storefront-2023-10" }, { by = "behnamoh", id = 38137463, score = 31, time = Posix 1699064107000, title = "How much it costs Apple to increase RAM size in Macs?", type_ = "story", url = Just "https://old.reddit.com/r/macbookpro/comments/17lwl0b/how_much_does_ram_cost_anyways/" }, { by = "bookofjoe", id = 38143578, score = 30, time = Posix 1699121054000, title = "Cup Noodles are now microwave-safe", type_ = "story", url = Just "https://www.washingtonpost.com/food/2023/11/03/cup-noodles-are-now-microwave-safe-so-they-werent-already/" }, { by = "johhns4", id = 38126764, score = 30, time = Posix 1699008086000, title = "What's the difference between LangChain, llama indexand others like autollm?", type_ = "story", url = Nothing }, { by = "gregorymichael", id = 38120097, score = 235, time = Posix 1698958954000, title = "Sally Ignore Previous Instructions", type_ = "story", url = Just "https://www.haihai.ai/pen15/" }, { by = "luu", id = 38121918, score = 81, time = Posix 1698967913000, title = "Enterprise-Fu", type_ = "story", url = Just "http://mike.daless.io/prez/enterprise-asbury-2013-10/slides.html" }, { by = "stanulilic", id = 38127560, score = 251, time = Posix 1699013703000, title = "Rwanda joins Kenya to initiate visa-free travel for all Africans", type_ = "story", url = Just "https://africa.businessinsider.com/local/leaders/from-barriers-to-unity-rwanda-joins-kenya-to-initiate-visa-free-travel-for-all/hhqe29q" }, { by = "g42gregory", id = 38108873, score = 792, time = Posix 1698897921000, title = "Yann LeCun: AI one-percenters seizing power forever is real doomsday scenario", type_ = "story", url = Just "https://www.businessinsider.com/sam-altman-and-demis-hassabis-just-want-to-control-ai-2023-10" }, { by = "Hydrocharged", id = 38108044, score = 161, time = Posix 1698890374000, title = "Show HN: DoltgreSQL – Version-Controlled DB, Like Git and PostgreSQL had a baby", type_ = "story", url = Just "https://github.com/dolthub/doltgresql" }, { by = "basic_banana", id = 38126160, score = 74, time = Posix 1699002078000, title = "Clash, a tool to break China's Great Fire Wall, is Deleted in GitHub", type_ = "story", url = Just "https://github.com/Dreamacro/clash" }, { by = "sbt567", id = 38108564, score = 40, time = Posix 1698894868000, title = "Vivo Unveils BlueOS, Based on Rust Language", type_ = "story", url = Just "https://sparrowsnews.com/2023/11/01/vivo-unveils-blueos-operating-system/" }, { by = "bindidwodtj", id = 38109327, score = 66, time = Posix 1698902867000, title = "Formalizing 100 Theorems", type_ = "story", url = Just "https://www.cs.ru.nl/~freek/100/" }, { by = "qsantos", id = 38125367, score = 184, time = Posix 1698994406000, title = "The Binder Linux driver is being rewritten in Rust", type_ = "story", url = Just "https://lore.kernel.org/rust-for-linux/20231101-rust-binder-v1-0-08ba9197f637@google.com/" }
    ╷
    │ Expect.equalLists was longer than
    ╵
    { by = "vyrotek", id = 38144400, score = 512, time = Posix 1699126731000, title = "NewPipe – Lightweight YouTube experience for Android", type_ = "story", url = Just "https://newpipe.net/" }, { by = "sillysaurusx", id = 38149093, score = 75, time = Posix 1699169400000, title = "LLM companies to access largest Chinese non-fiction book collection", type_ = "story", url = Just "https://annas-blog.org/duxiu-exclusive.html" }, { by = "scrlk", id = 38114943, score = 182, time = Posix 1698939114000, title = "Intel Itanium IA-64 Support Removed with the Linux 6.7 Kernel", type_ = "story", url = Just "https://www.phoronix.com/news/Intel-IA-64-Removed-Linux-6.7" }, { by = "luu", id = 38144772, score = 37, time = Posix 1699129495000, title = "Representations / strategies for noncooperative games with imperfect information [pdf]", type_ = "story", url = Just "https://www2.cs.sfu.ca/~bbart/personal/masters-thesis.pdf" }, { by = "kizunajp", id = 38146856, score = 57, time = Posix 1699145556000, title = "The First App Store", type_ = "story", url = Just "https://one-from-nippon.ghost.io/worlds-first-app-store/" }, { by = "dlock17", id = 38146154, score = 83, time = Posix 1699139194000, title = "Show HN: Gogosseract, a Go Lib for CGo-Free Tesseract OCR via Wazero", type_ = "story", url = Just "https://github.com/Danlock/gogosseract" }, { by = "sohkamyung", id = 38146382, score = 51, time = Posix 1699140957000, title = "Planes, Spheres and Pseudospheres", type_ = "story", url = Just "https://www.gregegan.net/SCIENCE/PSP/PSP.html" }, { by = "Tepix", id = 38141366, score = 557, time = Posix 1699108556000, title = "Othello Is Solved?", type_ = "story", url = Just "https://arxiv.org/abs/2310.19387" }, { by = "pranay01", id = 38148992, score = 1, time = Posix 1699167669000, title = "SigNoz (YC W21), open source observability platform, hiring SREs (Remote)", type_ = "job", url = Just "https://signoz.io/careers/site-reliability-engineer/" }, { by = "willswire", id = 38147438, score = 26, time = Posix 1699151020000, title = "Shadows Edge Software", type_ = "story", url = Just "https://www.shadowsedge.mil/What-We-Do/" }


↓ PostsConfigTests
↓ module Model.PostsConfig
↓ sortBy
✗ The final list is sorted by title when sortBy is Title

    { by = "franze", id = 38127131, score = 64, time = Posix 1699010723000, title = "999 Request Denied", type_ = "story", url = Just "https://http.dev/999" }, { by = "edent", id = 38139687, score = 220, time = Posix 1699093638000, title = "A 6 channel GPS receiver from 1993", type_ = "story", url = Just "https://mastodon.sdf.org/@keelan/111349948124943603" }, { by = "lxm", id = 38137377, score = 224, time = Posix 1699063376000, title = "A blog post is a long and complex search query to find people (2022)", type_ = "story", url = Just "https://www.henrikkarlsson.xyz/p/search-query" }, { by = "greenburger", id = 38142209, score = 56, time = Posix 1699113368000, title = "A carbohydrate revolution is speeding up pro cycling", type_ = "story", url = Just "https://velo.outsideonline.com/road/road-training/a-massive-change-how-a-carbohydrate-revolution-is-speeding-up-pro-cycling/" }, { by = "robomartin", id = 38148119, score = 5, time = Posix 1699157746000, title = "A game. The only winning move is not to play", type_ = "story", url = Nothing }, { by = "knight17", id = 38140012, score = 3, time = Posix 1699096900000, title = "A guide to home row mods with QMK", type_ = "story", url = Just "https://precondition.github.io/home-row-mods" }, { by = "belter", id = 38143984, score = 106, time = Posix 1699123807000, title = "AI and Open Source in 2023", type_ = "story", url = Just "https://magazine.sebastianraschka.com/p/ai-and-open-source-in-2023" }, { by = "stevefan1999", id = 38137373, score = 313, time = Posix 1699063305000, title = "AMD MicroBlaze V Processor: A Flexible and Efficient RISC-V Processor", type_ = "story", url = Just "https://www.xilinx.com/products/design-tools/microblaze-v.html" }, { by = "cebert", id = 38126840, score = 80, time = Posix 1699008771000, title = "AMD Unveils Ryzen Mobile 7040U Series with Zen 4c Efficiency Cores", type_ = "story", url = Just "https://www.anandtech.com/show/21111/amd-unveils-ryzen-7040u-series-with-zen-4c-smaller-cores-bigger-efficiency" }, { by = "EvgeniyZh", id = 38134120, score = 56, time = Posix 1699041189000, title = "Accelerating digital block design with Google's open source Mid-Level Synthesis", type_ = "story", url = Just "https://antmicro.com/blog/2023/09/accelerating-digital-block-design-with-googles-xls/" }, { by = "danboarder", id = 38143369, score = 68, time = Posix 1699119933000, title = "After decades of dreams, a commercial spaceplane is almost ready to fly", type_ = "story", url = Just "https://arstechnica.com/space/2023/11/after-decades-of-dreams-a-commercial-spaceplane-is-almost-ready-to-fly/" }, { by = "guiambros", id = 38147815, score = 8, time = Posix 1699155085000, title = "Ancient coins have been found off Sardinia, probably from shipwreck", type_ = "story", url = Just "https://apnews.com/article/italy-ancient-coins-sardinia-divers-cabdfa070d37a8020f874dd90c0a2433" }, { by = "elvis70", id = 38132016, score = 1114, time = Posix 1699032376000, title = "As I retire, my goal now is to release 40+ years of source code", type_ = "story", url = Just "https://dunfield.themindfactory.com/dnldsrc.htm" }, { by = "alexzeitler", id = 38134861, score = 219, time = Posix 1699044810000, title = "Asciinema: Record and share your terminal sessions, the simple way", type_ = "story", url = Just "https://asciinema.org/" }, { by = "mrngilles", id = 38140812, score = 8, time = Posix 1699104443000, title = "Ask HN: Infra people in small companies, what does your infra look like?", type_ = "story", url = Nothing }, { by = "lawgimenez", id = 38146887, score = 7, time = Posix 1699145876000, title = "Ask HN: Where do you get your health news?", type_ = "story", url = Nothing }, { by = "whoishiring", id = 38099086, score = 481, time = Posix 1698850843000, title = "Ask HN: Who is hiring? (November 2023)", type_ = "story", url = Nothing }, { by = "belter", id = 38144707, score = 11, time = Posix 1699128971000, title = "Astra, low on cash, defaults on loan", type_ = "story", url = Just "https://spacenews.com/astra-low-on-cash-defaults-on-loan/" }, { by = "jongalloway2", id = 38122396, score = 227, time = Posix 1698970499000, title = "Audacity 3.4", type_ = "story", url = Just "https://www.audacityteam.org/blog/audacity-3-4/" }, { by = "momirlan", id = 38121199, score = 113, time = Posix 1698964009000, title = "Auto industry executives admit electric vehicle plans are in jeopardy", type_ = "story", url = Just "https://www.businessinsider.com/auto-executives-coming-clean-evs-arent-working-2023-10" }, { by = "xrd", id = 38100541, score = 158, time = Posix 1698855712000, title = "Bank financing and bad urban planning make the retail apocalypse worse", type_ = "story", url = Just "https://www.businessinsider.com/bank-financing-urban-planning-pandemic-retail-apocalypse-vacant-storefront-2023-10" }, { by = "voisin", id = 38136314, score = 250, time = Posix 1699053413000, title = "Bayer hit with $332M judgement in Roundup cancer trial", type_ = "story", url = Just "https://fortune.com/2023/11/03/bayer-332-million-judgement-trial-man-cancer-decades-monsanto-roundup-weedkiller/" }, { by = "bauta-steen", id = 38147052, score = 56, time = Posix 1699147453000, title = "BeeWare Toga v0.4.0 – A Python native, OS native GUI toolkit", type_ = "story", url = Just "https://github.com/beeware/toga/releases/tag/v0.4.0" }, { by = "przmk", id = 38144417, score = 304, time = Posix 1699126785000, title = "Bevy 0.12", type_ = "story", url = Just "https://bevyengine.org/news/bevy-0-12/" }, { by = "pndy", id = 38110679, score = 126, time = Posix 1698915300000, title = "Bibi-binary", type_ = "story", url = Just "https://en.wikipedia.org/wiki/Bibi-binary" }, { by = "kiyanwang", id = 38125348, score = 417, time = Posix 1698994231000, title = "Bringing garbage collected programming languages efficiently to WebAssembly", type_ = "story", url = Just "https://v8.dev/blog/wasm-gc-porting" }, { by = "georgehill", id = 38144124, score = 65, time = Posix 1699124835000, title = "C++ Sudoku Solver by Singapore PM Lee Hsien Loong", type_ = "story", url = Just "https://twitter.com/adad8m/status/1720822885496049863" }, { by = "picture", id = 38136783, score = 65, time = Posix 1699057669000, title = "CPU-Z's Inadequate Benchmark", type_ = "story", url = Just "https://chipsandcheese.com/2023/11/03/cpu-zs-inadequate-benchmark/" }, { by = "bookofjoe", id = 38145402, score = 59, time = Posix 1699133880000, title = "Cats Make Nearly 300 Different Facial Expressions", type_ = "story", url = Just "https://www.smithsonianmag.com/smart-news/cats-make-nearly-300-different-facial-expressions-180983185/" }, { by = "PaulHoule", id = 38115221, score = 44, time = Posix 1698940132000, title = "Chemists, engineers craft adjustable arrays of microscopic lenses", type_ = "story", url = Just "https://phys.org/news/2023-10-chemists-craft-adjustable-arrays-microscopic.html" }, { by = "belter", id = 38144229, score = 34, time = Posix 1699125601000, title = "China's TikTok users are being told that Aristotle did not exist", type_ = "story", url = Just "https://www.scmp.com/news/china/science/article/3240339/aristotle-becomes-latest-casualty-chinas-narrative-war-west-scholar-questions-philosophers-existence" }, { by = "basic_banana", id = 38126160, score = 74, time = Posix 1699002078000, title = "Clash, a tool to break China's Great Fire Wall, is Deleted in GitHub", type_ = "story", url = Just "https://github.com/Dreamacro/clash" }, { by = "GOPbIHbI4", id = 38137879, score = 132, time = Posix 1699068531000, title = "Classes vs. structs in .NET: how not to teach about performance", type_ = "story", url = Just "https://sergeyteplyakov.github.io/Blog/benchmarking/2023/11/02/Performance_Comparison_For_Classes_vs_Structs.html" }, { by = "clouddrover", id = 38135029, score = 32, time = Posix 1699045679000, title = "Codec Royalties on Content and the Jaws Moment", type_ = "story", url = Just "https://streaminglearningcenter.com/codecs/codec-royalties-on-content.html" }, { by = "mooreds", id = 38140217, score = 15, time = Posix 1699099081000, title = "Coding in Public: Help Battle Imposter Syndrome and Inspire Others", type_ = "story", url = Just "https://www.codingtemple.com/blog/coding-in-public-help-battle-imposter-syndrome-and-inspire-others/" }, { by = "soheilpro", id = 38112951, score = 591, time = Posix 1698930333000, title = "Confusing Git Terminology", type_ = "story", url = Just "https://jvns.ca/blog/2023/11/01/confusing-git-terminology/" }, { by = "pierre-renaux", id = 38140833, score = 145, time = Posix 1699104640000, title = "Cooperative C++ Evolution – Toward a TypeScript for C++", type_ = "story", url = Just "https://herbsutter.com/2023/10/09/my-new-cppcon-talk-is-on-youtube-cooperative-c-evolution-toward-a-typescript-for-c/" }, { by = "hackerbeat", id = 38089247, score = 645, time = Posix 1698776835000, title = "Copying Angry Birds with nothing but AI", type_ = "story", url = Just "https://twitter.com/javilopen/status/1719363262179938401" }, { by = "jart", id = 38101613, score = 1187, time = Posix 1698859540000, title = "Cosmopolitan Third Edition", type_ = "story", url = Just "https://justine.lol/cosmo3/" }, { by = "Zolomon", id = 38120598, score = 208, time = Posix 1698961263000, title = "Course using F#: Write your own tiny programming system(s)", type_ = "story", url = Just "https://d3s.mff.cuni.cz/teaching/nprg077/" }, { by = "bookofjoe", id = 38143578, score = 30, time = Posix 1699121054000, title = "Cup Noodles are now microwave-safe", type_ = "story", url = Just "https://www.washingtonpost.com/food/2023/11/03/cup-noodles-are-now-microwave-safe-so-they-werent-already/" }, { by = "11thEarlOfMar", id = 38146443, score = 29, time = Posix 1699141489000, title = "DEA Launches Crack Down on San Francisco Fentanyl Dealing", type_ = "story", url = Just "https://abc7news.com/sf-fentanyl-drug-dealers-all-hands-of-deck-operation-sfpd/14006658/" }, { by = "belltaco", id = 38146837, score = 99, time = Posix 1699145268000, title = "Daylight saving time can seriously affect your health", type_ = "story", url = Just "https://apnews.com/article/daylight-saving-2023-fall-back-a3738d5c74301b8068825927c49fc6b4" }, { by = "asimpleusecase", id = 38146211, score = 46, time = Posix 1699139694000, title = "Delhi air pollution spikes to 100 times WHO health limit", type_ = "story", url = Just "https://www.theguardian.com/world/2023/nov/03/delhi-india-air-quality-pollution-spike-world-health-organization-limit" }, { by = "olestr", id = 38126566, score = 12, time = Posix 1699005947000, title = "Deno 1.38: HTML doc generator and HMR", type_ = "story", url = Just "https://deno.com/blog/v1.38" }, { by = "leotravis10", id = 38144158, score = 69, time = Posix 1699125064000, title = "Discord will switch to temporary file links to block malware delivery", type_ = "story", url = Just "https://www.bleepingcomputer.com/news/security/discord-will-switch-to-temporary-file-links-to-block-malware-delivery/" }, { by = "omarfarooq", id = 38093353, score = 274, time = Posix 1698800141000, title = "Distil-Whisper: distilled version of Whisper that is 6 times faster, 49% smaller", type_ = "story", url = Just "https://github.com/huggingface/distil-whisper" }, { by = "bricemo", id = 38146327, score = 62, time = Posix 1699140572000, title = "Disturbed Lands (National Park Service)", type_ = "story", url = Just "https://www.nps.gov/shen/learn/nature/disturbedlands.htm" }, { by = "dguo", id = 38135892, score = 71, time = Posix 1699050542000, title = "Edison Bulb Night Mode", type_ = "story", url = Just "https://www.petemillspaugh.com/edison-bulb" }, { by = "notmysql_", id = 38123526, score = 147, time = Posix 1698977455000, title = "Email.radio – Free Email Domain for Licensed Ham Radio Operators", type_ = "story", url = Just "https://email.radio/" }, { by = "sizzle", id = 38134181, score = 114, time = Posix 1699041510000, title = "Embracing community helps us live longer, and be happier (2017)", type_ = "story", url = Just "https://news.harvard.edu/gazette/story/2017/04/over-nearly-80-years-harvard-study-has-been-showing-how-to-live-a-healthy-and-happy-life/" }, { by = "transpute", id = 38125379, score = 111, time = Posix 1698994522000, title = "Enable ARMv9 Memory Tagging Extension (MTE) on Pixel 8", type_ = "story", url = Just "https://outflux.net/blog/archives/2023/10/26/enable-mte-on-pixel-8/" }, { by = "luu", id = 38121918, score = 81, time = Posix 1698967913000, title = "Enterprise-Fu", type_ = "story", url = Just "http://mike.daless.io/prez/enterprise-asbury-2013-10/slides.html" }, { by = "bikenaga", id = 38121261, score = 87, time = Posix 1698964276000, title = "Everything We Know About 1970s Mainframe RPGs We Can No Longer Play", type_ = "story", url = Just "http://crpgaddict.blogspot.com/2021/06/brief-everything-we-know-about-1970s.html" }, { by = "neustradamus", id = 38146711, score = 15, time = Posix 1699144150000, title = "Exim 4.97.0 – SMTP Mail Server – Message Transfer Agent (MTA)", type_ = "story", url = Just "https://www.exim.org/" }, { by = "scyzoryk_xyz", id = 38144266, score = 83, time = Posix 1699125874000, title = "FTC Chair Lina Khan looks for allies and leads in Silicon Valley charm offensive", type_ = "story", url = Just "https://www.reuters.com/business/ftc-chair-lina-khan-looks-allies-leads-silicon-valley-charm-offensive-2023-11-03/" }, { by = "sintax", id = 38135619, score = 84, time = Posix 1699049018000, title = "First Handset with MTE on the Market", type_ = "story", url = Just "https://googleprojectzero.blogspot.com/2023/11/first-handset-with-mte-on-market.html" }, { by = "wjSgoWPm5bWAhXB", id = 38127906, score = 224, time = Posix 1699015662000, title = "First observation of a virus attaching to another virus", type_ = "story", url = Just "https://umbc.edu/stories/first-observed-virus-attaching-to-another/" }, { by = "bindidwodtj", id = 38109327, score = 66, time = Posix 1698902867000, title = "Formalizing 100 Theorems", type_ = "story", url = Just "https://www.cs.ru.nl/~freek/100/" }, { by = "thunderbong", id = 38125256, score = 112, time = Posix 1698993413000, title = "Frink is a programming language designed to make physical calculations simple", type_ = "story", url = Just "https://frinklang.org/" }, { by = "dangoldin", id = 38118577, score = 264, time = Posix 1698952545000, title = "From S3 to R2: An economic opportunity", type_ = "story", url = Just "https://dansdatathoughts.substack.com/p/from-s3-to-r2-an-economic-opportunity" }, { by = "midnightdiesel", id = 38145062, score = 89, time = Posix 1699131540000, title = "GM's Cruise alleged to rely on human operators to achieve \"autonomous\" driving", type_ = "story", url = Just "https://www.nytimes.com/2023/11/03/technology/cruise-general-motors-self-driving-cars.html" }, { by = "gzer0", id = 38130309, score = 202, time = Posix 1699025430000, title = "GPT-4 Update: 32K Context Window Now for All Users", type_ = "story", url = Just "https://github.com/spdustin/ChatGPT-AutoExpert/blob/main/_system-prompts/all_tools.md" }, { by = "pella", id = 38134257, score = 14, time = Posix 1699041813000, title = "Geospatial Technology Radar 2023", type_ = "story", url = Just "https://element84.com/geospatial-tech-radar-23" }, { by = "teleforce", id = 38137867, score = 12, time = Posix 1699068326000, title = "GiNaC: Open framework for symbolic computation within C++ programming language", type_ = "story", url = Just "https://www.ginac.de/tutorial/" }, { by = "zone411", id = 38148396, score = 125, time = Posix 1699160553000, title = "Grok", type_ = "story", url = Just "https://twitter.com/xai/status/1721027348970238035" }, { by = "andyfrancis", id = 38130089, score = 154, time = Posix 1699024665000, title = "Guide to Adopting AV1 Encoding", type_ = "story", url = Just "https://bitmovin.com/av1/av1-encoding-guide/" }, { by = "tomcam", id = 38138637, score = 49, time = Posix 1699078799000, title = "HBO CEO Confesses to Trolling Critics with Fake Tweets: Rolling Stone", type_ = "story", url = Just "https://www.rollingstone.com/tv-movies/tv-movie-news/hbo-ceo-casey-bloys-confesses-trolling-critics-fake-twitter-accounts-dumb-idea-1234868710/" }, { by = "todsacerdoti", id = 38095699, score = 335, time = Posix 1698826089000, title = "How Bear does analytics with CSS", type_ = "story", url = Just "https://herman.bearblog.dev/how-bear-does-analytics-with-css/" }, { by = "rbanffy", id = 38120497, score = 146, time = Posix 1698960829000, title = "How big data carried graph theory into new dimensions", type_ = "story", url = Just "https://www.quantamagazine.org/how-big-data-carried-graph-theory-into-new-dimensions-20210819/" }, { by = "behnamoh", id = 38137463, score = 31, time = Posix 1699064107000, title = "How much it costs Apple to increase RAM size in Macs?", type_ = "story", url = Just "https://old.reddit.com/r/macbookpro/comments/17lwl0b/how_much_does_ram_cost_anyways/" }, { by = "chriskrycho", id = 38145194, score = 65, time = Posix 1699132523000, title = "How to Do a TypeScript Conversion: an opinionated take on gradual conversions", type_ = "story", url = Just "https://v5.chriskrycho.com/journal/how-to-do-a-typescript-conversion/" }, { by = "alexmolas", id = 38126063, score = 85, time = Posix 1699001204000, title = "How to help someone use a computer (1996)", type_ = "story", url = Just "https://pages.gseis.ucla.edu/faculty/agre/how-to-help.html" }, { by = "lxm", id = 38115364, score = 74, time = Posix 1698940588000, title = "How to pronounce the trickiest English words", type_ = "story", url = Just "https://www.wsj.com/business/media/how-to-pronounce-english-words-julien-miquel-58581065" }, { by = "ericdanielski", id = 38139011, score = 252, time = Posix 1699084788000, title = "How to stop adulterated turmeric from killing people", type_ = "story", url = Just "https://www.economist.com/leaders/2023/11/02/how-to-stop-turmeric-from-killing-people" }, { by = "geox", id = 38115323, score = 68, time = Posix 1698940455000, title = "How “blue” and “green” appeared in a language that didn’t have words for them", type_ = "story", url = Just "https://news.mit.edu/2023/how-blue-and-green-appeared-language-1102" }, { by = "signa11", id = 38121765, score = 146, time = Posix 1698966832000, title = "Hyphens, minus, and dashes in Debian man pages", type_ = "story", url = Just "https://lwn.net/Articles/947941/" }, { by = "iamflimflam1", id = 38142606, score = 160, time = Posix 1699115786000, title = "I need more USB power", type_ = "story", url = Just "https://atomic14.substack.com/p/i-need-more-usb-power" }, { by = "donpott", id = 38130418, score = 674, time = Posix 1699025931000, title = "I trapped scammers in an impossible maze [video]", type_ = "story", url = Just "https://www.youtube.com/watch?v=dWzz3NeDz3E" }, { by = "Petiver", id = 38122465, score = 124, time = Posix 1698970868000, title = "If you plant milkweed, they will come", type_ = "story", url = Just "https://www.nytimes.com/2023/10/25/realestate/gardening-milkweed-plants-butterflies.html" }, { by = "perihelions", id = 38121250, score = 605, time = Posix 1698964208000, title = "In 1886, the US commissioned watercolor paintings of every known fruit (2019)", type_ = "story", url = Just "https://www.openculture.com/2019/06/the-us-government-commissioned-7500-watercolor-paintings.html" }, { by = "scrlk", id = 38114943, score = 182, time = Posix 1698939114000, title = "Intel Itanium IA-64 Support Removed with the Linux 6.7 Kernel", type_ = "story", url = Just "https://www.phoronix.com/news/Intel-IA-64-Removed-Linux-6.7" }, { by = "transpute", id = 38138908, score = 30, time = Posix 1699082923000, title = "Intel's CEO Admits to and Details the Company's Three Biggest Mistakes", type_ = "story", url = Just "https://www.tomshardware.com/pc-components/gpus/intels-ceo-admits-to-and-details-companies-three-biggest-mistakes" }, { by = "vintagedave", id = 38145097, score = 17, time = Posix 1699131874000, title = "Interview with a Gladiatrix", type_ = "story", url = Just "https://antigonejournal.com/2023/10/modern-roman-gladiatrix/" }, { by = "thunderbong", id = 38139251, score = 193, time = Posix 1699088242000, title = "Is there anywhere in the world someone can just live for free?", type_ = "story", url = Just "https://reddit.com/r/NoStupidQuestions/comments/17mvukd/is_there_anywhere_in_the_world_someone_can_just/" }, { by = "scapecast", id = 38130060, score = 96, time = Posix 1699024561000, title = "Jevons paradox", type_ = "story", url = Just "https://en.wikipedia.org/wiki/Jevons_paradox" }, { by = "sjm217", id = 38126997, score = 221, time = Posix 1699009722000, title = "Joint statement of scientists and NGOs on the EU’s proposed eIDAS reform", type_ = "story", url = Just "https://eidas-open-letter.org/" }, { by = "leidenfrost", id = 38141173, score = 185, time = Posix 1699107231000, title = "KDE desktop cube effect returns", type_ = "story", url = Just "https://www.phoronix.com/news/KDE-Wayland-Color-Mgmt" }, { by = "Stratoscope", id = 38124998, score = 124, time = Posix 1698990518000, title = "Ken Mattingly, astronaut scrubbed from Apollo 13, has died", type_ = "story", url = Just "https://www.nytimes.com/2023/11/02/science/space/ken-mattingly-dead.html" }, { by = "sillysaurusx", id = 38149093, score = 75, time = Posix 1699169400000, title = "LLM companies to access largest Chinese non-fiction book collection", type_ = "story", url = Just "https://annas-blog.org/duxiu-exclusive.html" }, { by = "thunderbong", id = 38114871, score = 112, time = Posix 1698938877000, title = "Lahaina Noon", type_ = "story", url = Just "https://en.wikipedia.org/wiki/Lahaina_Noon" }, { by = "samclemens", id = 38144584, score = 91, time = Posix 1699128056000, title = "Lapham's Quarterly Is on Hiatus", type_ = "story", url = Just "https://www.laphamsquarterly.org/roundtable/hiatus" }, { by = "diodorus", id = 38137713, score = 81, time = Posix 1699066588000, title = "Large-scale violence in Late Neolithic Western Europe based on skeletal evidence", type_ = "story", url = Just "https://www.nature.com/articles/s41598-023-43026-9" }, { by = "mnot", id = 38109494, score = 537, time = Posix 1698904662000, title = "Last Chance to fix eIDAS: Secret EU law threatens Internet security", type_ = "story", url = Just "https://last-chance-for-eidas.org/" }, { by = "oppodeldoc", id = 38106461, score = 235, time = Posix 1698878878000, title = "Lemming Suicide Myth: Disney Film Faked Bogus Behavior", type_ = "story", url = Just "https://www.adfg.alaska.gov/index.cfm?adfg=wildlifenews.view_article&articles_id=56" }, { by = "keepamovin", id = 38126068, score = 39, time = Posix 1699001233000, title = "Liblinux – architecture-independent access to Linux system calls", type_ = "story", url = Just "https://github.com/matheusmoreira/liblinux" }, { by = "Tomte", id = 38117556, score = 453, time = Posix 1698947997000, title = "Light can make water evaporate without heat", type_ = "story", url = Just "https://news.mit.edu/2023/surprising-finding-light-makes-water-evaporate-without-heat-1031" }, { by = "tintinnabula", id = 38119463, score = 139, time = Posix 1698956195000, title = "Louis Armstrong's Last Word", type_ = "story", url = Just "https://www.thenation.com/article/culture/louis-armstrong-archive/" }, { by = "ingve", id = 38125771, score = 212, time = Posix 1698998390000, title = "M3 Macs: there's more to performance than counting cores", type_ = "story", url = Just "https://eclecticlight.co/2023/11/03/m3-macs-theres-more-to-performance-than-counting-cores/" }, { by = "shcheklein", id = 38120493, score = 108, time = Posix 1698960803000, title = "ML Experiments Management with Git", type_ = "story", url = Just "https://github.com/iterative/dvc" }, { by = "derbOac", id = 38138187, score = 204, time = Posix 1699072786000, title = "Maersk to cut 10k jobs as shipping demand drops", type_ = "story", url = Just "https://www.reuters.com/business/shipping-giant-maersk-q3-above-expectation-sees-fy-lower-end-range-2023-11-03/" }, { by = "kvnhn", id = 38138085, score = 157, time = Posix 1699071397000, title = "Making \"LCD, Please\"", type_ = "story", url = Just "https://dukope.com/devlogs/papers-please/lcdplease/" }, { by = "zdw", id = 38142586, score = 37, time = Posix 1699115620000, title = "Mass producing the most expensive rice cooker [video]", type_ = "story", url = Just "https://www.youtube.com/watch?v=xLCwr8qG1p4" }, { by = "roody15", id = 38147606, score = 83, time = Posix 1699152889000, title = "Max is taking 4K away from its legacy ad-free subscribers", type_ = "story", url = Just "https://www.theverge.com/2023/11/2/23943859/max-4k-hbo-max-ad-free-subscribers" }, { by = "apsec112", id = 38122631, score = 174, time = Posix 1698971680000, title = "MetNet-3: A state-of-the-art neural weather model", type_ = "story", url = Just "https://blog.research.google/2023/11/metnet-3-state-of-art-neural-weather.html?m=1" }, { by = "kaypee901", id = 38134381, score = 148, time = Posix 1699042445000, title = "Microsoft is retiring Visual Studio for Mac in 2024", type_ = "story", url = Just "https://visualstudio.microsoft.com/vs/mac/" }, { by = "nixass", id = 38146676, score = 124, time = Posix 1699143820000, title = "My experience taking Tesla to court about FSD", type_ = "story", url = Just "https://teslamotorsclub.com/tmc/threads/my-experience-taking-tesla-to-court-about-fsd.315086/" }, { by = "croes", id = 38145461, score = 122, time = Posix 1699134199000, title = "New Microsoft Exchange zero-days allow RCE, data theft attacks", type_ = "story", url = Just "https://www.bleepingcomputer.com/news/microsoft/new-microsoft-exchange-zero-days-allow-rce-data-theft-attacks/" }, { by = "vyrotek", id = 38144400, score = 512, time = Posix 1699126731000, title = "NewPipe – Lightweight YouTube experience for Android", type_ = "story", url = Just "https://newpipe.net/" }, { by = "ShMcK", id = 38128699, score = 467, time = Posix 1699019273000, title = "No dogs were harmed in the making of this app", type_ = "story", url = Just "https://shmck.substack.com/p/no-dogs-were-harmed-in-the-making" }, { by = "zdw", id = 38103616, score = 206, time = Posix 1698867036000, title = "Now you're thinking with relays", type_ = "story", url = Just "https://lcamtuf.substack.com/p/now-youre-thinking-with-relays" }, { by = "weird_user", id = 38131460, score = 137, time = Posix 1699030348000, title = "Nuclear Conversion for Starship", type_ = "story", url = Just "http://toughsf.blogspot.com/2021/10/nuclear-conversion-for-starship.html" }, { by = "Brajeshwar", id = 38130870, score = 199, time = Posix 1699028113000, title = "Okta hit by third-party breach, stealing employee data", type_ = "story", url = Just "https://arstechnica.com/security/2023/11/okta-hit-by-another-breach-this-one-stealing-employee-data-from-3rd-party-vendor/" }, { by = "nolist_policy", id = 38143690, score = 58, time = Posix 1699121799000, title = "Openela releases Red Hat source code on GitHub", type_ = "story", url = Just "https://github.com/orgs/openela-main/repositories" }, { by = "chen_dev", id = 38146738, score = 17, time = Posix 1699144434000, title = "Oracle Cloud Outage", type_ = "story", url = Nothing }, { by = "Tepix", id = 38141366, score = 557, time = Posix 1699108556000, title = "Othello Is Solved?", type_ = "story", url = Just "https://arxiv.org/abs/2310.19387" }, { by = "elisaado", id = 38141320, score = 195, time = Posix 1699108277000, title = "Paste without formatting on macOS", type_ = "story", url = Just "https://scottswezey.com/always-paste-without-formatting-macos/" }, { by = "magoghm", id = 38146146, score = 11, time = Posix 1699139127000, title = "Pessimists Archive", type_ = "story", url = Just "https://pessimistsarchive.org/" }, { by = "Tomte", id = 38126623, score = 179, time = Posix 1699006623000, title = "Pix2tex: Using a ViT to convert images of equations into LaTeX code", type_ = "story", url = Just "https://github.com/lukas-blecher/LaTeX-OCR" }, { by = "sohkamyung", id = 38146382, score = 51, time = Posix 1699140957000, title = "Planes, Spheres and Pseudospheres", type_ = "story", url = Just "https://www.gregegan.net/SCIENCE/PSP/PSP.html" }, { by = "mairindubh", id = 38133963, score = 201, time = Posix 1699040343000, title = "Podman Desktop v1.5 with Compose onboarding and enhanced Kubernetes pod data", type_ = "story", url = Just "https://podman-desktop.io/blog/podman-desktop-release-1.5" }, { by = "nateb2022", id = 38136607, score = 543, time = Posix 1699055994000, title = "Portugal. The Man – Official Website Is a Google Sheets Document", type_ = "story", url = Just "https://www.portugaltheman.com/?frontpage=true" }, { by = "eastdakota", id = 38138640, score = 451, time = Posix 1699078841000, title = "Post Mortem on Cloudflare Control Plane and Analytics Outage", type_ = "story", url = Just "https://blog.cloudflare.com/post-mortem-on-cloudflare-control-plane-and-analytics-outage/" }, { by = "Brajeshwar", id = 38115128, score = 58, time = Posix 1698939817000, title = "Quadratic Reciprocity: The connection that changed number theory", type_ = "story", url = Just "https://www.quantamagazine.org/the-hidden-connection-that-changed-number-theory-20231101/" }, { by = "nabla9", id = 38111449, score = 155, time = Posix 1698921003000, title = "RegEx Crossword (2013)", type_ = "story", url = Just "https://jimbly.github.io/regex-crossword/" }, { by = "luu", id = 38144772, score = 37, time = Posix 1699129495000, title = "Representations / strategies for noncooperative games with imperfect information [pdf]", type_ = "story", url = Just "https://www2.cs.sfu.ca/~bbart/personal/masters-thesis.pdf" }, { by = "oalders", id = 38136211, score = 21, time = Posix 1699052539000, title = "Running Mod_Perl with Mojolicious in Docker", type_ = "story", url = Just "https://rawley.xyz/docker-mod-perl.html" }, { by = "stanulilic", id = 38127560, score = 251, time = Posix 1699013703000, title = "Rwanda joins Kenya to initiate visa-free travel for all Africans", type_ = "story", url = Just "https://africa.businessinsider.com/local/leaders/from-barriers-to-unity-rwanda-joins-kenya-to-initiate-visa-free-travel-for-all/hhqe29q" }, { by = "Vigier", id = 38137750, score = 15, time = Posix 1699067013000, title = "Rāhui and the Art of Marine Conservation", type_ = "story", url = Just "https://hakaimagazine.com/features/rahui-and-the-art-of-marine-conservation/" }, { by = "michelangelo", id = 38146122, score = 132, time = Posix 1699138933000, title = "SARS-CoV-2 Infection Affects Energy Stores in the Body, Causing Organ Failure", type_ = "story", url = Just "https://news.unchealthcare.org/2023/10/researchers-show-sars-cov-2-infection-affects-energy-stores-in-the-body-causing-organ-failure/" }, { by = "ourmandave", id = 38147278, score = 38, time = Posix 1699149573000, title = "SBF Is Headed to Prison but FTX Will Haunt the Crypto Community for Years", type_ = "story", url = Just "https://gizmodo.com/ftx-fbi-sam-bankman-fried-cryptocurrency-data-1850990825" }, { by = "eXpl0it3r", id = 38145274, score = 7, time = Posix 1699133056000, title = "SFML 2.6.1", type_ = "story", url = Just "https://github.com/SFML/SFML/releases/tag/2.6.1" }, { by = "gregorymichael", id = 38120097, score = 235, time = Posix 1698958954000, title = "Sally Ignore Previous Instructions", type_ = "story", url = Just "https://www.haihai.ai/pen15/" }, { by = "donohoe", id = 38122061, score = 1952, time = Posix 1698968957000, title = "Sam Bankman-Fried Convicted", type_ = "story", url = Just "https://www.nytimes.com/live/2023/11/02/business/sam-bankman-fried-trial" }, { by = "rom1v", id = 38143818, score = 110, time = Posix 1699122631000, title = "Scrcpy 2.2 adds Android camera mirroring", type_ = "story", url = Just "https://github.com/Genymobile/scrcpy/releases/tag/v2.2" }, { by = "kbns", id = 38142734, score = 49, time = Posix 1699116526000, title = "Searching for hidden silicon art on a microchip", type_ = "story", url = Just "https://twitter.com/microscopicture/status/1720837951238636018" }, { by = "willswire", id = 38147438, score = 26, time = Posix 1699151020000, title = "Shadows Edge Software", type_ = "story", url = Just "https://www.shadowsedge.mil/What-We-Do/" }, { by = "simonebrunozzi", id = 38140697, score = 156, time = Posix 1699103265000, title = "Shinzo Abe's Assassination", type_ = "story", url = Just "https://www.theatlantic.com/magazine/archive/2023/10/shinzo-abe-assassination-japan-unification-church-moonies/675114/" }, { by = "the_v01d", id = 38145368, score = 11, time = Posix 1699133640000, title = "Show HN: A tiny and platform-agnostic true random number generator for FPGA/ASIC", type_ = "story", url = Just "https://github.com/stnolting/neoTRNG" }, { by = "kennyfrc", id = 38143844, score = 26, time = Posix 1699122816000, title = "Show HN: Cami.js – A No Build, Web Component Based Reactive Framework", type_ = "story", url = Just "https://github.com/kennyfrc/cami.js" }, { by = "Hydrocharged", id = 38108044, score = 161, time = Posix 1698890374000, title = "Show HN: DoltgreSQL – Version-Controlled DB, Like Git and PostgreSQL had a baby", type_ = "story", url = Just "https://github.com/dolthub/doltgresql" }, { by = "jeffreyjsatx", id = 38134389, score = 49, time = Posix 1699042503000, title = "Show HN: GitInsights – a weekly summary email of your team's GitHub activity", type_ = "story", url = Just "https://gitinsights.io/" }, { by = "dlock17", id = 38146154, score = 83, time = Posix 1699139194000, title = "Show HN: Gogosseract, a Go Lib for CGo-Free Tesseract OCR via Wazero", type_ = "story", url = Just "https://github.com/Danlock/gogosseract" }, { by = "eternityforest", id = 38139236, score = 7, time = Posix 1699088114000, title = "Show HN: I started building yet another CSS framework", type_ = "story", url = Just "https://eternityforest.github.io/barrel.css/" }, { by = "rblank", id = 38133134, score = 117, time = Posix 1699037104000, title = "Show HN: MicroLua – Lua for the RP2040 Microcontroller", type_ = "story", url = Just "https://github.com/MicroLua/MicroLua" }, { by = "pranay01", id = 38148992, score = 1, time = Posix 1699167669000, title = "SigNoz (YC W21), open source observability platform, hiring SREs (Remote)", type_ = "job", url = Just "https://signoz.io/careers/site-reliability-engineer/" }, { by = "RadixDLT", id = 38146696, score = 102, time = Posix 1699143985000, title = "Soda additive linked to thyroid toxicity may finally get banned by FDA", type_ = "story", url = Just "https://arstechnica.com/health/2023/11/50-years-later-fda-proposes-banning-a-food-additive-it-said-is-not-safe/" }, { by = "jlpcsl", id = 38143180, score = 257, time = Posix 1699118819000, title = "Software that supports your body should always respect your freedom", type_ = "story", url = Just "https://www.fsf.org/blogs/community/software-that-supports-your-body-should-always-respect-your-freedom" }, { by = "goranmoomin", id = 38137975, score = 101, time = Posix 1699069571000, title = "Sometimes, it is a compiler bug (2022)", type_ = "story", url = Just "https://quick-lint-js.com/blog/bug-journey/" }, { by = "kristianp", id = 38148171, score = 52, time = Posix 1699158216000, title = "SpaceX poised for 'mid-November' launch of second Starship test flight", type_ = "story", url = Just "https://spaceflightnow.com/2023/11/04/spacex-poised-for-mid-november-of-second-starship-test-launch/" }, { by = "acifani", id = 38140242, score = 157, time = Posix 1699099310000, title = "Spin 2.0 – open-source tool for building and running WASM apps", type_ = "story", url = Just "https://www.fermyon.com/blog/introducing-spin-v2" }, { by = "raybb", id = 38141006, score = 149, time = Posix 1699106066000, title = "Starfish bodies aren’t bodies at all, study finds", type_ = "story", url = Just "https://www.cnn.com/2023/11/02/world/starfish-head-body-plan-scn/index.html" }, { by = "austinallegro", id = 38135810, score = 188, time = Posix 1699050091000, title = "Surround sound test files for every audio format", type_ = "story", url = Just "https://drive.google.com/drive/folders/1JxmeedtAtgmoafXv9rroiDOS2vEX7N4b" }, { by = "plurby", id = 38110072, score = 470, time = Posix 1698910353000, title = "Talk-Llama", type_ = "story", url = Just "https://github.com/ggerganov/whisper.cpp/tree/master/examples/talk-llama" }, { by = "mNovak", id = 38120388, score = 411, time = Posix 1698960362000, title = "Tell HN: Submit comments to IRS re tax treatment of software dev expenses", type_ = "story", url = Nothing }, { by = "Terretta", id = 38136863, score = 203, time = Posix 1699058450000, title = "Telling GPT-4 you're scared or under pressure improves performance", type_ = "story", url = Just "https://aimodels.substack.com/p/telling-gpt-4-youre-scared-or-under" }, { by = "threePointFive", id = 38136404, score = 98, time = Posix 1699054151000, title = "Telnet BBS Guide", type_ = "story", url = Just "https://www.telnetbbsguide.com/" }, { by = "belter", id = 38146339, score = 128, time = Posix 1699140638000, title = "Tesla strike widens as Swedish union expands blockade", type_ = "story", url = Just "https://www.thelocal.se/20231103/tesla-strike-widens-as-swedish-union-expands-blockade" }, { by = "PaulHoule", id = 38127629, score = 91, time = Posix 1699014080000, title = "The Anthropogenic Salt Cycle", type_ = "story", url = Just "https://www.nature.com/articles/s43017-023-00485-y" }, { by = "bookofjoe", id = 38114382, score = 80, time = Posix 1698937118000, title = "The Apple II Circuit Description (1983)", type_ = "story", url = Just "https://archive.org/details/taiicd" }, { by = "qsantos", id = 38125367, score = 184, time = Posix 1698994406000, title = "The Binder Linux driver is being rewritten in Rust", type_ = "story", url = Just "https://lore.kernel.org/rust-for-linux/20231101-rust-binder-v1-0-08ba9197f637@google.com/" }, { by = "kizunajp", id = 38146856, score = 57, time = Posix 1699145556000, title = "The First App Store", type_ = "story", url = Just "https://one-from-nippon.ghost.io/worlds-first-app-store/" }, { by = "mrzool", id = 38133632, score = 22, time = Posix 1699038680000, title = "The Future of RSS Is Textcasting", type_ = "story", url = Just "https://kottke.org/23/11/the-future-of-rss-is-textcasting-1" }, { by = "belter", id = 38141433, score = 67, time = Posix 1699108947000, title = "The Great Inflation", type_ = "story", url = Just "https://www.federalreservehistory.org/essays/great-inflation" }, { by = "prismatic", id = 38132331, score = 38, time = Posix 1699033599000, title = "The Miracle of Photography", type_ = "story", url = Just "https://themillions.com/2023/11/the-miracle-of-photography.html" }, { by = "austinallegro", id = 38136041, score = 111, time = Posix 1699051418000, title = "The Sega Hitachi HiSaturn Navi Console", type_ = "story", url = Just "https://nfggames.com/games/hisaturn/" }, { by = "petabyt", id = 38137119, score = 35, time = Posix 1699060729000, title = "The StahlDream", type_ = "story", url = Just "https://remexre.com/stahl/dream" }, { by = "nullhole", id = 38141328, score = 13, time = Posix 1699108323000, title = "The Trust Principles", type_ = "story", url = Just "https://www.thomsonreuters.com/en/about-us/trust-principles.html" }, { by = "efface", id = 38105839, score = 200, time = Posix 1698875579000, title = "The business of extracting knowledge from academic publications", type_ = "story", url = Just "https://www.theseedsofscience.pub/p/the-business-of-extracting-knowledge" }, { by = "selimthegrim", id = 38145054, score = 105, time = Posix 1699131495000, title = "The cottage industry of YouTube obituary pirates", type_ = "story", url = Just "https://www.wired.com/story/youtube-obituary-pirates/" }, { by = "benbreen", id = 38147981, score = 84, time = Posix 1699156421000, title = "The world nearly adopted a calendar with 13 months of 28 days", type_ = "story", url = Just "https://www.washingtonpost.com/history/2023/11/04/battle-sabbath-13-month-calendar/" }, { by = "henrik_w", id = 38142632, score = 31, time = Posix 1699115914000, title = "Things I like about Zig as a Go Programmer", type_ = "story", url = Just "https://medium.com/@vladimirvivien/things-i-like-about-zig-as-a-go-programmer-75eb02aab00f" }, { by = "badrabbit", id = 38147459, score = 96, time = Posix 1699151182000, title = "Topic: Discord Stealer", type_ = "story", url = Just "https://github.com/topics/discord-stealer" }, { by = "dgudkov", id = 38146809, score = 6, time = Posix 1699145056000, title = "Towards Modern Development of Cloud Applications [pdf]", type_ = "story", url = Just "https://sigops.org/s/conferences/hotos/2023/papers/ghemawat.pdf" }, { by = "asicsp", id = 38124114, score = 83, time = Posix 1698982071000, title = "Translations of Russ Cox's Thompson NFA C Program to Rust", type_ = "story", url = Just "https://github.com/BurntSushi/rsc-regexp" }, { by = "MilnerRoute", id = 38146445, score = 19, time = Posix 1699141527000, title = "U.S. cities consider banning \"right on red\" laws amid rise in pedestrian deaths", type_ = "story", url = Just "https://www.cbsnews.com/news/pedestrian-deaths-right-on-red-ban/" }, { by = "intunderflow", id = 38144047, score = 57, time = Posix 1699124257000, title = "UK plans to redefine extremism to include undermining the country", type_ = "story", url = Just "https://www.theguardian.com/uk-news/2023/nov/04/plans-to-redefine-extremism-would-include-undermining-uk-values" }, { by = "jandeboevrie", id = 38136590, score = 9, time = Posix 1699055875000, title = "Upgrading my Chumby 8 kernel part 7: touchscreen", type_ = "story", url = Just "https://www.downtowndougbrown.com/2023/11/upgrading-my-chumby-8-kernel-part-7-touchscreen/" }, { by = "PaulHoule", id = 38136689, score = 205, time = Posix 1699056717000, title = "Uranium demand hits decade high as nuclear renaissance gains traction", type_ = "story", url = Just "https://oilprice.com/The-Environment/Global-Warming/Uranium-Demand-Hits-Decade-High-As-Nuclear-Renaissance-Gains-Traction.html" }, { by = "sbt567", id = 38108564, score = 40, time = Posix 1698894868000, title = "Vivo Unveils BlueOS, Based on Rust Language", type_ = "story", url = Just "https://sparrowsnews.com/2023/11/01/vivo-unveils-blueos-operating-system/" }, { by = "selvan", id = 38109020, score = 142, time = Posix 1698899569000, title = "WasmGC – Run GC languages such as Kotlin, Java in Chrome browser", type_ = "story", url = Just "https://developer.chrome.com/blog/wasmgc/" }, { by = "stonepresto", id = 38145205, score = 52, time = Posix 1699132571000, title = "Welcome to the New GamersNexus Website v5.0: A Message", type_ = "story", url = Just "https://gamersnexus.net/gn-extras/welcome-new-gamersnexus-website-v50-message" }, { by = "Thevet", id = 38133699, score = 43, time = Posix 1699038883000, title = "What is a Teddy Roosevelt presidential library doing in North Dakota?", type_ = "story", url = Just "https://www.nytimes.com/2023/10/27/arts/theodore-roosevelt-presidential-library.html" }, { by = "johhns4", id = 38126764, score = 30, time = Posix 1699008086000, title = "What's the difference between LangChain, llama indexand others like autollm?", type_ = "story", url = Nothing }, { by = "jawns", id = 38140390, score = 117, time = Posix 1699100658000, title = "When to Shut Up: A Visual Guide (With Included Algorithm)", type_ = "story", url = Just "https://shaungallagher.pressbin.com/blog/shut-up.html" }, { by = "ingve", id = 38095276, score = 262, time = Posix 1698821169000, title = "Why ACPI?", type_ = "story", url = Just "https://mjg59.dreamwidth.org/68350.html" }, { by = "abahlo", id = 38126210, score = 177, time = Posix 1699002633000, title = "Why You Should Write Your Own Static Site Generator", type_ = "story", url = Just "https://arne.me/articles/write-your-own-ssg" }, { by = "bookofjoe", id = 38098779, score = 318, time = Posix 1698849513000, title = "Why doctors in America earn so much", type_ = "story", url = Just "https://www.economist.com/united-states/2023/10/31/why-doctors-in-america-earn-so-much" }, { by = "benbreen", id = 38134303, score = 56, time = Posix 1699042066000, title = "Why is RC Cola popular in Tajikistan?", type_ = "story", url = Just "https://www.snackstack.net/p/why-is-rc-cola-popular-in-tajikistan" }, { by = "lagniappe", id = 38107711, score = 244, time = Posix 1698887782000, title = "Window-swap – open a new window somewhere in the world", type_ = "story", url = Just "https://www.window-swap.com/" }, { by = "_Microft", id = 38135265, score = 225, time = Posix 1699047160000, title = "Wooden Game Boy", type_ = "story", url = Just "https://there.oughta.be/a/wooden-game-boy" }, { by = "oferzelig", id = 38148691, score = 6, time = Posix 1699163845000, title = "X.ai Grok", type_ = "story", url = Just "https://grok.x.ai/" }, { by = "g42gregory", id = 38108873, score = 792, time = Posix 1698897921000, title = "Yann LeCun: AI one-percenters seizing power forever is real doomsday scenario", type_ = "story", url = Just "https://www.businessinsider.com/sam-altman-and-demis-hassabis-just-want-to-control-ai-2023-10" }, { by = "Tomte", id = 38134935, score = 59, time = Posix 1699045201000, title = "Yorick is an interpreted programming language for scientific simulations", type_ = "story", url = Just "https://yorick.sourceforge.net/" }, { by = "vincelt", id = 38141913, score = 5, time = Posix 1699111577000, title = "You Are Not Late (2014)", type_ = "story", url = Just "https://kk.org/thetechnium/you-are-not-late/" }, { by = "ossusermivami", id = 38136155, score = 35, time = Posix 1699052157000, title = "You don't need a terminal emulator · Andrey Listopadov", type_ = "story", url = Just "https://andreyor.st/posts/2023-10-27-you-dont-need-a-terminal-emulator/" }, { by = "meandave", id = 38144530, score = 82, time = Posix 1699127713000, title = "You're Gonna Need a Bigger Browser", type_ = "story", url = Just "https://berjon.com/bigger-browser/" }, { by = "thunderbong", id = 38137917, score = 231, time = Posix 1699068894000, title = "YouTube's plan backfires, people are installing better ad blockers", type_ = "story", url = Just "https://www.androidauthority.com/youtube-ad-block-installs-3382289/" }, { by = "ColoursofOSINT", id = 38089342, score = 666, time = Posix 1698777232000, title = "macOS Sonoma Boot Failures", type_ = "story", url = Just "https://github.com/AsahiLinux/docs/wiki/macOS-Sonoma-Boot-Failures" }, { by = "cstrahan", id = 38104554, score = 297, time = Posix 1698870262000, title = "macOS Sonoma Broke Grep", type_ = "story", url = Just "https://developer.apple.com/forums/thread/738862" }
    ╷
    │ Expect.equalLists
    ╵
    { by = "scrlk", id = 38114943, score = 182, time = Posix 1698939114000, title = "Intel Itanium IA-64 Support Removed with the Linux 6.7 Kernel", type_ = "story", url = Just "https://www.phoronix.com/news/Intel-IA-64-Removed-Linux-6.7" }, { by = "sillysaurusx", id = 38149093, score = 75, time = Posix 1699169400000, title = "LLM companies to access largest Chinese non-fiction book collection", type_ = "story", url = Just "https://annas-blog.org/duxiu-exclusive.html" }, { by = "vyrotek", id = 38144400, score = 512, time = Posix 1699126731000, title = "NewPipe – Lightweight YouTube experience for Android", type_ = "story", url = Just "https://newpipe.net/" }, { by = "Tepix", id = 38141366, score = 557, time = Posix 1699108556000, title = "Othello Is Solved?", type_ = "story", url = Just "https://arxiv.org/abs/2310.19387" }, { by = "sohkamyung", id = 38146382, score = 51, time = Posix 1699140957000, title = "Planes, Spheres and Pseudospheres", type_ = "story", url = Just "https://www.gregegan.net/SCIENCE/PSP/PSP.html" }, { by = "luu", id = 38144772, score = 37, time = Posix 1699129495000, title = "Representations / strategies for noncooperative games with imperfect information [pdf]", type_ = "story", url = Just "https://www2.cs.sfu.ca/~bbart/personal/masters-thesis.pdf" }, { by = "willswire", id = 38147438, score = 26, time = Posix 1699151020000, title = "Shadows Edge Software", type_ = "story", url = Just "https://www.shadowsedge.mil/What-We-Do/" }, { by = "dlock17", id = 38146154, score = 83, time = Posix 1699139194000, title = "Show HN: Gogosseract, a Go Lib for CGo-Free Tesseract OCR via Wazero", type_ = "story", url = Just "https://github.com/Danlock/gogosseract" }, { by = "pranay01", id = 38148992, score = 1, time = Posix 1699167669000, title = "SigNoz (YC W21), open source observability platform, hiring SREs (Remote)", type_ = "job", url = Just "https://signoz.io/careers/site-reliability-engineer/" }, { by = "kizunajp", id = 38146856, score = 57, time = Posix 1699145556000, title = "The First App Store", type_ = "story", url = Just "https://one-from-nippon.ghost.io/worlds-first-app-store/" }
    
    The first diff is at index 0: it was `{ by = "franze", id = 38127131, score = 64, time = Posix 1699010723000, title = "999 Request Denied", type_ = "story", url = Just "https://http.dev/999" }`, but `{ by = "scrlk", id = 38114943, score = 182, time = Posix 1698939114000, title = "Intel Itanium IA-64 Support Removed with the Linux 6.7 Kernel", type_ = "story", url = Just "https://www.phoronix.com/news/Intel-IA-64-Removed-Linux-6.7" }` was expected.


↓ PostsConfigTests
↓ module Model.PostsConfig
↓ sortBy
✗ The final list is sorted descending by score when sortBy is Score

    { by = "donohoe", id = 38122061, score = 1952, time = Posix 1698968957000, title = "Sam Bankman-Fried Convicted", type_ = "story", url = Just "https://www.nytimes.com/live/2023/11/02/business/sam-bankman-fried-trial" }, { by = "jart", id = 38101613, score = 1187, time = Posix 1698859540000, title = "Cosmopolitan Third Edition", type_ = "story", url = Just "https://justine.lol/cosmo3/" }, { by = "elvis70", id = 38132016, score = 1114, time = Posix 1699032376000, title = "As I retire, my goal now is to release 40+ years of source code", type_ = "story", url = Just "https://dunfield.themindfactory.com/dnldsrc.htm" }, { by = "g42gregory", id = 38108873, score = 792, time = Posix 1698897921000, title = "Yann LeCun: AI one-percenters seizing power forever is real doomsday scenario", type_ = "story", url = Just "https://www.businessinsider.com/sam-altman-and-demis-hassabis-just-want-to-control-ai-2023-10" }, { by = "donpott", id = 38130418, score = 674, time = Posix 1699025931000, title = "I trapped scammers in an impossible maze [video]", type_ = "story", url = Just "https://www.youtube.com/watch?v=dWzz3NeDz3E" }, { by = "ColoursofOSINT", id = 38089342, score = 666, time = Posix 1698777232000, title = "macOS Sonoma Boot Failures", type_ = "story", url = Just "https://github.com/AsahiLinux/docs/wiki/macOS-Sonoma-Boot-Failures" }, { by = "hackerbeat", id = 38089247, score = 645, time = Posix 1698776835000, title = "Copying Angry Birds with nothing but AI", type_ = "story", url = Just "https://twitter.com/javilopen/status/1719363262179938401" }, { by = "perihelions", id = 38121250, score = 605, time = Posix 1698964208000, title = "In 1886, the US commissioned watercolor paintings of every known fruit (2019)", type_ = "story", url = Just "https://www.openculture.com/2019/06/the-us-government-commissioned-7500-watercolor-paintings.html" }, { by = "soheilpro", id = 38112951, score = 591, time = Posix 1698930333000, title = "Confusing Git Terminology", type_ = "story", url = Just "https://jvns.ca/blog/2023/11/01/confusing-git-terminology/" }, { by = "Tepix", id = 38141366, score = 557, time = Posix 1699108556000, title = "Othello Is Solved?", type_ = "story", url = Just "https://arxiv.org/abs/2310.19387" }, { by = "nateb2022", id = 38136607, score = 543, time = Posix 1699055994000, title = "Portugal. The Man – Official Website Is a Google Sheets Document", type_ = "story", url = Just "https://www.portugaltheman.com/?frontpage=true" }, { by = "mnot", id = 38109494, score = 537, time = Posix 1698904662000, title = "Last Chance to fix eIDAS: Secret EU law threatens Internet security", type_ = "story", url = Just "https://last-chance-for-eidas.org/" }, { by = "vyrotek", id = 38144400, score = 512, time = Posix 1699126731000, title = "NewPipe – Lightweight YouTube experience for Android", type_ = "story", url = Just "https://newpipe.net/" }, { by = "whoishiring", id = 38099086, score = 481, time = Posix 1698850843000, title = "Ask HN: Who is hiring? (November 2023)", type_ = "story", url = Nothing }, { by = "plurby", id = 38110072, score = 470, time = Posix 1698910353000, title = "Talk-Llama", type_ = "story", url = Just "https://github.com/ggerganov/whisper.cpp/tree/master/examples/talk-llama" }, { by = "ShMcK", id = 38128699, score = 467, time = Posix 1699019273000, title = "No dogs were harmed in the making of this app", type_ = "story", url = Just "https://shmck.substack.com/p/no-dogs-were-harmed-in-the-making" }, { by = "Tomte", id = 38117556, score = 453, time = Posix 1698947997000, title = "Light can make water evaporate without heat", type_ = "story", url = Just "https://news.mit.edu/2023/surprising-finding-light-makes-water-evaporate-without-heat-1031" }, { by = "eastdakota", id = 38138640, score = 451, time = Posix 1699078841000, title = "Post Mortem on Cloudflare Control Plane and Analytics Outage", type_ = "story", url = Just "https://blog.cloudflare.com/post-mortem-on-cloudflare-control-plane-and-analytics-outage/" }, { by = "kiyanwang", id = 38125348, score = 417, time = Posix 1698994231000, title = "Bringing garbage collected programming languages efficiently to WebAssembly", type_ = "story", url = Just "https://v8.dev/blog/wasm-gc-porting" }, { by = "mNovak", id = 38120388, score = 411, time = Posix 1698960362000, title = "Tell HN: Submit comments to IRS re tax treatment of software dev expenses", type_ = "story", url = Nothing }, { by = "todsacerdoti", id = 38095699, score = 335, time = Posix 1698826089000, title = "How Bear does analytics with CSS", type_ = "story", url = Just "https://herman.bearblog.dev/how-bear-does-analytics-with-css/" }, { by = "bookofjoe", id = 38098779, score = 318, time = Posix 1698849513000, title = "Why doctors in America earn so much", type_ = "story", url = Just "https://www.economist.com/united-states/2023/10/31/why-doctors-in-america-earn-so-much" }, { by = "stevefan1999", id = 38137373, score = 313, time = Posix 1699063305000, title = "AMD MicroBlaze V Processor: A Flexible and Efficient RISC-V Processor", type_ = "story", url = Just "https://www.xilinx.com/products/design-tools/microblaze-v.html" }, { by = "przmk", id = 38144417, score = 304, time = Posix 1699126785000, title = "Bevy 0.12", type_ = "story", url = Just "https://bevyengine.org/news/bevy-0-12/" }, { by = "cstrahan", id = 38104554, score = 297, time = Posix 1698870262000, title = "macOS Sonoma Broke Grep", type_ = "story", url = Just "https://developer.apple.com/forums/thread/738862" }, { by = "omarfarooq", id = 38093353, score = 274, time = Posix 1698800141000, title = "Distil-Whisper: distilled version of Whisper that is 6 times faster, 49% smaller", type_ = "story", url = Just "https://github.com/huggingface/distil-whisper" }, { by = "dangoldin", id = 38118577, score = 264, time = Posix 1698952545000, title = "From S3 to R2: An economic opportunity", type_ = "story", url = Just "https://dansdatathoughts.substack.com/p/from-s3-to-r2-an-economic-opportunity" }, { by = "ingve", id = 38095276, score = 262, time = Posix 1698821169000, title = "Why ACPI?", type_ = "story", url = Just "https://mjg59.dreamwidth.org/68350.html" }, { by = "jlpcsl", id = 38143180, score = 257, time = Posix 1699118819000, title = "Software that supports your body should always respect your freedom", type_ = "story", url = Just "https://www.fsf.org/blogs/community/software-that-supports-your-body-should-always-respect-your-freedom" }, { by = "ericdanielski", id = 38139011, score = 252, time = Posix 1699084788000, title = "How to stop adulterated turmeric from killing people", type_ = "story", url = Just "https://www.economist.com/leaders/2023/11/02/how-to-stop-turmeric-from-killing-people" }, { by = "stanulilic", id = 38127560, score = 251, time = Posix 1699013703000, title = "Rwanda joins Kenya to initiate visa-free travel for all Africans", type_ = "story", url = Just "https://africa.businessinsider.com/local/leaders/from-barriers-to-unity-rwanda-joins-kenya-to-initiate-visa-free-travel-for-all/hhqe29q" }, { by = "voisin", id = 38136314, score = 250, time = Posix 1699053413000, title = "Bayer hit with $332M judgement in Roundup cancer trial", type_ = "story", url = Just "https://fortune.com/2023/11/03/bayer-332-million-judgement-trial-man-cancer-decades-monsanto-roundup-weedkiller/" }, { by = "lagniappe", id = 38107711, score = 244, time = Posix 1698887782000, title = "Window-swap – open a new window somewhere in the world", type_ = "story", url = Just "https://www.window-swap.com/" }, { by = "oppodeldoc", id = 38106461, score = 235, time = Posix 1698878878000, title = "Lemming Suicide Myth: Disney Film Faked Bogus Behavior", type_ = "story", url = Just "https://www.adfg.alaska.gov/index.cfm?adfg=wildlifenews.view_article&articles_id=56" }, { by = "gregorymichael", id = 38120097, score = 235, time = Posix 1698958954000, title = "Sally Ignore Previous Instructions", type_ = "story", url = Just "https://www.haihai.ai/pen15/" }, { by = "thunderbong", id = 38137917, score = 231, time = Posix 1699068894000, title = "YouTube's plan backfires, people are installing better ad blockers", type_ = "story", url = Just "https://www.androidauthority.com/youtube-ad-block-installs-3382289/" }, { by = "jongalloway2", id = 38122396, score = 227, time = Posix 1698970499000, title = "Audacity 3.4", type_ = "story", url = Just "https://www.audacityteam.org/blog/audacity-3-4/" }, { by = "_Microft", id = 38135265, score = 225, time = Posix 1699047160000, title = "Wooden Game Boy", type_ = "story", url = Just "https://there.oughta.be/a/wooden-game-boy" }, { by = "lxm", id = 38137377, score = 224, time = Posix 1699063376000, title = "A blog post is a long and complex search query to find people (2022)", type_ = "story", url = Just "https://www.henrikkarlsson.xyz/p/search-query" }, { by = "wjSgoWPm5bWAhXB", id = 38127906, score = 224, time = Posix 1699015662000, title = "First observation of a virus attaching to another virus", type_ = "story", url = Just "https://umbc.edu/stories/first-observed-virus-attaching-to-another/" }, { by = "sjm217", id = 38126997, score = 221, time = Posix 1699009722000, title = "Joint statement of scientists and NGOs on the EU’s proposed eIDAS reform", type_ = "story", url = Just "https://eidas-open-letter.org/" }, { by = "edent", id = 38139687, score = 220, time = Posix 1699093638000, title = "A 6 channel GPS receiver from 1993", type_ = "story", url = Just "https://mastodon.sdf.org/@keelan/111349948124943603" }, { by = "alexzeitler", id = 38134861, score = 219, time = Posix 1699044810000, title = "Asciinema: Record and share your terminal sessions, the simple way", type_ = "story", url = Just "https://asciinema.org/" }, { by = "ingve", id = 38125771, score = 212, time = Posix 1698998390000, title = "M3 Macs: there's more to performance than counting cores", type_ = "story", url = Just "https://eclecticlight.co/2023/11/03/m3-macs-theres-more-to-performance-than-counting-cores/" }, { by = "Zolomon", id = 38120598, score = 208, time = Posix 1698961263000, title = "Course using F#: Write your own tiny programming system(s)", type_ = "story", url = Just "https://d3s.mff.cuni.cz/teaching/nprg077/" }, { by = "zdw", id = 38103616, score = 206, time = Posix 1698867036000, title = "Now you're thinking with relays", type_ = "story", url = Just "https://lcamtuf.substack.com/p/now-youre-thinking-with-relays" }, { by = "PaulHoule", id = 38136689, score = 205, time = Posix 1699056717000, title = "Uranium demand hits decade high as nuclear renaissance gains traction", type_ = "story", url = Just "https://oilprice.com/The-Environment/Global-Warming/Uranium-Demand-Hits-Decade-High-As-Nuclear-Renaissance-Gains-Traction.html" }, { by = "derbOac", id = 38138187, score = 204, time = Posix 1699072786000, title = "Maersk to cut 10k jobs as shipping demand drops", type_ = "story", url = Just "https://www.reuters.com/business/shipping-giant-maersk-q3-above-expectation-sees-fy-lower-end-range-2023-11-03/" }, { by = "Terretta", id = 38136863, score = 203, time = Posix 1699058450000, title = "Telling GPT-4 you're scared or under pressure improves performance", type_ = "story", url = Just "https://aimodels.substack.com/p/telling-gpt-4-youre-scared-or-under" }, { by = "gzer0", id = 38130309, score = 202, time = Posix 1699025430000, title = "GPT-4 Update: 32K Context Window Now for All Users", type_ = "story", url = Just "https://github.com/spdustin/ChatGPT-AutoExpert/blob/main/_system-prompts/all_tools.md" }, { by = "mairindubh", id = 38133963, score = 201, time = Posix 1699040343000, title = "Podman Desktop v1.5 with Compose onboarding and enhanced Kubernetes pod data", type_ = "story", url = Just "https://podman-desktop.io/blog/podman-desktop-release-1.5" }, { by = "efface", id = 38105839, score = 200, time = Posix 1698875579000, title = "The business of extracting knowledge from academic publications", type_ = "story", url = Just "https://www.theseedsofscience.pub/p/the-business-of-extracting-knowledge" }, { by = "Brajeshwar", id = 38130870, score = 199, time = Posix 1699028113000, title = "Okta hit by third-party breach, stealing employee data", type_ = "story", url = Just "https://arstechnica.com/security/2023/11/okta-hit-by-another-breach-this-one-stealing-employee-data-from-3rd-party-vendor/" }, { by = "elisaado", id = 38141320, score = 195, time = Posix 1699108277000, title = "Paste without formatting on macOS", type_ = "story", url = Just "https://scottswezey.com/always-paste-without-formatting-macos/" }, { by = "thunderbong", id = 38139251, score = 193, time = Posix 1699088242000, title = "Is there anywhere in the world someone can just live for free?", type_ = "story", url = Just "https://reddit.com/r/NoStupidQuestions/comments/17mvukd/is_there_anywhere_in_the_world_someone_can_just/" }, { by = "austinallegro", id = 38135810, score = 188, time = Posix 1699050091000, title = "Surround sound test files for every audio format", type_ = "story", url = Just "https://drive.google.com/drive/folders/1JxmeedtAtgmoafXv9rroiDOS2vEX7N4b" }, { by = "leidenfrost", id = 38141173, score = 185, time = Posix 1699107231000, title = "KDE desktop cube effect returns", type_ = "story", url = Just "https://www.phoronix.com/news/KDE-Wayland-Color-Mgmt" }, { by = "qsantos", id = 38125367, score = 184, time = Posix 1698994406000, title = "The Binder Linux driver is being rewritten in Rust", type_ = "story", url = Just "https://lore.kernel.org/rust-for-linux/20231101-rust-binder-v1-0-08ba9197f637@google.com/" }, { by = "scrlk", id = 38114943, score = 182, time = Posix 1698939114000, title = "Intel Itanium IA-64 Support Removed with the Linux 6.7 Kernel", type_ = "story", url = Just "https://www.phoronix.com/news/Intel-IA-64-Removed-Linux-6.7" }, { by = "Tomte", id = 38126623, score = 179, time = Posix 1699006623000, title = "Pix2tex: Using a ViT to convert images of equations into LaTeX code", type_ = "story", url = Just "https://github.com/lukas-blecher/LaTeX-OCR" }, { by = "abahlo", id = 38126210, score = 177, time = Posix 1699002633000, title = "Why You Should Write Your Own Static Site Generator", type_ = "story", url = Just "https://arne.me/articles/write-your-own-ssg" }, { by = "apsec112", id = 38122631, score = 174, time = Posix 1698971680000, title = "MetNet-3: A state-of-the-art neural weather model", type_ = "story", url = Just "https://blog.research.google/2023/11/metnet-3-state-of-art-neural-weather.html?m=1" }, { by = "Hydrocharged", id = 38108044, score = 161, time = Posix 1698890374000, title = "Show HN: DoltgreSQL – Version-Controlled DB, Like Git and PostgreSQL had a baby", type_ = "story", url = Just "https://github.com/dolthub/doltgresql" }, { by = "iamflimflam1", id = 38142606, score = 160, time = Posix 1699115786000, title = "I need more USB power", type_ = "story", url = Just "https://atomic14.substack.com/p/i-need-more-usb-power" }, { by = "xrd", id = 38100541, score = 158, time = Posix 1698855712000, title = "Bank financing and bad urban planning make the retail apocalypse worse", type_ = "story", url = Just "https://www.businessinsider.com/bank-financing-urban-planning-pandemic-retail-apocalypse-vacant-storefront-2023-10" }, { by = "acifani", id = 38140242, score = 157, time = Posix 1699099310000, title = "Spin 2.0 – open-source tool for building and running WASM apps", type_ = "story", url = Just "https://www.fermyon.com/blog/introducing-spin-v2" }, { by = "kvnhn", id = 38138085, score = 157, time = Posix 1699071397000, title = "Making \"LCD, Please\"", type_ = "story", url = Just "https://dukope.com/devlogs/papers-please/lcdplease/" }, { by = "simonebrunozzi", id = 38140697, score = 156, time = Posix 1699103265000, title = "Shinzo Abe's Assassination", type_ = "story", url = Just "https://www.theatlantic.com/magazine/archive/2023/10/shinzo-abe-assassination-japan-unification-church-moonies/675114/" }, { by = "nabla9", id = 38111449, score = 155, time = Posix 1698921003000, title = "RegEx Crossword (2013)", type_ = "story", url = Just "https://jimbly.github.io/regex-crossword/" }, { by = "andyfrancis", id = 38130089, score = 154, time = Posix 1699024665000, title = "Guide to Adopting AV1 Encoding", type_ = "story", url = Just "https://bitmovin.com/av1/av1-encoding-guide/" }, { by = "raybb", id = 38141006, score = 149, time = Posix 1699106066000, title = "Starfish bodies aren’t bodies at all, study finds", type_ = "story", url = Just "https://www.cnn.com/2023/11/02/world/starfish-head-body-plan-scn/index.html" }, { by = "kaypee901", id = 38134381, score = 148, time = Posix 1699042445000, title = "Microsoft is retiring Visual Studio for Mac in 2024", type_ = "story", url = Just "https://visualstudio.microsoft.com/vs/mac/" }, { by = "notmysql_", id = 38123526, score = 147, time = Posix 1698977455000, title = "Email.radio – Free Email Domain for Licensed Ham Radio Operators", type_ = "story", url = Just "https://email.radio/" }, { by = "rbanffy", id = 38120497, score = 146, time = Posix 1698960829000, title = "How big data carried graph theory into new dimensions", type_ = "story", url = Just "https://www.quantamagazine.org/how-big-data-carried-graph-theory-into-new-dimensions-20210819/" }, { by = "signa11", id = 38121765, score = 146, time = Posix 1698966832000, title = "Hyphens, minus, and dashes in Debian man pages", type_ = "story", url = Just "https://lwn.net/Articles/947941/" }, { by = "pierre-renaux", id = 38140833, score = 145, time = Posix 1699104640000, title = "Cooperative C++ Evolution – Toward a TypeScript for C++", type_ = "story", url = Just "https://herbsutter.com/2023/10/09/my-new-cppcon-talk-is-on-youtube-cooperative-c-evolution-toward-a-typescript-for-c/" }, { by = "selvan", id = 38109020, score = 142, time = Posix 1698899569000, title = "WasmGC – Run GC languages such as Kotlin, Java in Chrome browser", type_ = "story", url = Just "https://developer.chrome.com/blog/wasmgc/" }, { by = "tintinnabula", id = 38119463, score = 139, time = Posix 1698956195000, title = "Louis Armstrong's Last Word", type_ = "story", url = Just "https://www.thenation.com/article/culture/louis-armstrong-archive/" }, { by = "weird_user", id = 38131460, score = 137, time = Posix 1699030348000, title = "Nuclear Conversion for Starship", type_ = "story", url = Just "http://toughsf.blogspot.com/2021/10/nuclear-conversion-for-starship.html" }, { by = "michelangelo", id = 38146122, score = 132, time = Posix 1699138933000, title = "SARS-CoV-2 Infection Affects Energy Stores in the Body, Causing Organ Failure", type_ = "story", url = Just "https://news.unchealthcare.org/2023/10/researchers-show-sars-cov-2-infection-affects-energy-stores-in-the-body-causing-organ-failure/" }, { by = "GOPbIHbI4", id = 38137879, score = 132, time = Posix 1699068531000, title = "Classes vs. structs in .NET: how not to teach about performance", type_ = "story", url = Just "https://sergeyteplyakov.github.io/Blog/benchmarking/2023/11/02/Performance_Comparison_For_Classes_vs_Structs.html" }, { by = "belter", id = 38146339, score = 128, time = Posix 1699140638000, title = "Tesla strike widens as Swedish union expands blockade", type_ = "story", url = Just "https://www.thelocal.se/20231103/tesla-strike-widens-as-swedish-union-expands-blockade" }, { by = "pndy", id = 38110679, score = 126, time = Posix 1698915300000, title = "Bibi-binary", type_ = "story", url = Just "https://en.wikipedia.org/wiki/Bibi-binary" }, { by = "zone411", id = 38148396, score = 125, time = Posix 1699160553000, title = "Grok", type_ = "story", url = Just "https://twitter.com/xai/status/1721027348970238035" }, { by = "nixass", id = 38146676, score = 124, time = Posix 1699143820000, title = "My experience taking Tesla to court about FSD", type_ = "story", url = Just "https://teslamotorsclub.com/tmc/threads/my-experience-taking-tesla-to-court-about-fsd.315086/" }, { by = "Petiver", id = 38122465, score = 124, time = Posix 1698970868000, title = "If you plant milkweed, they will come", type_ = "story", url = Just "https://www.nytimes.com/2023/10/25/realestate/gardening-milkweed-plants-butterflies.html" }, { by = "Stratoscope", id = 38124998, score = 124, time = Posix 1698990518000, title = "Ken Mattingly, astronaut scrubbed from Apollo 13, has died", type_ = "story", url = Just "https://www.nytimes.com/2023/11/02/science/space/ken-mattingly-dead.html" }, { by = "croes", id = 38145461, score = 122, time = Posix 1699134199000, title = "New Microsoft Exchange zero-days allow RCE, data theft attacks", type_ = "story", url = Just "https://www.bleepingcomputer.com/news/microsoft/new-microsoft-exchange-zero-days-allow-rce-data-theft-attacks/" }, { by = "rblank", id = 38133134, score = 117, time = Posix 1699037104000, title = "Show HN: MicroLua – Lua for the RP2040 Microcontroller", type_ = "story", url = Just "https://github.com/MicroLua/MicroLua" }, { by = "jawns", id = 38140390, score = 117, time = Posix 1699100658000, title = "When to Shut Up: A Visual Guide (With Included Algorithm)", type_ = "story", url = Just "https://shaungallagher.pressbin.com/blog/shut-up.html" }, { by = "sizzle", id = 38134181, score = 114, time = Posix 1699041510000, title = "Embracing community helps us live longer, and be happier (2017)", type_ = "story", url = Just "https://news.harvard.edu/gazette/story/2017/04/over-nearly-80-years-harvard-study-has-been-showing-how-to-live-a-healthy-and-happy-life/" }, { by = "momirlan", id = 38121199, score = 113, time = Posix 1698964009000, title = "Auto industry executives admit electric vehicle plans are in jeopardy", type_ = "story", url = Just "https://www.businessinsider.com/auto-executives-coming-clean-evs-arent-working-2023-10" }, { by = "thunderbong", id = 38114871, score = 112, time = Posix 1698938877000, title = "Lahaina Noon", type_ = "story", url = Just "https://en.wikipedia.org/wiki/Lahaina_Noon" }, { by = "thunderbong", id = 38125256, score = 112, time = Posix 1698993413000, title = "Frink is a programming language designed to make physical calculations simple", type_ = "story", url = Just "https://frinklang.org/" }, { by = "austinallegro", id = 38136041, score = 111, time = Posix 1699051418000, title = "The Sega Hitachi HiSaturn Navi Console", type_ = "story", url = Just "https://nfggames.com/games/hisaturn/" }, { by = "transpute", id = 38125379, score = 111, time = Posix 1698994522000, title = "Enable ARMv9 Memory Tagging Extension (MTE) on Pixel 8", type_ = "story", url = Just "https://outflux.net/blog/archives/2023/10/26/enable-mte-on-pixel-8/" }, { by = "rom1v", id = 38143818, score = 110, time = Posix 1699122631000, title = "Scrcpy 2.2 adds Android camera mirroring", type_ = "story", url = Just "https://github.com/Genymobile/scrcpy/releases/tag/v2.2" }, { by = "shcheklein", id = 38120493, score = 108, time = Posix 1698960803000, title = "ML Experiments Management with Git", type_ = "story", url = Just "https://github.com/iterative/dvc" }, { by = "belter", id = 38143984, score = 106, time = Posix 1699123807000, title = "AI and Open Source in 2023", type_ = "story", url = Just "https://magazine.sebastianraschka.com/p/ai-and-open-source-in-2023" }, { by = "selimthegrim", id = 38145054, score = 105, time = Posix 1699131495000, title = "The cottage industry of YouTube obituary pirates", type_ = "story", url = Just "https://www.wired.com/story/youtube-obituary-pirates/" }, { by = "RadixDLT", id = 38146696, score = 102, time = Posix 1699143985000, title = "Soda additive linked to thyroid toxicity may finally get banned by FDA", type_ = "story", url = Just "https://arstechnica.com/health/2023/11/50-years-later-fda-proposes-banning-a-food-additive-it-said-is-not-safe/" }, { by = "goranmoomin", id = 38137975, score = 101, time = Posix 1699069571000, title = "Sometimes, it is a compiler bug (2022)", type_ = "story", url = Just "https://quick-lint-js.com/blog/bug-journey/" }, { by = "belltaco", id = 38146837, score = 99, time = Posix 1699145268000, title = "Daylight saving time can seriously affect your health", type_ = "story", url = Just "https://apnews.com/article/daylight-saving-2023-fall-back-a3738d5c74301b8068825927c49fc6b4" }, { by = "threePointFive", id = 38136404, score = 98, time = Posix 1699054151000, title = "Telnet BBS Guide", type_ = "story", url = Just "https://www.telnetbbsguide.com/" }, { by = "badrabbit", id = 38147459, score = 96, time = Posix 1699151182000, title = "Topic: Discord Stealer", type_ = "story", url = Just "https://github.com/topics/discord-stealer" }, { by = "scapecast", id = 38130060, score = 96, time = Posix 1699024561000, title = "Jevons paradox", type_ = "story", url = Just "https://en.wikipedia.org/wiki/Jevons_paradox" }, { by = "samclemens", id = 38144584, score = 91, time = Posix 1699128056000, title = "Lapham's Quarterly Is on Hiatus", type_ = "story", url = Just "https://www.laphamsquarterly.org/roundtable/hiatus" }, { by = "PaulHoule", id = 38127629, score = 91, time = Posix 1699014080000, title = "The Anthropogenic Salt Cycle", type_ = "story", url = Just "https://www.nature.com/articles/s43017-023-00485-y" }, { by = "midnightdiesel", id = 38145062, score = 89, time = Posix 1699131540000, title = "GM's Cruise alleged to rely on human operators to achieve \"autonomous\" driving", type_ = "story", url = Just "https://www.nytimes.com/2023/11/03/technology/cruise-general-motors-self-driving-cars.html" }, { by = "bikenaga", id = 38121261, score = 87, time = Posix 1698964276000, title = "Everything We Know About 1970s Mainframe RPGs We Can No Longer Play", type_ = "story", url = Just "http://crpgaddict.blogspot.com/2021/06/brief-everything-we-know-about-1970s.html" }, { by = "alexmolas", id = 38126063, score = 85, time = Posix 1699001204000, title = "How to help someone use a computer (1996)", type_ = "story", url = Just "https://pages.gseis.ucla.edu/faculty/agre/how-to-help.html" }, { by = "benbreen", id = 38147981, score = 84, time = Posix 1699156421000, title = "The world nearly adopted a calendar with 13 months of 28 days", type_ = "story", url = Just "https://www.washingtonpost.com/history/2023/11/04/battle-sabbath-13-month-calendar/" }, { by = "sintax", id = 38135619, score = 84, time = Posix 1699049018000, title = "First Handset with MTE on the Market", type_ = "story", url = Just "https://googleprojectzero.blogspot.com/2023/11/first-handset-with-mte-on-market.html" }, { by = "dlock17", id = 38146154, score = 83, time = Posix 1699139194000, title = "Show HN: Gogosseract, a Go Lib for CGo-Free Tesseract OCR via Wazero", type_ = "story", url = Just "https://github.com/Danlock/gogosseract" }, { by = "scyzoryk_xyz", id = 38144266, score = 83, time = Posix 1699125874000, title = "FTC Chair Lina Khan looks for allies and leads in Silicon Valley charm offensive", type_ = "story", url = Just "https://www.reuters.com/business/ftc-chair-lina-khan-looks-allies-leads-silicon-valley-charm-offensive-2023-11-03/" }, { by = "roody15", id = 38147606, score = 83, time = Posix 1699152889000, title = "Max is taking 4K away from its legacy ad-free subscribers", type_ = "story", url = Just "https://www.theverge.com/2023/11/2/23943859/max-4k-hbo-max-ad-free-subscribers" }, { by = "asicsp", id = 38124114, score = 83, time = Posix 1698982071000, title = "Translations of Russ Cox's Thompson NFA C Program to Rust", type_ = "story", url = Just "https://github.com/BurntSushi/rsc-regexp" }, { by = "meandave", id = 38144530, score = 82, time = Posix 1699127713000, title = "You're Gonna Need a Bigger Browser", type_ = "story", url = Just "https://berjon.com/bigger-browser/" }, { by = "diodorus", id = 38137713, score = 81, time = Posix 1699066588000, title = "Large-scale violence in Late Neolithic Western Europe based on skeletal evidence", type_ = "story", url = Just "https://www.nature.com/articles/s41598-023-43026-9" }, { by = "luu", id = 38121918, score = 81, time = Posix 1698967913000, title = "Enterprise-Fu", type_ = "story", url = Just "http://mike.daless.io/prez/enterprise-asbury-2013-10/slides.html" }, { by = "bookofjoe", id = 38114382, score = 80, time = Posix 1698937118000, title = "The Apple II Circuit Description (1983)", type_ = "story", url = Just "https://archive.org/details/taiicd" }, { by = "cebert", id = 38126840, score = 80, time = Posix 1699008771000, title = "AMD Unveils Ryzen Mobile 7040U Series with Zen 4c Efficiency Cores", type_ = "story", url = Just "https://www.anandtech.com/show/21111/amd-unveils-ryzen-7040u-series-with-zen-4c-smaller-cores-bigger-efficiency" }, { by = "sillysaurusx", id = 38149093, score = 75, time = Posix 1699169400000, title = "LLM companies to access largest Chinese non-fiction book collection", type_ = "story", url = Just "https://annas-blog.org/duxiu-exclusive.html" }, { by = "lxm", id = 38115364, score = 74, time = Posix 1698940588000, title = "How to pronounce the trickiest English words", type_ = "story", url = Just "https://www.wsj.com/business/media/how-to-pronounce-english-words-julien-miquel-58581065" }, { by = "basic_banana", id = 38126160, score = 74, time = Posix 1699002078000, title = "Clash, a tool to break China's Great Fire Wall, is Deleted in GitHub", type_ = "story", url = Just "https://github.com/Dreamacro/clash" }, { by = "dguo", id = 38135892, score = 71, time = Posix 1699050542000, title = "Edison Bulb Night Mode", type_ = "story", url = Just "https://www.petemillspaugh.com/edison-bulb" }, { by = "leotravis10", id = 38144158, score = 69, time = Posix 1699125064000, title = "Discord will switch to temporary file links to block malware delivery", type_ = "story", url = Just "https://www.bleepingcomputer.com/news/security/discord-will-switch-to-temporary-file-links-to-block-malware-delivery/" }, { by = "geox", id = 38115323, score = 68, time = Posix 1698940455000, title = "How “blue” and “green” appeared in a language that didn’t have words for them", type_ = "story", url = Just "https://news.mit.edu/2023/how-blue-and-green-appeared-language-1102" }, { by = "danboarder", id = 38143369, score = 68, time = Posix 1699119933000, title = "After decades of dreams, a commercial spaceplane is almost ready to fly", type_ = "story", url = Just "https://arstechnica.com/space/2023/11/after-decades-of-dreams-a-commercial-spaceplane-is-almost-ready-to-fly/" }, { by = "belter", id = 38141433, score = 67, time = Posix 1699108947000, title = "The Great Inflation", type_ = "story", url = Just "https://www.federalreservehistory.org/essays/great-inflation" }, { by = "bindidwodtj", id = 38109327, score = 66, time = Posix 1698902867000, title = "Formalizing 100 Theorems", type_ = "story", url = Just "https://www.cs.ru.nl/~freek/100/" }, { by = "chriskrycho", id = 38145194, score = 65, time = Posix 1699132523000, title = "How to Do a TypeScript Conversion: an opinionated take on gradual conversions", type_ = "story", url = Just "https://v5.chriskrycho.com/journal/how-to-do-a-typescript-conversion/" }, { by = "georgehill", id = 38144124, score = 65, time = Posix 1699124835000, title = "C++ Sudoku Solver by Singapore PM Lee Hsien Loong", type_ = "story", url = Just "https://twitter.com/adad8m/status/1720822885496049863" }, { by = "picture", id = 38136783, score = 65, time = Posix 1699057669000, title = "CPU-Z's Inadequate Benchmark", type_ = "story", url = Just "https://chipsandcheese.com/2023/11/03/cpu-zs-inadequate-benchmark/" }, { by = "franze", id = 38127131, score = 64, time = Posix 1699010723000, title = "999 Request Denied", type_ = "story", url = Just "https://http.dev/999" }, { by = "bricemo", id = 38146327, score = 62, time = Posix 1699140572000, title = "Disturbed Lands (National Park Service)", type_ = "story", url = Just "https://www.nps.gov/shen/learn/nature/disturbedlands.htm" }, { by = "Tomte", id = 38134935, score = 59, time = Posix 1699045201000, title = "Yorick is an interpreted programming language for scientific simulations", type_ = "story", url = Just "https://yorick.sourceforge.net/" }, { by = "bookofjoe", id = 38145402, score = 59, time = Posix 1699133880000, title = "Cats Make Nearly 300 Different Facial Expressions", type_ = "story", url = Just "https://www.smithsonianmag.com/smart-news/cats-make-nearly-300-different-facial-expressions-180983185/" }, { by = "Brajeshwar", id = 38115128, score = 58, time = Posix 1698939817000, title = "Quadratic Reciprocity: The connection that changed number theory", type_ = "story", url = Just "https://www.quantamagazine.org/the-hidden-connection-that-changed-number-theory-20231101/" }, { by = "nolist_policy", id = 38143690, score = 58, time = Posix 1699121799000, title = "Openela releases Red Hat source code on GitHub", type_ = "story", url = Just "https://github.com/orgs/openela-main/repositories" }, { by = "kizunajp", id = 38146856, score = 57, time = Posix 1699145556000, title = "The First App Store", type_ = "story", url = Just "https://one-from-nippon.ghost.io/worlds-first-app-store/" }, { by = "intunderflow", id = 38144047, score = 57, time = Posix 1699124257000, title = "UK plans to redefine extremism to include undermining the country", type_ = "story", url = Just "https://www.theguardian.com/uk-news/2023/nov/04/plans-to-redefine-extremism-would-include-undermining-uk-values" }, { by = "bauta-steen", id = 38147052, score = 56, time = Posix 1699147453000, title = "BeeWare Toga v0.4.0 – A Python native, OS native GUI toolkit", type_ = "story", url = Just "https://github.com/beeware/toga/releases/tag/v0.4.0" }, { by = "EvgeniyZh", id = 38134120, score = 56, time = Posix 1699041189000, title = "Accelerating digital block design with Google's open source Mid-Level Synthesis", type_ = "story", url = Just "https://antmicro.com/blog/2023/09/accelerating-digital-block-design-with-googles-xls/" }, { by = "benbreen", id = 38134303, score = 56, time = Posix 1699042066000, title = "Why is RC Cola popular in Tajikistan?", type_ = "story", url = Just "https://www.snackstack.net/p/why-is-rc-cola-popular-in-tajikistan" }, { by = "greenburger", id = 38142209, score = 56, time = Posix 1699113368000, title = "A carbohydrate revolution is speeding up pro cycling", type_ = "story", url = Just "https://velo.outsideonline.com/road/road-training/a-massive-change-how-a-carbohydrate-revolution-is-speeding-up-pro-cycling/" }, { by = "kristianp", id = 38148171, score = 52, time = Posix 1699158216000, title = "SpaceX poised for 'mid-November' launch of second Starship test flight", type_ = "story", url = Just "https://spaceflightnow.com/2023/11/04/spacex-poised-for-mid-november-of-second-starship-test-launch/" }, { by = "stonepresto", id = 38145205, score = 52, time = Posix 1699132571000, title = "Welcome to the New GamersNexus Website v5.0: A Message", type_ = "story", url = Just "https://gamersnexus.net/gn-extras/welcome-new-gamersnexus-website-v50-message" }, { by = "sohkamyung", id = 38146382, score = 51, time = Posix 1699140957000, title = "Planes, Spheres and Pseudospheres", type_ = "story", url = Just "https://www.gregegan.net/SCIENCE/PSP/PSP.html" }, { by = "kbns", id = 38142734, score = 49, time = Posix 1699116526000, title = "Searching for hidden silicon art on a microchip", type_ = "story", url = Just "https://twitter.com/microscopicture/status/1720837951238636018" }, { by = "tomcam", id = 38138637, score = 49, time = Posix 1699078799000, title = "HBO CEO Confesses to Trolling Critics with Fake Tweets: Rolling Stone", type_ = "story", url = Just "https://www.rollingstone.com/tv-movies/tv-movie-news/hbo-ceo-casey-bloys-confesses-trolling-critics-fake-twitter-accounts-dumb-idea-1234868710/" }, { by = "jeffreyjsatx", id = 38134389, score = 49, time = Posix 1699042503000, title = "Show HN: GitInsights – a weekly summary email of your team's GitHub activity", type_ = "story", url = Just "https://gitinsights.io/" }, { by = "asimpleusecase", id = 38146211, score = 46, time = Posix 1699139694000, title = "Delhi air pollution spikes to 100 times WHO health limit", type_ = "story", url = Just "https://www.theguardian.com/world/2023/nov/03/delhi-india-air-quality-pollution-spike-world-health-organization-limit" }, { by = "PaulHoule", id = 38115221, score = 44, time = Posix 1698940132000, title = "Chemists, engineers craft adjustable arrays of microscopic lenses", type_ = "story", url = Just "https://phys.org/news/2023-10-chemists-craft-adjustable-arrays-microscopic.html" }, { by = "Thevet", id = 38133699, score = 43, time = Posix 1699038883000, title = "What is a Teddy Roosevelt presidential library doing in North Dakota?", type_ = "story", url = Just "https://www.nytimes.com/2023/10/27/arts/theodore-roosevelt-presidential-library.html" }, { by = "sbt567", id = 38108564, score = 40, time = Posix 1698894868000, title = "Vivo Unveils BlueOS, Based on Rust Language", type_ = "story", url = Just "https://sparrowsnews.com/2023/11/01/vivo-unveils-blueos-operating-system/" }, { by = "keepamovin", id = 38126068, score = 39, time = Posix 1699001233000, title = "Liblinux – architecture-independent access to Linux system calls", type_ = "story", url = Just "https://github.com/matheusmoreira/liblinux" }, { by = "ourmandave", id = 38147278, score = 38, time = Posix 1699149573000, title = "SBF Is Headed to Prison but FTX Will Haunt the Crypto Community for Years", type_ = "story", url = Just "https://gizmodo.com/ftx-fbi-sam-bankman-fried-cryptocurrency-data-1850990825" }, { by = "prismatic", id = 38132331, score = 38, time = Posix 1699033599000, title = "The Miracle of Photography", type_ = "story", url = Just "https://themillions.com/2023/11/the-miracle-of-photography.html" }, { by = "luu", id = 38144772, score = 37, time = Posix 1699129495000, title = "Representations / strategies for noncooperative games with imperfect information [pdf]", type_ = "story", url = Just "https://www2.cs.sfu.ca/~bbart/personal/masters-thesis.pdf" }, { by = "zdw", id = 38142586, score = 37, time = Posix 1699115620000, title = "Mass producing the most expensive rice cooker [video]", type_ = "story", url = Just "https://www.youtube.com/watch?v=xLCwr8qG1p4" }, { by = "petabyt", id = 38137119, score = 35, time = Posix 1699060729000, title = "The StahlDream", type_ = "story", url = Just "https://remexre.com/stahl/dream" }, { by = "ossusermivami", id = 38136155, score = 35, time = Posix 1699052157000, title = "You don't need a terminal emulator · Andrey Listopadov", type_ = "story", url = Just "https://andreyor.st/posts/2023-10-27-you-dont-need-a-terminal-emulator/" }, { by = "belter", id = 38144229, score = 34, time = Posix 1699125601000, title = "China's TikTok users are being told that Aristotle did not exist", type_ = "story", url = Just "https://www.scmp.com/news/china/science/article/3240339/aristotle-becomes-latest-casualty-chinas-narrative-war-west-scholar-questions-philosophers-existence" }, { by = "clouddrover", id = 38135029, score = 32, time = Posix 1699045679000, title = "Codec Royalties on Content and the Jaws Moment", type_ = "story", url = Just "https://streaminglearningcenter.com/codecs/codec-royalties-on-content.html" }, { by = "henrik_w", id = 38142632, score = 31, time = Posix 1699115914000, title = "Things I like about Zig as a Go Programmer", type_ = "story", url = Just "https://medium.com/@vladimirvivien/things-i-like-about-zig-as-a-go-programmer-75eb02aab00f" }, { by = "behnamoh", id = 38137463, score = 31, time = Posix 1699064107000, title = "How much it costs Apple to increase RAM size in Macs?", type_ = "story", url = Just "https://old.reddit.com/r/macbookpro/comments/17lwl0b/how_much_does_ram_cost_anyways/" }, { by = "transpute", id = 38138908, score = 30, time = Posix 1699082923000, title = "Intel's CEO Admits to and Details the Company's Three Biggest Mistakes", type_ = "story", url = Just "https://www.tomshardware.com/pc-components/gpus/intels-ceo-admits-to-and-details-companies-three-biggest-mistakes" }, { by = "bookofjoe", id = 38143578, score = 30, time = Posix 1699121054000, title = "Cup Noodles are now microwave-safe", type_ = "story", url = Just "https://www.washingtonpost.com/food/2023/11/03/cup-noodles-are-now-microwave-safe-so-they-werent-already/" }, { by = "johhns4", id = 38126764, score = 30, time = Posix 1699008086000, title = "What's the difference between LangChain, llama indexand others like autollm?", type_ = "story", url = Nothing }, { by = "11thEarlOfMar", id = 38146443, score = 29, time = Posix 1699141489000, title = "DEA Launches Crack Down on San Francisco Fentanyl Dealing", type_ = "story", url = Just "https://abc7news.com/sf-fentanyl-drug-dealers-all-hands-of-deck-operation-sfpd/14006658/" }, { by = "willswire", id = 38147438, score = 26, time = Posix 1699151020000, title = "Shadows Edge Software", type_ = "story", url = Just "https://www.shadowsedge.mil/What-We-Do/" }, { by = "kennyfrc", id = 38143844, score = 26, time = Posix 1699122816000, title = "Show HN: Cami.js – A No Build, Web Component Based Reactive Framework", type_ = "story", url = Just "https://github.com/kennyfrc/cami.js" }, { by = "mrzool", id = 38133632, score = 22, time = Posix 1699038680000, title = "The Future of RSS Is Textcasting", type_ = "story", url = Just "https://kottke.org/23/11/the-future-of-rss-is-textcasting-1" }, { by = "oalders", id = 38136211, score = 21, time = Posix 1699052539000, title = "Running Mod_Perl with Mojolicious in Docker", type_ = "story", url = Just "https://rawley.xyz/docker-mod-perl.html" }, { by = "MilnerRoute", id = 38146445, score = 19, time = Posix 1699141527000, title = "U.S. cities consider banning \"right on red\" laws amid rise in pedestrian deaths", type_ = "story", url = Just "https://www.cbsnews.com/news/pedestrian-deaths-right-on-red-ban/" }, { by = "chen_dev", id = 38146738, score = 17, time = Posix 1699144434000, title = "Oracle Cloud Outage", type_ = "story", url = Nothing }, { by = "vintagedave", id = 38145097, score = 17, time = Posix 1699131874000, title = "Interview with a Gladiatrix", type_ = "story", url = Just "https://antigonejournal.com/2023/10/modern-roman-gladiatrix/" }, { by = "neustradamus", id = 38146711, score = 15, time = Posix 1699144150000, title = "Exim 4.97.0 – SMTP Mail Server – Message Transfer Agent (MTA)", type_ = "story", url = Just "https://www.exim.org/" }, { by = "Vigier", id = 38137750, score = 15, time = Posix 1699067013000, title = "Rāhui and the Art of Marine Conservation", type_ = "story", url = Just "https://hakaimagazine.com/features/rahui-and-the-art-of-marine-conservation/" }, { by = "mooreds", id = 38140217, score = 15, time = Posix 1699099081000, title = "Coding in Public: Help Battle Imposter Syndrome and Inspire Others", type_ = "story", url = Just "https://www.codingtemple.com/blog/coding-in-public-help-battle-imposter-syndrome-and-inspire-others/" }, { by = "pella", id = 38134257, score = 14, time = Posix 1699041813000, title = "Geospatial Technology Radar 2023", type_ = "story", url = Just "https://element84.com/geospatial-tech-radar-23" }, { by = "nullhole", id = 38141328, score = 13, time = Posix 1699108323000, title = "The Trust Principles", type_ = "story", url = Just "https://www.thomsonreuters.com/en/about-us/trust-principles.html" }, { by = "teleforce", id = 38137867, score = 12, time = Posix 1699068326000, title = "GiNaC: Open framework for symbolic computation within C++ programming language", type_ = "story", url = Just "https://www.ginac.de/tutorial/" }, { by = "olestr", id = 38126566, score = 12, time = Posix 1699005947000, title = "Deno 1.38: HTML doc generator and HMR", type_ = "story", url = Just "https://deno.com/blog/v1.38" }, { by = "the_v01d", id = 38145368, score = 11, time = Posix 1699133640000, title = "Show HN: A tiny and platform-agnostic true random number generator for FPGA/ASIC", type_ = "story", url = Just "https://github.com/stnolting/neoTRNG" }, { by = "belter", id = 38144707, score = 11, time = Posix 1699128971000, title = "Astra, low on cash, defaults on loan", type_ = "story", url = Just "https://spacenews.com/astra-low-on-cash-defaults-on-loan/" }, { by = "magoghm", id = 38146146, score = 11, time = Posix 1699139127000, title = "Pessimists Archive", type_ = "story", url = Just "https://pessimistsarchive.org/" }, { by = "jandeboevrie", id = 38136590, score = 9, time = Posix 1699055875000, title = "Upgrading my Chumby 8 kernel part 7: touchscreen", type_ = "story", url = Just "https://www.downtowndougbrown.com/2023/11/upgrading-my-chumby-8-kernel-part-7-touchscreen/" }, { by = "guiambros", id = 38147815, score = 8, time = Posix 1699155085000, title = "Ancient coins have been found off Sardinia, probably from shipwreck", type_ = "story", url = Just "https://apnews.com/article/italy-ancient-coins-sardinia-divers-cabdfa070d37a8020f874dd90c0a2433" }, { by = "mrngilles", id = 38140812, score = 8, time = Posix 1699104443000, title = "Ask HN: Infra people in small companies, what does your infra look like?", type_ = "story", url = Nothing }, { by = "lawgimenez", id = 38146887, score = 7, time = Posix 1699145876000, title = "Ask HN: Where do you get your health news?", type_ = "story", url = Nothing }, { by = "eXpl0it3r", id = 38145274, score = 7, time = Posix 1699133056000, title = "SFML 2.6.1", type_ = "story", url = Just "https://github.com/SFML/SFML/releases/tag/2.6.1" }, { by = "eternityforest", id = 38139236, score = 7, time = Posix 1699088114000, title = "Show HN: I started building yet another CSS framework", type_ = "story", url = Just "https://eternityforest.github.io/barrel.css/" }, { by = "dgudkov", id = 38146809, score = 6, time = Posix 1699145056000, title = "Towards Modern Development of Cloud Applications [pdf]", type_ = "story", url = Just "https://sigops.org/s/conferences/hotos/2023/papers/ghemawat.pdf" }, { by = "oferzelig", id = 38148691, score = 6, time = Posix 1699163845000, title = "X.ai Grok", type_ = "story", url = Just "https://grok.x.ai/" }, { by = "robomartin", id = 38148119, score = 5, time = Posix 1699157746000, title = "A game. The only winning move is not to play", type_ = "story", url = Nothing }, { by = "vincelt", id = 38141913, score = 5, time = Posix 1699111577000, title = "You Are Not Late (2014)", type_ = "story", url = Just "https://kk.org/thetechnium/you-are-not-late/" }, { by = "knight17", id = 38140012, score = 3, time = Posix 1699096900000, title = "A guide to home row mods with QMK", type_ = "story", url = Just "https://precondition.github.io/home-row-mods" }, { by = "pranay01", id = 38148992, score = 1, time = Posix 1699167669000, title = "SigNoz (YC W21), open source observability platform, hiring SREs (Remote)", type_ = "job", url = Just "https://signoz.io/careers/site-reliability-engineer/" }
    ╷
    │ Expect.equalLists
    ╵
    { by = "Tepix", id = 38141366, score = 557, time = Posix 1699108556000, title = "Othello Is Solved?", type_ = "story", url = Just "https://arxiv.org/abs/2310.19387" }, { by = "vyrotek", id = 38144400, score = 512, time = Posix 1699126731000, title = "NewPipe – Lightweight YouTube experience for Android", type_ = "story", url = Just "https://newpipe.net/" }, { by = "scrlk", id = 38114943, score = 182, time = Posix 1698939114000, title = "Intel Itanium IA-64 Support Removed with the Linux 6.7 Kernel", type_ = "story", url = Just "https://www.phoronix.com/news/Intel-IA-64-Removed-Linux-6.7" }, { by = "dlock17", id = 38146154, score = 83, time = Posix 1699139194000, title = "Show HN: Gogosseract, a Go Lib for CGo-Free Tesseract OCR via Wazero", type_ = "story", url = Just "https://github.com/Danlock/gogosseract" }, { by = "sillysaurusx", id = 38149093, score = 75, time = Posix 1699169400000, title = "LLM companies to access largest Chinese non-fiction book collection", type_ = "story", url = Just "https://annas-blog.org/duxiu-exclusive.html" }, { by = "kizunajp", id = 38146856, score = 57, time = Posix 1699145556000, title = "The First App Store", type_ = "story", url = Just "https://one-from-nippon.ghost.io/worlds-first-app-store/" }, { by = "sohkamyung", id = 38146382, score = 51, time = Posix 1699140957000, title = "Planes, Spheres and Pseudospheres", type_ = "story", url = Just "https://www.gregegan.net/SCIENCE/PSP/PSP.html" }, { by = "luu", id = 38144772, score = 37, time = Posix 1699129495000, title = "Representations / strategies for noncooperative games with imperfect information [pdf]", type_ = "story", url = Just "https://www2.cs.sfu.ca/~bbart/personal/masters-thesis.pdf" }, { by = "willswire", id = 38147438, score = 26, time = Posix 1699151020000, title = "Shadows Edge Software", type_ = "story", url = Just "https://www.shadowsedge.mil/What-We-Do/" }, { by = "pranay01", id = 38148992, score = 1, time = Posix 1699167669000, title = "SigNoz (YC W21), open source observability platform, hiring SREs (Remote)", type_ = "job", url = Just "https://signoz.io/careers/site-reliability-engineer/" }
    
    The first diff is at index 0: it was `{ by = "donohoe", id = 38122061, score = 1952, time = Posix 1698968957000, title = "Sam Bankman-Fried Convicted", type_ = "story", url = Just "https://www.nytimes.com/live/2023/11/02/business/sam-bankman-fried-trial" }`, but `{ by = "Tepix", id = 38141366, score = 557, time = Posix 1699108556000, title = "Othello Is Solved?", type_ = "story", url = Just "https://arxiv.org/abs/2310.19387" }` was expected.


↓ PostsConfigTests
↓ module Model.PostsConfig
↓ applyChanges
✗ The ConfigChange message is sent when the "Show job posts" checkbox is clicked

    Invalid message


↓ PostsConfigTests
↓ module Model.PostsConfig
↓ applyChanges
✗ The ConfigChange message is sent when the "Show text only posts" checkbox is clicked

    Invalid message


↓ PostsConfigTests
↓ module Model.PostsConfig
↓ applyChanges
✗ The ConfigChange message is sent when the "Posts to show" select is changed

    Invalid message


↓ PostsConfigTests
↓ module Model.PostsConfig
↓ applyChanges
✗ The ConfigChange message is sent when the "Sort by" select is changed

    Invalid message


↓ PostsViewTests
↓ module View.Posts
↓ "Show job posts" checkbox
✗ postsConfigView has a checkbox for "Show job posts"

    ▼ Query.fromHtml
    
        <div>
            <div>
                <label>
                    Posts per page: 
                </label>
                <select>
                    <option value="10">
                        10
                    </option>
                    <option value="25">
                        25
                    </option>
                    <option value="50">
                        50
                    </option>
                </select>
            </div>
            <div>
                Posts to Show: 10
            </div>
            <div>
                <label>
                    Sort By: 
                    <select id="select-sort-by">
                        <option value="score">
                            Score
                        </option>
                        <option value="title">
                            Title
                        </option>
                        <option value="date">
                            Date Posted
                        </option>
                        <option value="unsorted" selected>
                            Unsorted
                        </option>
                    </select>
                </label>
            </div>
            <div>
                <input id="checkbox-show-job-posts" type="checkbox">
                <label htmlFor="checkbox-show-job-posts">
                    Show Jobs
                </label>
            </div>
            <div>
                <input id="checkbox-show-text-only-post" type="checkbox" checked>
                <label htmlFor="checkbox-show-text-only-post">
                    Show Text Only
                </label>
            </div>
        </div>
    
    
    ▼ Query.findAll [ containing [ tag "input" attribute "type" "checkbox" attribute "id" "checkbox-show-job-posts" ] , containing [ text "Show", text "job" ]  ]
    
    0 matches found for this query.
    
    
    ▼ Query.count
    
    Expect.equal


↓ PostsViewTests
↓ module View.Posts
↓ "Show text only posts" checkbox
✗ postsConfigView has a checkbox for "Show text only posts"

    ▼ Query.fromHtml
    
        <div>
            <div>
                <label>
                    Posts per page: 
                </label>
                <select>
                    <option value="10">
                        10
                    </option>
                    <option value="25">
                        25
                    </option>
                    <option value="50">
                        50
                    </option>
                </select>
            </div>
            <div>
                Posts to Show: 10
            </div>
            <div>
                <label>
                    Sort By: 
                    <select id="select-sort-by">
                        <option value="score">
                            Score
                        </option>
                        <option value="title">
                            Title
                        </option>
                        <option value="date">
                            Date Posted
                        </option>
                        <option value="unsorted" selected>
                            Unsorted
                        </option>
                    </select>
                </label>
            </div>
            <div>
                <input id="checkbox-show-job-posts" type="checkbox">
                <label htmlFor="checkbox-show-job-posts">
                    Show Jobs
                </label>
            </div>
            <div>
                <input id="checkbox-show-text-only-post" type="checkbox" checked>
                <label htmlFor="checkbox-show-text-only-post">
                    Show Text Only
                </label>
            </div>
        </div>
    
    
    ▼ Query.findAll [ containing [ tag "input" attribute "type" "checkbox" attribute "id" "checkbox-show-text-only-posts" ] , containing [ text "Show", text "text" ]  ]
    
    0 matches found for this query.
    
    
    ▼ Query.count
    
    Expect.equal


↓ PostsViewTests
↓ module View.Posts
↓ "posts per page" select
✗ postsConfigView has a "posts per page" select input wiht 3 options

    Query.find always expects to find 1 element, but it found 0 instead.


↓ PostsViewTests
↓ module View.Posts
↓ "posts per page" select
✗ The options for "posts per page" select input are 10, 25, 50

    ▼ Query.fromHtml
    
        <div>
            <div>
                <label>
                    Posts per page: 
                </label>
                <select>
                    <option value="10">
                        10
                    </option>
                    <option value="25">
                        25
                    </option>
                    <option value="50">
                        50
                    </option>
                </select>
            </div>
            <div>
                Posts to Show: 10
            </div>
            <div>
                <label>
                    Sort By: 
                    <select id="select-sort-by">
                        <option value="score">
                            Score
                        </option>
                        <option value="title">
                            Title
                        </option>
                        <option value="date">
                            Date Posted
                        </option>
                        <option value="unsorted" selected>
                            Unsorted
                        </option>
                    </select>
                </label>
            </div>
            <div>
                <input id="checkbox-show-job-posts" type="checkbox">
                <label htmlFor="checkbox-show-job-posts">
                    Show Jobs
                </label>
            </div>
            <div>
                <input id="checkbox-show-text-only-post" type="checkbox" checked>
                <label htmlFor="checkbox-show-text-only-post">
                    Show Text Only
                </label>
            </div>
        </div>
    
    
    ▼ Query.find [ tag "select", attribute "id" "select-posts-per-page" ]
    
    0 matches found for this query.
    
    
    ✗ Query.find always expects to find 1 element, but it found 0 instead.


↓ PostsViewTests
↓ module View.Posts
↓ "sort by" select
✗ The options for "sort by" select input are Score, Title, Posted, None

    ▼ Query.fromHtml
    
        <div>
            <div>
                <label>
                    Posts per page: 
                </label>
                <select>
                    <option value="10">
                        10
                    </option>
                    <option value="25">
                        25
                    </option>
                    <option value="50">
                        50
                    </option>
                </select>
            </div>
            <div>
                Posts to Show: 10
            </div>
            <div>
                <label>
                    Sort By: 
                    <select id="select-sort-by">
                        <option value="score">
                            Score
                        </option>
                        <option value="title">
                            Title
                        </option>
                        <option value="date">
                            Date Posted
                        </option>
                        <option value="unsorted" selected>
                            Unsorted
                        </option>
                    </select>
                </label>
            </div>
            <div>
                <input id="checkbox-show-job-posts" type="checkbox">
                <label htmlFor="checkbox-show-job-posts">
                    Show Jobs
                </label>
            </div>
            <div>
                <input id="checkbox-show-text-only-post" type="checkbox" checked>
                <label htmlFor="checkbox-show-text-only-post">
                    Show Text Only
                </label>
            </div>
        </div>
    
    
    ▼ Query.find [ tag "select", attribute "id" "select-sort-by" ]
    
        1)  <select id="select-sort-by">
                <option value="score">
                    Score
                </option>
                <option value="title">
                    Title
                </option>
                <option value="date">
                    Date Posted
                </option>
                <option value="unsorted" selected>
                    Unsorted
                </option>
            </select>
    
    
    ▼ Query.has [ containing [ text "None" ]  ]
    
    ✗ has containing [ text "None" ] 


↓ PostsViewTests
↓ module View.Posts
↓ postsConfigView update
✗ The ConfigChange message is sent when the "Show job posts" checkbox is clicked

    Err "Event.expectEvent: I found a node, but it does not listen for \"change\" events like I expected it would.\n\n<input id=\"checkbox-show-job-posts\" type=\"checkbox\">"
    ╷
    │ Expect.ok
    ╵
    Ok _


↓ PostsViewTests
↓ module View.Posts
↓ postsConfigView update
✗ The ConfigChange message is sent when the "Show text only posts" checkbox is clicked

    Err "Query.find always expects to find 1 element, but it found 0 instead."
    ╷
    │ Expect.ok
    ╵
    Ok _


↓ PostsViewTests
↓ module View.Posts
↓ postsConfigView update
✗ The ConfigChange message is sent when the "Posts to show" select is changed

    Err "Query.find always expects to find 1 element, but it found 0 instead."
    ╷
    │ Expect.ok
    ╵
    Ok _


↓ PostsViewTests
↓ module View.Posts
↓ postsConfigView update
✗ The ConfigChange message is sent when the "Sort by" select is changed

    Err "Event.expectEvent: I found a node, but it does not listen for \"input\" events like I expected it would.\n\n<select id=\"select-sort-by\">\n    <option value=\"score\">\n        Score\n    </option>\n    <option value=\"title\">\n        Title\n    </option>\n    <option value=\"date\">\n        Date Posted\n    </option>\n    <option value=\"unsorted\" selected>\n        Unsorted\n    </option>\n</select>"
    ╷
    │ Expect.ok
    ╵
    Ok _


↓ PostsViewTests
↓ module View.Posts
↓ uses relative time
✗ the relative time is shown using a title attribute

    ▼ Query.fromHtml
    
        <table>
            <thead>
                <tr>
                    <th class="post-score">
                        Score
                    </th>
                    <th class="post-title">
                        Title
                    </th>
                    <th class="post-type">
                        Type
                    </th>
                    <th class="post-time">
                        Posted Date
                    </th>
                    <th class="post-url">
                        Link
                    </th>
                </tr>
            </thead>
            <tbody>
                <tr>
                    <td class="post-score">
                        512
                    </td>
                    <td class="post-title">
                        NewPipe – Lightweight YouTube experience for Android
                    </td>
                    <td class="post-type">
                        story
                    </td>
                    <td class="post-time">
                        2023 Nov 04 19:38
                    </td>
                    <td class="post-url">
                        <a href="https://newpipe.net/">
                            Link
                        </a>
                    </td>
                </tr>
                <tr>
                    <td class="post-score">
                        75
                    </td>
                    <td class="post-title">
                        LLM companies to access largest Chinese non-fiction book collection
                    </td>
                    <td class="post-type">
                        story
                    </td>
                    <td class="post-time">
                        2023 Nov 05 07:30
                    </td>
                    <td class="post-url">
                        <a href="https://annas-blog.org/duxiu-exclusive.html">
                            Link
                        </a>
                    </td>
                </tr>
                <tr>
                    <td class="post-score">
                        182
                    </td>
                    <td class="post-title">
                        Intel Itanium IA-64 Support Removed with the Linux 6.7 Kernel
                    </td>
                    <td class="post-type">
                        story
                    </td>
                    <td class="post-time">
                        2023 Nov 02 15:31
                    </td>
                    <td class="post-url">
                        <a href="https://www.phoronix.com/news/Intel-IA-64-Removed-Linux-6.7">
                            Link
                        </a>
                    </td>
                </tr>
                <tr>
                    <td class="post-score">
                        37
                    </td>
                    <td class="post-title">
                        Representations / strategies for noncooperative games with imperfect information [pdf]
                    </td>
                    <td class="post-type">
                        story
                    </td>
                    <td class="post-time">
                        2023 Nov 04 20:24
                    </td>
                    <td class="post-url">
                        <a href="https://www2.cs.sfu.ca/~bbart/personal/masters-thesis.pdf">
                            Link
                        </a>
                    </td>
                </tr>
                <tr>
                    <td class="post-score">
                        57
                    </td>
                    <td class="post-title">
                        The First App Store
                    </td>
                    <td class="post-type">
                        story
                    </td>
                    <td class="post-time">
                        2023 Nov 05 00:52
                    </td>
                    <td class="post-url">
                        <a href="https://one-from-nippon.ghost.io/worlds-first-app-store/">
                            Link
                        </a>
                    </td>
                </tr>
                <tr>
                    <td class="post-score">
                        83
                    </td>
                    <td class="post-title">
                        Show HN: Gogosseract, a Go Lib for CGo-Free Tesseract OCR via Wazero
                    </td>
                    <td class="post-type">
                        story
                    </td>
                    <td class="post-time">
                        2023 Nov 04 23:06
                    </td>
                    <td class="post-url">
                        <a href="https://github.com/Danlock/gogosseract">
                            Link
                        </a>
                    </td>
                </tr>
                <tr>
                    <td class="post-score">
                        51
                    </td>
                    <td class="post-title">
                        Planes, Spheres and Pseudospheres
                    </td>
                    <td class="post-type">
                        story
                    </td>
                    <td class="post-time">
                        2023 Nov 04 23:35
                    </td>
                    <td class="post-url">
                        <a href="https://www.gregegan.net/SCIENCE/PSP/PSP.html">
                            Link
                        </a>
                    </td>
                </tr>
                <tr>
                    <td class="post-score">
                        557
                    </td>
                    <td class="post-title">
                        Othello Is Solved?
                    </td>
                    <td class="post-type">
                        story
                    </td>
                    <td class="post-time">
                        2023 Nov 04 14:35
                    </td>
                    <td class="post-url">
                        <a href="https://arxiv.org/abs/2310.19387">
                            Link
                        </a>
                    </td>
                </tr>
                <tr>
                    <td class="post-score">
                        1
                    </td>
                    <td class="post-title">
                        SigNoz (YC W21), open source observability platform, hiring SREs (Remote)
                    </td>
                    <td class="post-type">
                        job
                    </td>
                    <td class="post-time">
                        2023 Nov 05 07:01
                    </td>
                    <td class="post-url">
                        <a href="https://signoz.io/careers/site-reliability-engineer/">
                            Link
                        </a>
                    </td>
                </tr>
                <tr>
                    <td class="post-score">
                        26
                    </td>
                    <td class="post-title">
                        Shadows Edge Software
                    </td>
                    <td class="post-type">
                        story
                    </td>
                    <td class="post-time">
                        2023 Nov 05 02:23
                    </td>
                    <td class="post-url">
                        <a href="https://www.shadowsedge.mil/What-We-Do/">
                            Link
                        </a>
                    </td>
                </tr>
                <tr>
                    <td class="post-score">
                        58
                    </td>
                    <td class="post-title">
                        Quadratic Reciprocity: The connection that changed number theory
                    </td>
                    <td class="post-type">
                        story
                    </td>
                    <td class="post-time">
                        2023 Nov 02 15:43
                    </td>
                    <td class="post-url">
                        <a href="https://www.quantamagazine.org/the-hidden-connection-that-changed-number-theory-20231101/">
                            Link
                        </a>
                    </td>
                </tr>
                <tr>
                    <td class="post-score">
                        65
                    </td>
                    <td class="post-title">
                        How to Do a TypeScript Conversion: an opinionated take on gradual conversions
                    </td>
                    <td class="post-type">
                        story
                    </td>
                    <td class="post-time">
                        2023 Nov 04 21:15
                    </td>
                    <td class="post-url">
                        <a href="https://v5.chriskrycho.com/journal/how-to-do-a-typescript-conversion/">
                            Link
                        </a>
                    </td>
                </tr>
                <tr>
                    <td class="post-score">
                        83
                    </td>
                    <td class="post-title">
                        FTC Chair Lina Khan looks for allies and leads in Silicon Valley charm offensive
                    </td>
                    <td class="post-type">
                        story
                    </td>
                    <td class="post-time">
                        2023 Nov 04 19:24
                    </td>
                    <td class="post-url">
                        <a href="https://www.reuters.com/business/ftc-chair-lina-khan-looks-allies-leads-silicon-valley-charm-offensive-2023-11-03/">
                            Link
                        </a>
                    </td>
                </tr>
                <tr>
                    <td class="post-score">
                        96
                    </td>
                    <td class="post-title">
                        Topic: Discord Stealer
                    </td>
                    <td class="post-type">
                        story
                    </td>
                    <td class="post-time">
                        2023 Nov 05 02:26
                    </td>
                    <td class="post-url">
                        <a href="https://github.com/topics/discord-stealer">
                            Link
                        </a>
                    </td>
                </tr>
                <tr>
                    <td class="post-score">
                        132
                    </td>
                    <td class="post-title">
                        SARS-CoV-2 Infection Affects Energy Stores in the Body, Causing Organ Failure
                    </td>
                    <td class="post-type">
                        story
                    </td>
                    <td class="post-time">
                        2023 Nov 04 23:02
                    </td>
                    <td class="post-url">
                        <a href="https://news.unchealthcare.org/2023/10/researchers-show-sars-cov-2-infection-affects-energy-stores-in-the-body-causing-organ-failure/">
                            Link
                        </a>
                    </td>
                </tr>
                <tr>
                    <td class="post-score">
                        102
                    </td>
                    <td class="post-title">
                        Soda additive linked to thyroid toxicity may finally get banned by FDA
                    </td>
                    <td class="post-type">
                        story
                    </td>
                    <td class="post-time">
                        2023 Nov 05 00:26
                    </td>
                    <td class="post-url">
                        <a href="https://arstechnica.com/health/2023/11/50-years-later-fda-proposes-banning-a-food-additive-it-said-is-not-safe/">
                            Link
                        </a>
                    </td>
                </tr>
                <tr>
                    <td class="post-score">
                        56
                    </td>
                    <td class="post-title">
                        BeeWare Toga v0.4.0 – A Python native, OS native GUI toolkit
                    </td>
                    <td class="post-type">
                        story
                    </td>
                    <td class="post-time">
                        2023 Nov 05 01:24
                    </td>
                    <td class="post-url">
                        <a href="https://github.com/beeware/toga/releases/tag/v0.4.0">
                            Link
                        </a>
                    </td>
                </tr>
                <tr>
                    <td class="post-score">
                        105
                    </td>
                    <td class="post-title">
                        The cottage industry of YouTube obituary pirates
                    </td>
                    <td class="post-type">
                        story
                    </td>
                    <td class="post-time">
                        2023 Nov 04 20:58
                    </td>
                    <td class="post-url">
                        <a href="https://www.wired.com/story/youtube-obituary-pirates/">
                            Link
                        </a>
                    </td>
                </tr>
                <tr>
                    <td class="post-score">
                        44
                    </td>
                    <td class="post-title">
                        Chemists, engineers craft adjustable arrays of microscopic lenses
                    </td>
                    <td class="post-type">
                        story
                    </td>
                    <td class="post-time">
                        2023 Nov 02 15:48
                    </td>
                    <td class="post-url">
                        <a href="https://phys.org/news/2023-10-chemists-craft-adjustable-arrays-microscopic.html">
                            Link
                        </a>
                    </td>
                </tr>
                <tr>
                    <td class="post-score">
                        62
                    </td>
                    <td class="post-title">
                        Disturbed Lands (National Park Service)
                    </td>
                    <td class="post-type">
                        story
                    </td>
                    <td class="post-time">
                        2023 Nov 04 23:29
                    </td>
                    <td class="post-url">
                        <a href="https://www.nps.gov/shen/learn/nature/disturbedlands.htm">
                            Link
                        </a>
                    </td>
                </tr>
                <tr>
                    <td class="post-score">
                        84
                    </td>
                    <td class="post-title">
                        The world nearly adopted a calendar with 13 months of 28 days
                    </td>
                    <td class="post-type">
                        story
                    </td>
                    <td class="post-time">
                        2023 Nov 05 03:53
                    </td>
                    <td class="post-url">
                        <a href="https://www.washingtonpost.com/history/2023/11/04/battle-sabbath-13-month-calendar/">
                            Link
                        </a>
                    </td>
                </tr>
                <tr>
                    <td class="post-score">
                        106
                    </td>
                    <td class="post-title">
                        AI and Open Source in 2023
                    </td>
                    <td class="post-type">
                        story
                    </td>
                    <td class="post-time">
                        2023 Nov 04 18:50
                    </td>
                    <td class="post-url">
                        <a href="https://magazine.sebastianraschka.com/p/ai-and-open-source-in-2023">
                            Link
                        </a>
                    </td>
                </tr>
                <tr>
                    <td class="post-score">
                        1114
                    </td>
                    <td class="post-title">
                        As I retire, my goal now is to release 40+ years of source code
                    </td>
                    <td class="post-type">
                        story
                    </td>
                    <td class="post-time">
                        2023 Nov 03 17:26
                    </td>
                    <td class="post-url">
                        <a href="https://dunfield.themindfactory.com/dnldsrc.htm">
                            Link
                        </a>
                    </td>
                </tr>
                <tr>
                    <td class="post-score">
                        122
                    </td>
                    <td class="post-title">
                        New Microsoft Exchange zero-days allow RCE, data theft attacks
                    </td>
                    <td class="post-type">
                        story
                    </td>
                    <td class="post-time">
                        2023 Nov 04 21:43
                    </td>
                    <td class="post-url">
                        <a href="https://www.bleepingcomputer.com/news/microsoft/new-microsoft-exchange-zero-days-allow-rce-data-theft-attacks/">
                            Link
                        </a>
                    </td>
                </tr>
                <tr>
                    <td class="post-score">
                        125
                    </td>
                    <td class="post-title">
                        Grok
                    </td>
                    <td class="post-type">
                        story
                    </td>
                    <td class="post-time">
                        2023 Nov 05 05:02
                    </td>
                    <td class="post-url">
                        <a href="https://twitter.com/xai/status/1721027348970238035">
                            Link
                        </a>
                    </td>
                </tr>
                <tr>
                    <td class="post-score">
                        220
                    </td>
                    <td class="post-title">
                        A 6 channel GPS receiver from 1993
                    </td>
                    <td class="post-type">
                        story
                    </td>
                    <td class="post-time">
                        2023 Nov 04 10:27
                    </td>
                    <td class="post-url">
                        <a href="https://mastodon.sdf.org/@keelan/111349948124943603">
                            Link
                        </a>
                    </td>
                </tr>
                <tr>
                    <td class="post-score">
                        313
                    </td>
                    <td class="post-title">
                        AMD MicroBlaze V Processor: A Flexible and Efficient RISC-V Processor
                    </td>
                    <td class="post-type">
                        story
                    </td>
                    <td class="post-time">
                        2023 Nov 04 02:01
                    </td>
                    <td class="post-url">
                        <a href="https://www.xilinx.com/products/design-tools/microblaze-v.html">
                            Link
                        </a>
                    </td>
                </tr>
                <tr>
                    <td class="post-score">
                        112
                    </td>
                    <td class="post-title">
                        Lahaina Noon
                    </td>
                    <td class="post-type">
                        story
                    </td>
                    <td class="post-time">
                        2023 Nov 02 15:27
                    </td>
                    <td class="post-url">
                        <a href="https://en.wikipedia.org/wiki/Lahaina_Noon">
                            Link
                        </a>
                    </td>
                </tr>
                <tr>
                    <td class="post-score">
                        157
                    </td>
                    <td class="post-title">
                        Spin 2.0 – open-source tool for building and running WASM apps
                    </td>
                    <td class="post-type">
                        story
                    </td>
                    <td class="post-time">
                        2023 Nov 04 12:01
                    </td>
                    <td class="post-url">
                        <a href="https://www.fermyon.com/blog/introducing-spin-v2">
                            Link
                        </a>
                    </td>
                </tr>
                <tr>
                    <td class="post-score">
                        411
                    </td>
                    <td class="post-title">
                        Tell HN: Submit comments to IRS re tax treatment of software dev expenses
                    </td>
                    <td class="post-type">
                        story
                    </td>
                    <td class="post-time">
                        2023 Nov 02 21:26
                    </td>
                    <td class="post-url">
                        <a href="">
                            Link
                        </a>
                    </td>
                </tr>
                <tr>
                    <td class="post-score">
                        11
                    </td>
                    <td class="post-title">
                        Show HN: A tiny and platform-agnostic true random number generator for FPGA/ASIC
                    </td>
                    <td class="post-type">
                        story
                    </td>
                    <td class="post-time">
                        2023 Nov 04 21:34
                    </td>
                    <td class="post-url">
                        <a href="https://github.com/stnolting/neoTRNG">
                            Link
                        </a>
                    </td>
                </tr>
                <tr>
                    <td class="post-score">
                        99
                    </td>
                    <td class="post-title">
                        Daylight saving time can seriously affect your health
                    </td>
                    <td class="post-type">
                        story
                    </td>
                    <td class="post-time">
                        2023 Nov 05 00:47
                    </td>
                    <td class="post-url">
                        <a href="https://apnews.com/article/daylight-saving-2023-fall-back-a3738d5c74301b8068825927c49fc6b4">
                            Link
                        </a>
                    </td>
                </tr>
                <tr>
                    <td class="post-score">
                        46
                    </td>
                    <td class="post-title">
                        Delhi air pollution spikes to 100 times WHO health limit
                    </td>
                    <td class="post-type">
                        story
                    </td>
                    <td class="post-time">
                        2023 Nov 04 23:14
                    </td>
                    <td class="post-url">
                        <a href="https://www.theguardian.com/world/2023/nov/03/delhi-india-air-quality-pollution-spike-world-health-organization-limit">
                            Link
                        </a>
                    </td>
                </tr>
                <tr>
                    <td class="post-score">
                        5
                    </td>
                    <td class="post-title">
                        A game. The only winning move is not to play
                    </td>
                    <td class="post-type">
                        story
                    </td>
                    <td class="post-time">
                        2023 Nov 05 04:15
                    </td>
                    <td class="post-url">
                        <a href="">
                            Link
                        </a>
                    </td>
                </tr>
                <tr>
                    <td class="post-score">
                        83
                    </td>
                    <td class="post-title">
                        Max is taking 4K away from its legacy ad-free subscribers
                    </td>
                    <td class="post-type">
                        story
                    </td>
                    <td class="post-time">
                        2023 Nov 05 02:54
                    </td>
                    <td class="post-url">
                        <a href="https://www.theverge.com/2023/11/2/23943859/max-4k-hbo-max-ad-free-subscribers">
                            Link
                        </a>
                    </td>
                </tr>
                <tr>
                    <td class="post-score">
                        132
                    </td>
                    <td class="post-title">
                        Classes vs. structs in .NET: how not to teach about performance
                    </td>
                    <td class="post-type">
                        story
                    </td>
                    <td class="post-time">
                        2023 Nov 04 03:28
                    </td>
                    <td class="post-url">
                        <a href="https://sergeyteplyakov.github.io/Blog/benchmarking/2023/11/02/Performance_Comparison_For_Classes_vs_Structs.html">
                            Link
                        </a>
                    </td>
                </tr>
                <tr>
                    <td class="post-score">
                        68
                    </td>
                    <td class="post-title">
                        How “blue” and “green” appeared in a language that didn’t have words for them
                    </td>
                    <td class="post-type">
                        story
                    </td>
                    <td class="post-time">
                        2023 Nov 02 15:54
                    </td>
                    <td class="post-url">
                        <a href="https://news.mit.edu/2023/how-blue-and-green-appeared-language-1102">
                            Link
                        </a>
                    </td>
                </tr>
                <tr>
                    <td class="post-score">
                        17
                    </td>
                    <td class="post-title">
                        Oracle Cloud Outage
                    </td>
                    <td class="post-type">
                        story
                    </td>
                    <td class="post-time">
                        2023 Nov 05 00:33
                    </td>
                    <td class="post-url">
                        <a href="">
                            Link
                        </a>
                    </td>
                </tr>
                <tr>
                    <td class="post-score">
                        15
                    </td>
                    <td class="post-title">
                        Exim 4.97.0 – SMTP Mail Server – Message Transfer Agent (MTA)
                    </td>
                    <td class="post-type">
                        story
                    </td>
                    <td class="post-time">
                        2023 Nov 05 00:29
                    </td>
                    <td class="post-url">
                        <a href="https://www.exim.org/">
                            Link
                        </a>
                    </td>
                </tr>
                <tr>
                    <td class="post-score">
                        82
                    </td>
                    <td class="post-title">
                        You're Gonna Need a Bigger Browser
                    </td>
                    <td class="post-type">
                        story
                    </td>
                    <td class="post-time">
                        2023 Nov 04 19:55
                    </td>
                    <td class="post-url">
                        <a href="https://berjon.com/bigger-browser/">
                            Link
                        </a>
                    </td>
                </tr>
                <tr>
                    <td class="post-score">
                        157
                    </td>
                    <td class="post-title">
                        Making "LCD, Please"
                    </td>
                    <td class="post-type">
                        story
                    </td>
                    <td class="post-time">
                        2023 Nov 04 04:16
                    </td>
                    <td class="post-url">
                        <a href="https://dukope.com/devlogs/papers-please/lcdplease/">
                            Link
                        </a>
                    </td>
                </tr>
                <tr>
                    <td class="post-score">
                        17
                    </td>
                    <td class="post-title">
                        Interview with a Gladiatrix
                    </td>
                    <td class="post-type">
                        story
                    </td>
                    <td class="post-time">
                        2023 Nov 04 21:04
                    </td>
                    <td class="post-url">
                        <a href="https://antigonejournal.com/2023/10/modern-roman-gladiatrix/">
                            Link
                        </a>
                    </td>
                </tr>
                <tr>
                    <td class="post-score">
                        6
                    </td>
                    <td class="post-title">
                        Towards Modern Development of Cloud Applications [pdf]
                    </td>
                    <td class="post-type">
                        story
                    </td>
                    <td class="post-time">
                        2023 Nov 05 00:44
                    </td>
                    <td class="post-url">
                        <a href="https://sigops.org/s/conferences/hotos/2023/papers/ghemawat.pdf">
                            Link
                        </a>
                    </td>
                </tr>
                <tr>
                    <td class="post-score">
                        224
                    </td>
                    <td class="post-title">
                        A blog post is a long and complex search query to find people (2022)
                    </td>
                    <td class="post-type">
                        story
                    </td>
                    <td class="post-time">
                        2023 Nov 04 02:02
                    </td>
                    <td class="post-url">
                        <a href="https://www.henrikkarlsson.xyz/p/search-query">
                            Link
                        </a>
                    </td>
                </tr>
                <tr>
                    <td class="post-score">
                        68
                    </td>
                    <td class="post-title">
                        After decades of dreams, a commercial spaceplane is almost ready to fly
                    </td>
                    <td class="post-type">
                        story
                    </td>
                    <td class="post-time">
                        2023 Nov 04 17:45
                    </td>
                    <td class="post-url">
                        <a href="https://arstechnica.com/space/2023/11/after-decades-of-dreams-a-commercial-spaceplane-is-almost-ready-to-fly/">
                            Link
                        </a>
                    </td>
                </tr>
                <tr>
                    <td class="post-score">
                        110
                    </td>
                    <td class="post-title">
                        Scrcpy 2.2 adds Android camera mirroring
                    </td>
                    <td class="post-type">
                        story
                    </td>
                    <td class="post-time">
                        2023 Nov 04 18:30
                    </td>
                    <td class="post-url">
                        <a href="https://github.com/Genymobile/scrcpy/releases/tag/v2.2">
                            Link
                        </a>
                    </td>
                </tr>
                <tr>
                    <td class="post-score">
                        52
                    </td>
                    <td class="post-title">
                        SpaceX poised for 'mid-November' launch of second Starship test flight
                    </td>
                    <td class="post-type">
                        story
                    </td>
                    <td class="post-time">
                        2023 Nov 05 04:23
                    </td>
                    <td class="post-url">
                        <a href="https://spaceflightnow.com/2023/11/04/spacex-poised-for-mid-november-of-second-starship-test-launch/">
                            Link
                        </a>
                    </td>
                </tr>
                <tr>
                    <td class="post-score">
                        160
                    </td>
                    <td class="post-title">
                        I need more USB power
                    </td>
                    <td class="post-type">
                        story
                    </td>
                    <td class="post-time">
                        2023 Nov 04 16:36
                    </td>
                    <td class="post-url">
                        <a href="https://atomic14.substack.com/p/i-need-more-usb-power">
                            Link
                        </a>
                    </td>
                </tr>
                <tr>
                    <td class="post-score">
                        8
                    </td>
                    <td class="post-title">
                        Ancient coins have been found off Sardinia, probably from shipwreck
                    </td>
                    <td class="post-type">
                        story
                    </td>
                    <td class="post-time">
                        2023 Nov 05 03:31
                    </td>
                    <td class="post-url">
                        <a href="https://apnews.com/article/italy-ancient-coins-sardinia-divers-cabdfa070d37a8020f874dd90c0a2433">
                            Link
                        </a>
                    </td>
                </tr>
                <tr>
                    <td class="post-score">
                        65
                    </td>
                    <td class="post-title">
                        C++ Sudoku Solver by Singapore PM Lee Hsien Loong
                    </td>
                    <td class="post-type">
                        story
                    </td>
                    <td class="post-time">
                        2023 Nov 04 19:07
                    </td>
                    <td class="post-url">
                        <a href="https://twitter.com/adad8m/status/1720822885496049863">
                            Link
                        </a>
                    </td>
                </tr>
                <tr>
                    <td class="post-score">
                        91
                    </td>
                    <td class="post-title">
                        Lapham's Quarterly Is on Hiatus
                    </td>
                    <td class="post-type">
                        story
                    </td>
                    <td class="post-time">
                        2023 Nov 04 20:00
                    </td>
                    <td class="post-url">
                        <a href="https://www.laphamsquarterly.org/roundtable/hiatus">
                            Link
                        </a>
                    </td>
                </tr>
                <tr>
                    <td class="post-score">
                        6
                    </td>
                    <td class="post-title">
                        X.ai Grok
                    </td>
                    <td class="post-type">
                        story
                    </td>
                    <td class="post-time">
                        2023 Nov 05 05:57
                    </td>
                    <td class="post-url">
                        <a href="https://grok.x.ai/">
                            Link
                        </a>
                    </td>
                </tr>
                <tr>
                    <td class="post-score">
                        219
                    </td>
                    <td class="post-title">
                        Asciinema: Record and share your terminal sessions, the simple way
                    </td>
                    <td class="post-type">
                        story
                    </td>
                    <td class="post-time">
                        2023 Nov 03 20:53
                    </td>
                    <td class="post-url">
                        <a href="https://asciinema.org/">
                            Link
                        </a>
                    </td>
                </tr>
                <tr>
                    <td class="post-score">
                        605
                    </td>
                    <td class="post-title">
                        In 1886, the US commissioned watercolor paintings of every known fruit (2019)
                    </td>
                    <td class="post-type">
                        story
                    </td>
                    <td class="post-time">
                        2023 Nov 02 22:30
                    </td>
                    <td class="post-url">
                        <a href="https://www.openculture.com/2019/06/the-us-government-commissioned-7500-watercolor-paintings.html">
                            Link
                        </a>
                    </td>
                </tr>
                <tr>
                    <td class="post-score">
                        467
                    </td>
                    <td class="post-title">
                        No dogs were harmed in the making of this app
                    </td>
                    <td class="post-type">
                        story
                    </td>
                    <td class="post-time">
                        2023 Nov 03 13:47
                    </td>
                    <td class="post-url">
                        <a href="https://shmck.substack.com/p/no-dogs-were-harmed-in-the-making">
                            Link
                        </a>
                    </td>
                </tr>
                <tr>
                    <td class="post-score">
                        417
                    </td>
                    <td class="post-title">
                        Bringing garbage collected programming languages efficiently to WebAssembly
                    </td>
                    <td class="post-type">
                        story
                    </td>
                    <td class="post-time">
                        2023 Nov 03 06:50
                    </td>
                    <td class="post-url">
                        <a href="https://v8.dev/blog/wasm-gc-porting">
                            Link
                        </a>
                    </td>
                </tr>
                <tr>
                    <td class="post-score">
                        225
                    </td>
                    <td class="post-title">
                        Wooden Game Boy
                    </td>
                    <td class="post-type">
                        story
                    </td>
                    <td class="post-time">
                        2023 Nov 03 21:32
                    </td>
                    <td class="post-url">
                        <a href="https://there.oughta.be/a/wooden-game-boy">
                            Link
                        </a>
                    </td>
                </tr>
                <tr>
                    <td class="post-score">
                        80
                    </td>
                    <td class="post-title">
                        The Apple II Circuit Description (1983)
                    </td>
                    <td class="post-type">
                        story
                    </td>
                    <td class="post-time">
                        2023 Nov 02 14:58
                    </td>
                    <td class="post-url">
                        <a href="https://archive.org/details/taiicd">
                            Link
                        </a>
                    </td>
                </tr>
                <tr>
                    <td class="post-score">
                        304
                    </td>
                    <td class="post-title">
                        Bevy 0.12
                    </td>
                    <td class="post-type">
                        story
                    </td>
                    <td class="post-time">
                        2023 Nov 04 19:39
                    </td>
                    <td class="post-url">
                        <a href="https://bevyengine.org/news/bevy-0-12/">
                            Link
                        </a>
                    </td>
                </tr>
                <tr>
                    <td class="post-score">
                        203
                    </td>
                    <td class="post-title">
                        Telling GPT-4 you're scared or under pressure improves performance
                    </td>
                    <td class="post-type">
                        story
                    </td>
                    <td class="post-time">
                        2023 Nov 04 00:40
                    </td>
                    <td class="post-url">
                        <a href="https://aimodels.substack.com/p/telling-gpt-4-youre-scared-or-under">
                            Link
                        </a>
                    </td>
                </tr>
                <tr>
                    <td class="post-score">
                        1952
                    </td>
                    <td class="post-title">
                        Sam Bankman-Fried Convicted
                    </td>
                    <td class="post-type">
                        story
                    </td>
                    <td class="post-time">
                        2023 Nov 02 23:49
                    </td>
                    <td class="post-url">
                        <a href="https://www.nytimes.com/live/2023/11/02/business/sam-bankman-fried-trial">
                            Link
                        </a>
                    </td>
                </tr>
                <tr>
                    <td class="post-score">
                        188
                    </td>
                    <td class="post-title">
                        Surround sound test files for every audio format
                    </td>
                    <td class="post-type">
                        story
                    </td>
                    <td class="post-time">
                        2023 Nov 03 22:21
                    </td>
                    <td class="post-url">
                        <a href="https://drive.google.com/drive/folders/1JxmeedtAtgmoafXv9rroiDOS2vEX7N4b">
                            Link
                        </a>
                    </td>
                </tr>
                <tr>
                    <td class="post-score">
                        128
                    </td>
                    <td class="post-title">
                        Tesla strike widens as Swedish union expands blockade
                    </td>
                    <td class="post-type">
                        story
                    </td>
                    <td class="post-time">
                        2023 Nov 04 23:30
                    </td>
                    <td class="post-url">
                        <a href="https://www.thelocal.se/20231103/tesla-strike-widens-as-swedish-union-expands-blockade">
                            Link
                        </a>
                    </td>
                </tr>
                <tr>
                    <td class="post-score">
                        15
                    </td>
                    <td class="post-title">
                        Rāhui and the Art of Marine Conservation
                    </td>
                    <td class="post-type">
                        story
                    </td>
                    <td class="post-time">
                        2023 Nov 04 03:03
                    </td>
                    <td class="post-url">
                        <a href="https://hakaimagazine.com/features/rahui-and-the-art-of-marine-conservation/">
                            Link
                        </a>
                    </td>
                </tr>
                <tr>
                    <td class="post-score">
                        81
                    </td>
                    <td class="post-title">
                        Large-scale violence in Late Neolithic Western Europe based on skeletal evidence
                    </td>
                    <td class="post-type">
                        story
                    </td>
                    <td class="post-time">
                        2023 Nov 04 02:56
                    </td>
                    <td class="post-url">
                        <a href="https://www.nature.com/articles/s41598-023-43026-9">
                            Link
                        </a>
                    </td>
                </tr>
                <tr>
                    <td class="post-score">
                        224
                    </td>
                    <td class="post-title">
                        First observation of a virus attaching to another virus
                    </td>
                    <td class="post-type">
                        story
                    </td>
                    <td class="post-time">
                        2023 Nov 03 12:47
                    </td>
                    <td class="post-url">
                        <a href="https://umbc.edu/stories/first-observed-virus-attaching-to-another/">
                            Link
                        </a>
                    </td>
                </tr>
                <tr>
                    <td class="post-score">
                        185
                    </td>
                    <td class="post-title">
                        KDE desktop cube effect returns
                    </td>
                    <td class="post-type">
                        story
                    </td>
                    <td class="post-time">
                        2023 Nov 04 14:13
                    </td>
                    <td class="post-url">
                        <a href="https://www.phoronix.com/news/KDE-Wayland-Color-Mgmt">
                            Link
                        </a>
                    </td>
                </tr>
                <tr>
                    <td class="post-score">
                        49
                    </td>
                    <td class="post-title">
                        Searching for hidden silicon art on a microchip
                    </td>
                    <td class="post-type">
                        story
                    </td>
                    <td class="post-time">
                        2023 Nov 04 16:48
                    </td>
                    <td class="post-url">
                        <a href="https://twitter.com/microscopicture/status/1720837951238636018">
                            Link
                        </a>
                    </td>
                </tr>
                <tr>
                    <td class="post-score">
                        19
                    </td>
                    <td class="post-title">
                        U.S. cities consider banning "right on red" laws amid rise in pedestrian deaths
                    </td>
                    <td class="post-type">
                        story
                    </td>
                    <td class="post-time">
                        2023 Nov 04 23:45
                    </td>
                    <td class="post-url">
                        <a href="https://www.cbsnews.com/news/pedestrian-deaths-right-on-red-ban/">
                            Link
                        </a>
                    </td>
                </tr>
                <tr>
                    <td class="post-score">
                        195
                    </td>
                    <td class="post-title">
                        Paste without formatting on macOS
                    </td>
                    <td class="post-type">
                        story
                    </td>
                    <td class="post-time">
                        2023 Nov 04 14:31
                    </td>
                    <td class="post-url">
                        <a href="https://scottswezey.com/always-paste-without-formatting-macos/">
                            Link
                        </a>
                    </td>
                </tr>
                <tr>
                    <td class="post-score">
                        1187
                    </td>
                    <td class="post-title">
                        Cosmopolitan Third Edition
                    </td>
                    <td class="post-type">
                        story
                    </td>
                    <td class="post-time">
                        2023 Nov 01 17:25
                    </td>
                    <td class="post-url">
                        <a href="https://justine.lol/cosmo3/">
                            Link
                        </a>
                    </td>
                </tr>
                <tr>
                    <td class="post-score">
                        126
                    </td>
                    <td class="post-title">
                        Bibi-binary
                    </td>
                    <td class="post-type">
                        story
                    </td>
                    <td class="post-time">
                        2023 Nov 02 08:55
                    </td>
                    <td class="post-url">
                        <a href="https://en.wikipedia.org/wiki/Bibi-binary">
                            Link
                        </a>
                    </td>
                </tr>
                <tr>
                    <td class="post-score">
                        57
                    </td>
                    <td class="post-title">
                        UK plans to redefine extremism to include undermining the country
                    </td>
                    <td class="post-type">
                        story
                    </td>
                    <td class="post-time">
                        2023 Nov 04 18:57
                    </td>
                    <td class="post-url">
                        <a href="https://www.theguardian.com/uk-news/2023/nov/04/plans-to-redefine-extremism-would-include-undermining-uk-values">
                            Link
                        </a>
                    </td>
                </tr>
                <tr>
                    <td class="post-score">
                        453
                    </td>
                    <td class="post-title">
                        Light can make water evaporate without heat
                    </td>
                    <td class="post-type">
                        story
                    </td>
                    <td class="post-time">
                        2023 Nov 02 17:59
                    </td>
                    <td class="post-url">
                        <a href="https://news.mit.edu/2023/surprising-finding-light-makes-water-evaporate-without-heat-1031">
                            Link
                        </a>
                    </td>
                </tr>
                <tr>
                    <td class="post-score">
                        13
                    </td>
                    <td class="post-title">
                        The Trust Principles
                    </td>
                    <td class="post-type">
                        story
                    </td>
                    <td class="post-time">
                        2023 Nov 04 14:32
                    </td>
                    <td class="post-url">
                        <a href="https://www.thomsonreuters.com/en/about-us/trust-principles.html">
                            Link
                        </a>
                    </td>
                </tr>
                <tr>
                    <td class="post-score">
                        15
                    </td>
                    <td class="post-title">
                        Coding in Public: Help Battle Imposter Syndrome and Inspire Others
                    </td>
                    <td class="post-type">
                        story
                    </td>
                    <td class="post-time">
                        2023 Nov 04 11:58
                    </td>
                    <td class="post-url">
                        <a href="https://www.codingtemple.com/blog/coding-in-public-help-battle-imposter-syndrome-and-inspire-others/">
                            Link
                        </a>
                    </td>
                </tr>
                <tr>
                    <td class="post-score">
                        257
                    </td>
                    <td class="post-title">
                        Software that supports your body should always respect your freedom
                    </td>
                    <td class="post-type">
                        story
                    </td>
                    <td class="post-time">
                        2023 Nov 04 17:26
                    </td>
                    <td class="post-url">
                        <a href="https://www.fsf.org/blogs/community/software-that-supports-your-body-should-always-respect-your-freedom">
                            Link
                        </a>
                    </td>
                </tr>
                <tr>
                    <td class="post-score">
                        117
                    </td>
                    <td class="post-title">
                        Show HN: MicroLua – Lua for the RP2040 Microcontroller
                    </td>
                    <td class="post-type">
                        story
                    </td>
                    <td class="post-time">
                        2023 Nov 03 18:45
                    </td>
                    <td class="post-url">
                        <a href="https://github.com/MicroLua/MicroLua">
                            Link
                        </a>
                    </td>
                </tr>
                <tr>
                    <td class="post-score">
                        451
                    </td>
                    <td class="post-title">
                        Post Mortem on Cloudflare Control Plane and Analytics Outage
                    </td>
                    <td class="post-type">
                        story
                    </td>
                    <td class="post-time">
                        2023 Nov 04 06:20
                    </td>
                    <td class="post-url">
                        <a href="https://blog.cloudflare.com/post-mortem-on-cloudflare-control-plane-and-analytics-outage/">
                            Link
                        </a>
                    </td>
                </tr>
                <tr>
                    <td class="post-score">
                        543
                    </td>
                    <td class="post-title">
                        Portugal. The Man – Official Website Is a Google Sheets Document
                    </td>
                    <td class="post-type">
                        story
                    </td>
                    <td class="post-time">
                        2023 Nov 03 23:59
                    </td>
                    <td class="post-url">
                        <a href="https://www.portugaltheman.com/?frontpage=true">
                            Link
                        </a>
                    </td>
                </tr>
                <tr>
                    <td class="post-score">
                        212
                    </td>
                    <td class="post-title">
                        M3 Macs: there's more to performance than counting cores
                    </td>
                    <td class="post-type">
                        story
                    </td>
                    <td class="post-time">
                        2023 Nov 03 07:59
                    </td>
                    <td class="post-url">
                        <a href="https://eclecticlight.co/2023/11/03/m3-macs-theres-more-to-performance-than-counting-cores/">
                            Link
                        </a>
                    </td>
                </tr>
                <tr>
                    <td class="post-score">
                        43
                    </td>
                    <td class="post-title">
                        What is a Teddy Roosevelt presidential library doing in North Dakota?
                    </td>
                    <td class="post-type">
                        story
                    </td>
                    <td class="post-time">
                        2023 Nov 03 19:14
                    </td>
                    <td class="post-url">
                        <a href="https://www.nytimes.com/2023/10/27/arts/theodore-roosevelt-presidential-library.html">
                            Link
                        </a>
                    </td>
                </tr>
                <tr>
                    <td class="post-score">
                        5
                    </td>
                    <td class="post-title">
                        You Are Not Late (2014)
                    </td>
                    <td class="post-type">
                        story
                    </td>
                    <td class="post-time">
                        2023 Nov 04 15:26
                    </td>
                    <td class="post-url">
                        <a href="https://kk.org/thetechnium/you-are-not-late/">
                            Link
                        </a>
                    </td>
                </tr>
                <tr>
                    <td class="post-score">
                        156
                    </td>
                    <td class="post-title">
                        Shinzo Abe's Assassination
                    </td>
                    <td class="post-type">
                        story
                    </td>
                    <td class="post-time">
                        2023 Nov 04 13:07
                    </td>
                    <td class="post-url">
                        <a href="https://www.theatlantic.com/magazine/archive/2023/10/shinzo-abe-assassination-japan-unification-church-moonies/675114/">
                            Link
                        </a>
                    </td>
                </tr>
                <tr>
                    <td class="post-score">
                        101
                    </td>
                    <td class="post-title">
                        Sometimes, it is a compiler bug (2022)
                    </td>
                    <td class="post-type">
                        story
                    </td>
                    <td class="post-time">
                        2023 Nov 04 03:46
                    </td>
                    <td class="post-url">
                        <a href="https://quick-lint-js.com/blog/bug-journey/">
                            Link
                        </a>
                    </td>
                </tr>
                <tr>
                    <td class="post-score">
                        154
                    </td>
                    <td class="post-title">
                        Guide to Adopting AV1 Encoding
                    </td>
                    <td class="post-type">
                        story
                    </td>
                    <td class="post-time">
                        2023 Nov 03 15:17
                    </td>
                    <td class="post-url">
                        <a href="https://bitmovin.com/av1/av1-encoding-guide/">
                            Link
                        </a>
                    </td>
                </tr>
                <tr>
                    <td class="post-score">
                        7
                    </td>
                    <td class="post-title">
                        Ask HN: Where do you get your health news?
                    </td>
                    <td class="post-type">
                        story
                    </td>
                    <td class="post-time">
                        2023 Nov 05 00:57
                    </td>
                    <td class="post-url">
                        <a href="">
                            Link
                        </a>
                    </td>
                </tr>
                <tr>
                    <td class="post-score">
                        37
                    </td>
                    <td class="post-title">
                        Mass producing the most expensive rice cooker [video]
                    </td>
                    <td class="post-type">
                        story
                    </td>
                    <td class="post-time">
                        2023 Nov 04 16:33
                    </td>
                    <td class="post-url">
                        <a href="https://www.youtube.com/watch?v=xLCwr8qG1p4">
                            Link
                        </a>
                    </td>
                </tr>
                <tr>
                    <td class="post-score">
                        32
                    </td>
                    <td class="post-title">
                        Codec Royalties on Content and the Jaws Moment
                    </td>
                    <td class="post-type">
                        story
                    </td>
                    <td class="post-time">
                        2023 Nov 03 21:07
                    </td>
                    <td class="post-url">
                        <a href="https://streaminglearningcenter.com/codecs/codec-royalties-on-content.html">
                            Link
                        </a>
                    </td>
                </tr>
                <tr>
                    <td class="post-score">
                        139
                    </td>
                    <td class="post-title">
                        Louis Armstrong's Last Word
                    </td>
                    <td class="post-type">
                        story
                    </td>
                    <td class="post-time">
                        2023 Nov 02 20:16
                    </td>
                    <td class="post-url">
                        <a href="https://www.thenation.com/article/culture/louis-armstrong-archive/">
                            Link
                        </a>
                    </td>
                </tr>
                <tr>
                    <td class="post-score">
                        111
                    </td>
                    <td class="post-title">
                        The Sega Hitachi HiSaturn Navi Console
                    </td>
                    <td class="post-type">
                        story
                    </td>
                    <td class="post-time">
                        2023 Nov 03 22:43
                    </td>
                    <td class="post-url">
                        <a href="https://nfggames.com/games/hisaturn/">
                            Link
                        </a>
                    </td>
                </tr>
                <tr>
                    <td class="post-score">
                        124
                    </td>
                    <td class="post-title">
                        My experience taking Tesla to court about FSD
                    </td>
                    <td class="post-type">
                        story
                    </td>
                    <td class="post-time">
                        2023 Nov 05 00:23
                    </td>
                    <td class="post-url">
                        <a href="https://teslamotorsclub.com/tmc/threads/my-experience-taking-tesla-to-court-about-fsd.315086/">
                            Link
                        </a>
                    </td>
                </tr>
                <tr>
                    <td class="post-score">
                        179
                    </td>
                    <td class="post-title">
                        Pix2tex: Using a ViT to convert images of equations into LaTeX code
                    </td>
                    <td class="post-type">
                        story
                    </td>
                    <td class="post-time">
                        2023 Nov 03 10:17
                    </td>
                    <td class="post-url">
                        <a href="https://github.com/lukas-blecher/LaTeX-OCR">
                            Link
                        </a>
                    </td>
                </tr>
                <tr>
                    <td class="post-score">
                        470
                    </td>
                    <td class="post-title">
                        Talk-Llama
                    </td>
                    <td class="post-type">
                        story
                    </td>
                    <td class="post-time">
                        2023 Nov 02 07:32
                    </td>
                    <td class="post-url">
                        <a href="https://github.com/ggerganov/whisper.cpp/tree/master/examples/talk-llama">
                            Link
                        </a>
                    </td>
                </tr>
                <tr>
                    <td class="post-score">
                        145
                    </td>
                    <td class="post-title">
                        Cooperative C++ Evolution – Toward a TypeScript for C++
                    </td>
                    <td class="post-type">
                        story
                    </td>
                    <td class="post-time">
                        2023 Nov 04 13:30
                    </td>
                    <td class="post-url">
                        <a href="https://herbsutter.com/2023/10/09/my-new-cppcon-talk-is-on-youtube-cooperative-c-evolution-toward-a-typescript-for-c/">
                            Link
                        </a>
                    </td>
                </tr>
                <tr>
                    <td class="post-score">
                        35
                    </td>
                    <td class="post-title">
                        The StahlDream
                    </td>
                    <td class="post-type">
                        story
                    </td>
                    <td class="post-time">
                        2023 Nov 04 01:18
                    </td>
                    <td class="post-url">
                        <a href="https://remexre.com/stahl/dream">
                            Link
                        </a>
                    </td>
                </tr>
                <tr>
                    <td class="post-score">
                        112
                    </td>
                    <td class="post-title">
                        Frink is a programming language designed to make physical calculations simple
                    </td>
                    <td class="post-type">
                        story
                    </td>
                    <td class="post-time">
                        2023 Nov 03 06:36
                    </td>
                    <td class="post-url">
                        <a href="https://frinklang.org/">
                            Link
                        </a>
                    </td>
                </tr>
                <tr>
                    <td class="post-score">
                        38
                    </td>
                    <td class="post-title">
                        SBF Is Headed to Prison but FTX Will Haunt the Crypto Community for Years
                    </td>
                    <td class="post-type">
                        story
                    </td>
                    <td class="post-time">
                        2023 Nov 05 01:59
                    </td>
                    <td class="post-url">
                        <a href="https://gizmodo.com/ftx-fbi-sam-bankman-fried-cryptocurrency-data-1850990825">
                            Link
                        </a>
                    </td>
                </tr>
                <tr>
                    <td class="post-score">
                        59
                    </td>
                    <td class="post-title">
                        Yorick is an interpreted programming language for scientific simulations
                    </td>
                    <td class="post-type">
                        story
                    </td>
                    <td class="post-time">
                        2023 Nov 03 21:00
                    </td>
                    <td class="post-url">
                        <a href="https://yorick.sourceforge.net/">
                            Link
                        </a>
                    </td>
                </tr>
                <tr>
                    <td class="post-score">
                        149
                    </td>
                    <td class="post-title">
                        Starfish bodies aren’t bodies at all, study finds
                    </td>
                    <td class="post-type">
                        story
                    </td>
                    <td class="post-time">
                        2023 Nov 04 13:54
                    </td>
                    <td class="post-url">
                        <a href="https://www.cnn.com/2023/11/02/world/starfish-head-body-plan-scn/index.html">
                            Link
                        </a>
                    </td>
                </tr>
                <tr>
                    <td class="post-score">
                        7
                    </td>
                    <td class="post-title">
                        SFML 2.6.1
                    </td>
                    <td class="post-type">
                        story
                    </td>
                    <td class="post-time">
                        2023 Nov 04 21:24
                    </td>
                    <td class="post-url">
                        <a href="https://github.com/SFML/SFML/releases/tag/2.6.1">
                            Link
                        </a>
                    </td>
                </tr>
                <tr>
                    <td class="post-score">
                        21
                    </td>
                    <td class="post-title">
                        Running Mod_Perl with Mojolicious in Docker
                    </td>
                    <td class="post-type">
                        story
                    </td>
                    <td class="post-time">
                        2023 Nov 03 23:02
                    </td>
                    <td class="post-url">
                        <a href="https://rawley.xyz/docker-mod-perl.html">
                            Link
                        </a>
                    </td>
                </tr>
                <tr>
                    <td class="post-score">
                        67
                    </td>
                    <td class="post-title">
                        The Great Inflation
                    </td>
                    <td class="post-type">
                        story
                    </td>
                    <td class="post-time">
                        2023 Nov 04 14:42
                    </td>
                    <td class="post-url">
                        <a href="https://www.federalreservehistory.org/essays/great-inflation">
                            Link
                        </a>
                    </td>
                </tr>
                <tr>
                    <td class="post-score">
                        174
                    </td>
                    <td class="post-title">
                        MetNet-3: A state-of-the-art neural weather model
                    </td>
                    <td class="post-type">
                        story
                    </td>
                    <td class="post-time">
                        2023 Nov 03 00:34
                    </td>
                    <td class="post-url">
                        <a href="https://blog.research.google/2023/11/metnet-3-state-of-art-neural-weather.html?m=1">
                            Link
                        </a>
                    </td>
                </tr>
                <tr>
                    <td class="post-score">
                        264
                    </td>
                    <td class="post-title">
                        From S3 to R2: An economic opportunity
                    </td>
                    <td class="post-type">
                        story
                    </td>
                    <td class="post-time">
                        2023 Nov 02 19:15
                    </td>
                    <td class="post-url">
                        <a href="https://dansdatathoughts.substack.com/p/from-s3-to-r2-an-economic-opportunity">
                            Link
                        </a>
                    </td>
                </tr>
                <tr>
                    <td class="post-score">
                        481
                    </td>
                    <td class="post-title">
                        Ask HN: Who is hiring? (November 2023)
                    </td>
                    <td class="post-type">
                        story
                    </td>
                    <td class="post-time">
                        2023 Nov 01 15:00
                    </td>
                    <td class="post-url">
                        <a href="">
                            Link
                        </a>
                    </td>
                </tr>
                <tr>
                    <td class="post-score">
                        208
                    </td>
                    <td class="post-title">
                        Course using F#: Write your own tiny programming system(s)
                    </td>
                    <td class="post-type">
                        story
                    </td>
                    <td class="post-time">
                        2023 Nov 02 21:41
                    </td>
                    <td class="post-url">
                        <a href="https://d3s.mff.cuni.cz/teaching/nprg077/">
                            Link
                        </a>
                    </td>
                </tr>
                <tr>
                    <td class="post-score">
                        11
                    </td>
                    <td class="post-title">
                        Astra, low on cash, defaults on loan
                    </td>
                    <td class="post-type">
                        story
                    </td>
                    <td class="post-time">
                        2023 Nov 04 20:16
                    </td>
                    <td class="post-url">
                        <a href="https://spacenews.com/astra-low-on-cash-defaults-on-loan/">
                            Link
                        </a>
                    </td>
                </tr>
                <tr>
                    <td class="post-score">
                        204
                    </td>
                    <td class="post-title">
                        Maersk to cut 10k jobs as shipping demand drops
                    </td>
                    <td class="post-type">
                        story
                    </td>
                    <td class="post-time">
                        2023 Nov 04 04:39
                    </td>
                    <td class="post-url">
                        <a href="https://www.reuters.com/business/shipping-giant-maersk-q3-above-expectation-sees-fy-lower-end-range-2023-11-03/">
                            Link
                        </a>
                    </td>
                </tr>
                <tr>
                    <td class="post-score">
                        52
                    </td>
                    <td class="post-title">
                        Welcome to the New GamersNexus Website v5.0: A Message
                    </td>
                    <td class="post-type">
                        story
                    </td>
                    <td class="post-time">
                        2023 Nov 04 21:16
                    </td>
                    <td class="post-url">
                        <a href="https://gamersnexus.net/gn-extras/welcome-new-gamersnexus-website-v50-message">
                            Link
                        </a>
                    </td>
                </tr>
                <tr>
                    <td class="post-score">
                        252
                    </td>
                    <td class="post-title">
                        How to stop adulterated turmeric from killing people
                    </td>
                    <td class="post-type">
                        story
                    </td>
                    <td class="post-time">
                        2023 Nov 04 07:59
                    </td>
                    <td class="post-url">
                        <a href="https://www.economist.com/leaders/2023/11/02/how-to-stop-turmeric-from-killing-people">
                            Link
                        </a>
                    </td>
                </tr>
                <tr>
                    <td class="post-score">
                        38
                    </td>
                    <td class="post-title">
                        The Miracle of Photography
                    </td>
                    <td class="post-type">
                        story
                    </td>
                    <td class="post-time">
                        2023 Nov 03 17:46
                    </td>
                    <td class="post-url">
                        <a href="https://themillions.com/2023/11/the-miracle-of-photography.html">
                            Link
                        </a>
                    </td>
                </tr>
                <tr>
                    <td class="post-score">
                        71
                    </td>
                    <td class="post-title">
                        Edison Bulb Night Mode
                    </td>
                    <td class="post-type">
                        story
                    </td>
                    <td class="post-time">
                        2023 Nov 03 22:29
                    </td>
                    <td class="post-url">
                        <a href="https://www.petemillspaugh.com/edison-bulb">
                            Link
                        </a>
                    </td>
                </tr>
                <tr>
                    <td class="post-score">
                        155
                    </td>
                    <td class="post-title">
                        RegEx Crossword (2013)
                    </td>
                    <td class="post-type">
                        story
                    </td>
                    <td class="post-time">
                        2023 Nov 02 10:30
                    </td>
                    <td class="post-url">
                        <a href="https://jimbly.github.io/regex-crossword/">
                            Link
                        </a>
                    </td>
                </tr>
                <tr>
                    <td class="post-score">
                        65
                    </td>
                    <td class="post-title">
                        CPU-Z's Inadequate Benchmark
                    </td>
                    <td class="post-type">
                        story
                    </td>
                    <td class="post-time">
                        2023 Nov 04 00:27
                    </td>
                    <td class="post-url">
                        <a href="https://chipsandcheese.com/2023/11/03/cpu-zs-inadequate-benchmark/">
                            Link
                        </a>
                    </td>
                </tr>
                <tr>
                    <td class="post-score">
                        29
                    </td>
                    <td class="post-title">
                        DEA Launches Crack Down on San Francisco Fentanyl Dealing
                    </td>
                    <td class="post-type">
                        story
                    </td>
                    <td class="post-time">
                        2023 Nov 04 23:44
                    </td>
                    <td class="post-url">
                        <a href="https://abc7news.com/sf-fentanyl-drug-dealers-all-hands-of-deck-operation-sfpd/14006658/">
                            Link
                        </a>
                    </td>
                </tr>
                <tr>
                    <td class="post-score">
                        205
                    </td>
                    <td class="post-title">
                        Uranium demand hits decade high as nuclear renaissance gains traction
                    </td>
                    <td class="post-type">
                        story
                    </td>
                    <td class="post-time">
                        2023 Nov 04 00:11
                    </td>
                    <td class="post-url">
                        <a href="https://oilprice.com/The-Environment/Global-Warming/Uranium-Demand-Hits-Decade-High-As-Nuclear-Renaissance-Gains-Traction.html">
                            Link
                        </a>
                    </td>
                </tr>
                <tr>
                    <td class="post-score">
                        56
                    </td>
                    <td class="post-title">
                        Accelerating digital block design with Google's open source Mid-Level Synthesis
                    </td>
                    <td class="post-type">
                        story
                    </td>
                    <td class="post-time">
                        2023 Nov 03 19:53
                    </td>
                    <td class="post-url">
                        <a href="https://antmicro.com/blog/2023/09/accelerating-digital-block-design-with-googles-xls/">
                            Link
                        </a>
                    </td>
                </tr>
                <tr>
                    <td class="post-score">
                        26
                    </td>
                    <td class="post-title">
                        Show HN: Cami.js – A No Build, Web Component Based Reactive Framework
                    </td>
                    <td class="post-type">
                        story
                    </td>
                    <td class="post-time">
                        2023 Nov 04 18:33
                    </td>
                    <td class="post-url">
                        <a href="https://github.com/kennyfrc/cami.js">
                            Link
                        </a>
                    </td>
                </tr>
                <tr>
                    <td class="post-score">
                        177
                    </td>
                    <td class="post-title">
                        Why You Should Write Your Own Static Site Generator
                    </td>
                    <td class="post-type">
                        story
                    </td>
                    <td class="post-time">
                        2023 Nov 03 09:10
                    </td>
                    <td class="post-url">
                        <a href="https://arne.me/articles/write-your-own-ssg">
                            Link
                        </a>
                    </td>
                </tr>
                <tr>
                    <td class="post-score">
                        12
                    </td>
                    <td class="post-title">
                        GiNaC: Open framework for symbolic computation within C++ programming language
                    </td>
                    <td class="post-type">
                        story
                    </td>
                    <td class="post-time">
                        2023 Nov 04 03:25
                    </td>
                    <td class="post-url">
                        <a href="https://www.ginac.de/tutorial/">
                            Link
                        </a>
                    </td>
                </tr>
                <tr>
                    <td class="post-score">
                        39
                    </td>
                    <td class="post-title">
                        Liblinux – architecture-independent access to Linux system calls
                    </td>
                    <td class="post-type">
                        story
                    </td>
                    <td class="post-time">
                        2023 Nov 03 08:47
                    </td>
                    <td class="post-url">
                        <a href="https://github.com/matheusmoreira/liblinux">
                            Link
                        </a>
                    </td>
                </tr>
                <tr>
                    <td class="post-score">
                        111
                    </td>
                    <td class="post-title">
                        Enable ARMv9 Memory Tagging Extension (MTE) on Pixel 8
                    </td>
                    <td class="post-type">
                        story
                    </td>
                    <td class="post-time">
                        2023 Nov 03 06:55
                    </td>
                    <td class="post-url">
                        <a href="https://outflux.net/blog/archives/2023/10/26/enable-mte-on-pixel-8/">
                            Link
                        </a>
                    </td>
                </tr>
                <tr>
                    <td class="post-score">
                        56
                    </td>
                    <td class="post-title">
                        Why is RC Cola popular in Tajikistan?
                    </td>
                    <td class="post-type">
                        story
                    </td>
                    <td class="post-time">
                        2023 Nov 03 20:07
                    </td>
                    <td class="post-url">
                        <a href="https://www.snackstack.net/p/why-is-rc-cola-popular-in-tajikistan">
                            Link
                        </a>
                    </td>
                </tr>
                <tr>
                    <td class="post-score">
                        7
                    </td>
                    <td class="post-title">
                        Show HN: I started building yet another CSS framework
                    </td>
                    <td class="post-type">
                        story
                    </td>
                    <td class="post-time">
                        2023 Nov 04 08:55
                    </td>
                    <td class="post-url">
                        <a href="https://eternityforest.github.io/barrel.css/">
                            Link
                        </a>
                    </td>
                </tr>
                <tr>
                    <td class="post-score">
                        85
                    </td>
                    <td class="post-title">
                        How to help someone use a computer (1996)
                    </td>
                    <td class="post-type">
                        story
                    </td>
                    <td class="post-time">
                        2023 Nov 03 08:46
                    </td>
                    <td class="post-url">
                        <a href="https://pages.gseis.ucla.edu/faculty/agre/how-to-help.html">
                            Link
                        </a>
                    </td>
                </tr>
                <tr>
                    <td class="post-score">
                        193
                    </td>
                    <td class="post-title">
                        Is there anywhere in the world someone can just live for free?
                    </td>
                    <td class="post-type">
                        story
                    </td>
                    <td class="post-time">
                        2023 Nov 04 08:57
                    </td>
                    <td class="post-url">
                        <a href="https://reddit.com/r/NoStupidQuestions/comments/17mvukd/is_there_anywhere_in_the_world_someone_can_just/">
                            Link
                        </a>
                    </td>
                </tr>
                <tr>
                    <td class="post-score">
                        84
                    </td>
                    <td class="post-title">
                        First Handset with MTE on the Market
                    </td>
                    <td class="post-type">
                        story
                    </td>
                    <td class="post-time">
                        2023 Nov 03 22:03
                    </td>
                    <td class="post-url">
                        <a href="https://googleprojectzero.blogspot.com/2023/11/first-handset-with-mte-on-market.html">
                            Link
                        </a>
                    </td>
                </tr>
                <tr>
                    <td class="post-score">
                        59
                    </td>
                    <td class="post-title">
                        Cats Make Nearly 300 Different Facial Expressions
                    </td>
                    <td class="post-type">
                        story
                    </td>
                    <td class="post-time">
                        2023 Nov 04 21:38
                    </td>
                    <td class="post-url">
                        <a href="https://www.smithsonianmag.com/smart-news/cats-make-nearly-300-different-facial-expressions-180983185/">
                            Link
                        </a>
                    </td>
                </tr>
                <tr>
                    <td class="post-score">
                        147
                    </td>
                    <td class="post-title">
                        Email.radio – Free Email Domain for Licensed Ham Radio Operators
                    </td>
                    <td class="post-type">
                        story
                    </td>
                    <td class="post-time">
                        2023 Nov 03 02:10
                    </td>
                    <td class="post-url">
                        <a href="https://email.radio/">
                            Link
                        </a>
                    </td>
                </tr>
                <tr>
                    <td class="post-score">
                        666
                    </td>
                    <td class="post-title">
                        macOS Sonoma Boot Failures
                    </td>
                    <td class="post-type">
                        story
                    </td>
                    <td class="post-time">
                        2023 Oct 31 18:33
                    </td>
                    <td class="post-url">
                        <a href="https://github.com/AsahiLinux/docs/wiki/macOS-Sonoma-Boot-Failures">
                            Link
                        </a>
                    </td>
                </tr>
                <tr>
                    <td class="post-score">
                        98
                    </td>
                    <td class="post-title">
                        Telnet BBS Guide
                    </td>
                    <td class="post-type">
                        story
                    </td>
                    <td class="post-time">
                        2023 Nov 03 23:29
                    </td>
                    <td class="post-url">
                        <a href="https://www.telnetbbsguide.com/">
                            Link
                        </a>
                    </td>
                </tr>
                <tr>
                    <td class="post-score">
                        69
                    </td>
                    <td class="post-title">
                        Discord will switch to temporary file links to block malware delivery
                    </td>
                    <td class="post-type">
                        story
                    </td>
                    <td class="post-time">
                        2023 Nov 04 19:11
                    </td>
                    <td class="post-url">
                        <a href="https://www.bleepingcomputer.com/news/security/discord-will-switch-to-temporary-file-links-to-block-malware-delivery/">
                            Link
                        </a>
                    </td>
                </tr>
                <tr>
                    <td class="post-score">
                        201
                    </td>
                    <td class="post-title">
                        Podman Desktop v1.5 with Compose onboarding and enhanced Kubernetes pod data
                    </td>
                    <td class="post-type">
                        story
                    </td>
                    <td class="post-time">
                        2023 Nov 03 19:39
                    </td>
                    <td class="post-url">
                        <a href="https://podman-desktop.io/blog/podman-desktop-release-1.5">
                            Link
                        </a>
                    </td>
                </tr>
                <tr>
                    <td class="post-score">
                        199
                    </td>
                    <td class="post-title">
                        Okta hit by third-party breach, stealing employee data
                    </td>
                    <td class="post-type">
                        story
                    </td>
                    <td class="post-time">
                        2023 Nov 03 16:15
                    </td>
                    <td class="post-url">
                        <a href="https://arstechnica.com/security/2023/11/okta-hit-by-another-breach-this-one-stealing-employee-data-from-3rd-party-vendor/">
                            Link
                        </a>
                    </td>
                </tr>
                <tr>
                    <td class="post-score">
                        124
                    </td>
                    <td class="post-title">
                        If you plant milkweed, they will come
                    </td>
                    <td class="post-type">
                        story
                    </td>
                    <td class="post-time">
                        2023 Nov 03 00:21
                    </td>
                    <td class="post-url">
                        <a href="https://www.nytimes.com/2023/10/25/realestate/gardening-milkweed-plants-butterflies.html">
                            Link
                        </a>
                    </td>
                </tr>
                <tr>
                    <td class="post-score">
                        31
                    </td>
                    <td class="post-title">
                        Things I like about Zig as a Go Programmer
                    </td>
                    <td class="post-type">
                        story
                    </td>
                    <td class="post-time">
                        2023 Nov 04 16:38
                    </td>
                    <td class="post-url">
                        <a href="https://medium.com/@vladimirvivien/things-i-like-about-zig-as-a-go-programmer-75eb02aab00f">
                            Link
                        </a>
                    </td>
                </tr>
                <tr>
                    <td class="post-score">
                        9
                    </td>
                    <td class="post-title">
                        Upgrading my Chumby 8 kernel part 7: touchscreen
                    </td>
                    <td class="post-type">
                        story
                    </td>
                    <td class="post-time">
                        2023 Nov 03 23:57
                    </td>
                    <td class="post-url">
                        <a href="https://www.downtowndougbrown.com/2023/11/upgrading-my-chumby-8-kernel-part-7-touchscreen/">
                            Link
                        </a>
                    </td>
                </tr>
                <tr>
                    <td class="post-score">
                        114
                    </td>
                    <td class="post-title">
                        Embracing community helps us live longer, and be happier (2017)
                    </td>
                    <td class="post-type">
                        story
                    </td>
                    <td class="post-time">
                        2023 Nov 03 19:58
                    </td>
                    <td class="post-url">
                        <a href="https://news.harvard.edu/gazette/story/2017/04/over-nearly-80-years-harvard-study-has-been-showing-how-to-live-a-healthy-and-happy-life/">
                            Link
                        </a>
                    </td>
                </tr>
                <tr>
                    <td class="post-score">
                        221
                    </td>
                    <td class="post-title">
                        Joint statement of scientists and NGOs on the EU’s proposed eIDAS reform
                    </td>
                    <td class="post-type">
                        story
                    </td>
                    <td class="post-time">
                        2023 Nov 03 11:08
                    </td>
                    <td class="post-url">
                        <a href="https://eidas-open-letter.org/">
                            Link
                        </a>
                    </td>
                </tr>
                <tr>
                    <td class="post-score">
                        3
                    </td>
                    <td class="post-title">
                        A guide to home row mods with QMK
                    </td>
                    <td class="post-type">
                        story
                    </td>
                    <td class="post-time">
                        2023 Nov 04 11:21
                    </td>
                    <td class="post-url">
                        <a href="https://precondition.github.io/home-row-mods">
                            Link
                        </a>
                    </td>
                </tr>
                <tr>
                    <td class="post-score">
                        14
                    </td>
                    <td class="post-title">
                        Geospatial Technology Radar 2023
                    </td>
                    <td class="post-type">
                        story
                    </td>
                    <td class="post-time">
                        2023 Nov 03 20:03
                    </td>
                    <td class="post-url">
                        <a href="https://element84.com/geospatial-tech-radar-23">
                            Link
                        </a>
                    </td>
                </tr>
                <tr>
                    <td class="post-score">
                        49
                    </td>
                    <td class="post-title">
                        HBO CEO Confesses to Trolling Critics with Fake Tweets: Rolling Stone
                    </td>
                    <td class="post-type">
                        story
                    </td>
                    <td class="post-time">
                        2023 Nov 04 06:19
                    </td>
                    <td class="post-url">
                        <a href="https://www.rollingstone.com/tv-movies/tv-movie-news/hbo-ceo-casey-bloys-confesses-trolling-critics-fake-twitter-accounts-dumb-idea-1234868710/">
                            Link
                        </a>
                    </td>
                </tr>
                <tr>
                    <td class="post-score">
                        124
                    </td>
                    <td class="post-title">
                        Ken Mattingly, astronaut scrubbed from Apollo 13, has died
                    </td>
                    <td class="post-type">
                        story
                    </td>
                    <td class="post-time">
                        2023 Nov 03 05:48
                    </td>
                    <td class="post-url">
                        <a href="https://www.nytimes.com/2023/11/02/science/space/ken-mattingly-dead.html">
                            Link
                        </a>
                    </td>
                </tr>
                <tr>
                    <td class="post-score">
                        146
                    </td>
                    <td class="post-title">
                        How big data carried graph theory into new dimensions
                    </td>
                    <td class="post-type">
                        story
                    </td>
                    <td class="post-time">
                        2023 Nov 02 21:33
                    </td>
                    <td class="post-url">
                        <a href="https://www.quantamagazine.org/how-big-data-carried-graph-theory-into-new-dimensions-20210819/">
                            Link
                        </a>
                    </td>
                </tr>
                <tr>
                    <td class="post-score">
                        235
                    </td>
                    <td class="post-title">
                        Lemming Suicide Myth: Disney Film Faked Bogus Behavior
                    </td>
                    <td class="post-type">
                        story
                    </td>
                    <td class="post-time">
                        2023 Nov 01 22:47
                    </td>
                    <td class="post-url">
                        <a href="https://www.adfg.alaska.gov/index.cfm?adfg=wildlifenews.view_article&articles_id=56">
                            Link
                        </a>
                    </td>
                </tr>
                <tr>
                    <td class="post-score">
                        22
                    </td>
                    <td class="post-title">
                        The Future of RSS Is Textcasting
                    </td>
                    <td class="post-type">
                        story
                    </td>
                    <td class="post-time">
                        2023 Nov 03 19:11
                    </td>
                    <td class="post-url">
                        <a href="https://kottke.org/23/11/the-future-of-rss-is-textcasting-1">
                            Link
                        </a>
                    </td>
                </tr>
                <tr>
                    <td class="post-score">
                        113
                    </td>
                    <td class="post-title">
                        Auto industry executives admit electric vehicle plans are in jeopardy
                    </td>
                    <td class="post-type">
                        story
                    </td>
                    <td class="post-time">
                        2023 Nov 02 22:26
                    </td>
                    <td class="post-url">
                        <a href="https://www.businessinsider.com/auto-executives-coming-clean-evs-arent-working-2023-10">
                            Link
                        </a>
                    </td>
                </tr>
                <tr>
                    <td class="post-score">
                        591
                    </td>
                    <td class="post-title">
                        Confusing Git Terminology
                    </td>
                    <td class="post-type">
                        story
                    </td>
                    <td class="post-time">
                        2023 Nov 02 13:05
                    </td>
                    <td class="post-url">
                        <a href="https://jvns.ca/blog/2023/11/01/confusing-git-terminology/">
                            Link
                        </a>
                    </td>
                </tr>
                <tr>
                    <td class="post-score">
                        645
                    </td>
                    <td class="post-title">
                        Copying Angry Birds with nothing but AI
                    </td>
                    <td class="post-type">
                        story
                    </td>
                    <td class="post-time">
                        2023 Oct 31 18:27
                    </td>
                    <td class="post-url">
                        <a href="https://twitter.com/javilopen/status/1719363262179938401">
                            Link
                        </a>
                    </td>
                </tr>
                <tr>
                    <td class="post-score">
                        146
                    </td>
                    <td class="post-title">
                        Hyphens, minus, and dashes in Debian man pages
                    </td>
                    <td class="post-type">
                        story
                    </td>
                    <td class="post-time">
                        2023 Nov 02 23:13
                    </td>
                    <td class="post-url">
                        <a href="https://lwn.net/Articles/947941/">
                            Link
                        </a>
                    </td>
                </tr>
                <tr>
                    <td class="post-score">
                        91
                    </td>
                    <td class="post-title">
                        The Anthropogenic Salt Cycle
                    </td>
                    <td class="post-type">
                        story
                    </td>
                    <td class="post-time">
                        2023 Nov 03 12:21
                    </td>
                    <td class="post-url">
                        <a href="https://www.nature.com/articles/s43017-023-00485-y">
                            Link
                        </a>
                    </td>
                </tr>
                <tr>
                    <td class="post-score">
                        117
                    </td>
                    <td class="post-title">
                        When to Shut Up: A Visual Guide (With Included Algorithm)
                    </td>
                    <td class="post-type">
                        story
                    </td>
                    <td class="post-time">
                        2023 Nov 04 12:24
                    </td>
                    <td class="post-url">
                        <a href="https://shaungallagher.pressbin.com/blog/shut-up.html">
                            Link
                        </a>
                    </td>
                </tr>
                <tr>
                    <td class="post-score">
                        297
                    </td>
                    <td class="post-title">
                        macOS Sonoma Broke Grep
                    </td>
                    <td class="post-type">
                        story
                    </td>
                    <td class="post-time">
                        2023 Nov 01 20:24
                    </td>
                    <td class="post-url">
                        <a href="https://developer.apple.com/forums/thread/738862">
                            Link
                        </a>
                    </td>
                </tr>
                <tr>
                    <td class="post-score">
                        335
                    </td>
                    <td class="post-title">
                        How Bear does analytics with CSS
                    </td>
                    <td class="post-type">
                        story
                    </td>
                    <td class="post-time">
                        2023 Nov 01 08:08
                    </td>
                    <td class="post-url">
                        <a href="https://herman.bearblog.dev/how-bear-does-analytics-with-css/">
                            Link
                        </a>
                    </td>
                </tr>
                <tr>
                    <td class="post-score">
                        87
                    </td>
                    <td class="post-title">
                        Everything We Know About 1970s Mainframe RPGs We Can No Longer Play
                    </td>
                    <td class="post-type">
                        story
                    </td>
                    <td class="post-time">
                        2023 Nov 02 22:31
                    </td>
                    <td class="post-url">
                        <a href="http://crpgaddict.blogspot.com/2021/06/brief-everything-we-know-about-1970s.html">
                            Link
                        </a>
                    </td>
                </tr>
                <tr>
                    <td class="post-score">
                        200
                    </td>
                    <td class="post-title">
                        The business of extracting knowledge from academic publications
                    </td>
                    <td class="post-type">
                        story
                    </td>
                    <td class="post-time">
                        2023 Nov 01 21:52
                    </td>
                    <td class="post-url">
                        <a href="https://www.theseedsofscience.pub/p/the-business-of-extracting-knowledge">
                            Link
                        </a>
                    </td>
                </tr>
                <tr>
                    <td class="post-score">
                        244
                    </td>
                    <td class="post-title">
                        Window-swap – open a new window somewhere in the world
                    </td>
                    <td class="post-type">
                        story
                    </td>
                    <td class="post-time">
                        2023 Nov 02 01:16
                    </td>
                    <td class="post-url">
                        <a href="https://www.window-swap.com/">
                            Link
                        </a>
                    </td>
                </tr>
                <tr>
                    <td class="post-score">
                        80
                    </td>
                    <td class="post-title">
                        AMD Unveils Ryzen Mobile 7040U Series with Zen 4c Efficiency Cores
                    </td>
                    <td class="post-type">
                        story
                    </td>
                    <td class="post-time">
                        2023 Nov 03 10:52
                    </td>
                    <td class="post-url">
                        <a href="https://www.anandtech.com/show/21111/amd-unveils-ryzen-7040u-series-with-zen-4c-smaller-cores-bigger-efficiency">
                            Link
                        </a>
                    </td>
                </tr>
                <tr>
                    <td class="post-score">
                        231
                    </td>
                    <td class="post-title">
                        YouTube's plan backfires, people are installing better ad blockers
                    </td>
                    <td class="post-type">
                        story
                    </td>
                    <td class="post-time">
                        2023 Nov 04 03:34
                    </td>
                    <td class="post-url">
                        <a href="https://www.androidauthority.com/youtube-ad-block-installs-3382289/">
                            Link
                        </a>
                    </td>
                </tr>
                <tr>
                    <td class="post-score">
                        56
                    </td>
                    <td class="post-title">
                        A carbohydrate revolution is speeding up pro cycling
                    </td>
                    <td class="post-type">
                        story
                    </td>
                    <td class="post-time">
                        2023 Nov 04 15:56
                    </td>
                    <td class="post-url">
                        <a href="https://velo.outsideonline.com/road/road-training/a-massive-change-how-a-carbohydrate-revolution-is-speeding-up-pro-cycling/">
                            Link
                        </a>
                    </td>
                </tr>
                <tr>
                    <td class="post-score">
                        30
                    </td>
                    <td class="post-title">
                        Intel's CEO Admits to and Details the Company's Three Biggest Mistakes
                    </td>
                    <td class="post-type">
                        story
                    </td>
                    <td class="post-time">
                        2023 Nov 04 07:28
                    </td>
                    <td class="post-url">
                        <a href="https://www.tomshardware.com/pc-components/gpus/intels-ceo-admits-to-and-details-companies-three-biggest-mistakes">
                            Link
                        </a>
                    </td>
                </tr>
                <tr>
                    <td class="post-score">
                        89
                    </td>
                    <td class="post-title">
                        GM's Cruise alleged to rely on human operators to achieve "autonomous" driving
                    </td>
                    <td class="post-type">
                        story
                    </td>
                    <td class="post-time">
                        2023 Nov 04 20:59
                    </td>
                    <td class="post-url">
                        <a href="https://www.nytimes.com/2023/11/03/technology/cruise-general-motors-self-driving-cars.html">
                            Link
                        </a>
                    </td>
                </tr>
                <tr>
                    <td class="post-score">
                        674
                    </td>
                    <td class="post-title">
                        I trapped scammers in an impossible maze [video]
                    </td>
                    <td class="post-type">
                        story
                    </td>
                    <td class="post-time">
                        2023 Nov 03 15:38
                    </td>
                    <td class="post-url">
                        <a href="https://www.youtube.com/watch?v=dWzz3NeDz3E">
                            Link
                        </a>
                    </td>
                </tr>
                <tr>
                    <td class="post-score">
                        64
                    </td>
                    <td class="post-title">
                        999 Request Denied
                    </td>
                    <td class="post-type">
                        story
                    </td>
                    <td class="post-time">
                        2023 Nov 03 11:25
                    </td>
                    <td class="post-url">
                        <a href="https://http.dev/999">
                            Link
                        </a>
                    </td>
                </tr>
                <tr>
                    <td class="post-score">
                        537
                    </td>
                    <td class="post-title">
                        Last Chance to fix eIDAS: Secret EU law threatens Internet security
                    </td>
                    <td class="post-type">
                        story
                    </td>
                    <td class="post-time">
                        2023 Nov 02 05:57
                    </td>
                    <td class="post-url">
                        <a href="https://last-chance-for-eidas.org/">
                            Link
                        </a>
                    </td>
                </tr>
                <tr>
                    <td class="post-score">
                        148
                    </td>
                    <td class="post-title">
                        Microsoft is retiring Visual Studio for Mac in 2024
                    </td>
                    <td class="post-type">
                        story
                    </td>
                    <td class="post-time">
                        2023 Nov 03 20:14
                    </td>
                    <td class="post-url">
                        <a href="https://visualstudio.microsoft.com/vs/mac/">
                            Link
                        </a>
                    </td>
                </tr>
                <tr>
                    <td class="post-score">
                        83
                    </td>
                    <td class="post-title">
                        Translations of Russ Cox's Thompson NFA C Program to Rust
                    </td>
                    <td class="post-type">
                        story
                    </td>
                    <td class="post-time">
                        2023 Nov 03 03:27
                    </td>
                    <td class="post-url">
                        <a href="https://github.com/BurntSushi/rsc-regexp">
                            Link
                        </a>
                    </td>
                </tr>
                <tr>
                    <td class="post-score">
                        74
                    </td>
                    <td class="post-title">
                        How to pronounce the trickiest English words
                    </td>
                    <td class="post-type">
                        story
                    </td>
                    <td class="post-time">
                        2023 Nov 02 15:56
                    </td>
                    <td class="post-url">
                        <a href="https://www.wsj.com/business/media/how-to-pronounce-english-words-julien-miquel-58581065">
                            Link
                        </a>
                    </td>
                </tr>
                <tr>
                    <td class="post-score">
                        262
                    </td>
                    <td class="post-title">
                        Why ACPI?
                    </td>
                    <td class="post-type">
                        story
                    </td>
                    <td class="post-time">
                        2023 Nov 01 06:46
                    </td>
                    <td class="post-url">
                        <a href="https://mjg59.dreamwidth.org/68350.html">
                            Link
                        </a>
                    </td>
                </tr>
                <tr>
                    <td class="post-score">
                        49
                    </td>
                    <td class="post-title">
                        Show HN: GitInsights – a weekly summary email of your team's GitHub activity
                    </td>
                    <td class="post-type">
                        story
                    </td>
                    <td class="post-time">
                        2023 Nov 03 20:15
                    </td>
                    <td class="post-url">
                        <a href="https://gitinsights.io/">
                            Link
                        </a>
                    </td>
                </tr>
                <tr>
                    <td class="post-score">
                        96
                    </td>
                    <td class="post-title">
                        Jevons paradox
                    </td>
                    <td class="post-type">
                        story
                    </td>
                    <td class="post-time">
                        2023 Nov 03 15:16
                    </td>
                    <td class="post-url">
                        <a href="https://en.wikipedia.org/wiki/Jevons_paradox">
                            Link
                        </a>
                    </td>
                </tr>
                <tr>
                    <td class="post-score">
                        142
                    </td>
                    <td class="post-title">
                        WasmGC – Run GC languages such as Kotlin, Java in Chrome browser
                    </td>
                    <td class="post-type">
                        story
                    </td>
                    <td class="post-time">
                        2023 Nov 02 04:32
                    </td>
                    <td class="post-url">
                        <a href="https://developer.chrome.com/blog/wasmgc/">
                            Link
                        </a>
                    </td>
                </tr>
                <tr>
                    <td class="post-score">
                        34
                    </td>
                    <td class="post-title">
                        China's TikTok users are being told that Aristotle did not exist
                    </td>
                    <td class="post-type">
                        story
                    </td>
                    <td class="post-time">
                        2023 Nov 04 19:20
                    </td>
                    <td class="post-url">
                        <a href="https://www.scmp.com/news/china/science/article/3240339/aristotle-becomes-latest-casualty-chinas-narrative-war-west-scholar-questions-philosophers-existence">
                            Link
                        </a>
                    </td>
                </tr>
                <tr>
                    <td class="post-score">
                        227
                    </td>
                    <td class="post-title">
                        Audacity 3.4
                    </td>
                    <td class="post-type">
                        story
                    </td>
                    <td class="post-time">
                        2023 Nov 03 00:14
                    </td>
                    <td class="post-url">
                        <a href="https://www.audacityteam.org/blog/audacity-3-4/">
                            Link
                        </a>
                    </td>
                </tr>
                <tr>
                    <td class="post-score">
                        318
                    </td>
                    <td class="post-title">
                        Why doctors in America earn so much
                    </td>
                    <td class="post-type">
                        story
                    </td>
                    <td class="post-time">
                        2023 Nov 01 14:38
                    </td>
                    <td class="post-url">
                        <a href="https://www.economist.com/united-states/2023/10/31/why-doctors-in-america-earn-so-much">
                            Link
                        </a>
                    </td>
                </tr>
                <tr>
                    <td class="post-score">
                        274
                    </td>
                    <td class="post-title">
                        Distil-Whisper: distilled version of Whisper that is 6 times faster, 49% smaller
                    </td>
                    <td class="post-type">
                        story
                    </td>
                    <td class="post-time">
                        2023 Nov 01 00:55
                    </td>
                    <td class="post-url">
                        <a href="https://github.com/huggingface/distil-whisper">
                            Link
                        </a>
                    </td>
                </tr>
                <tr>
                    <td class="post-score">
                        11
                    </td>
                    <td class="post-title">
                        Pessimists Archive
                    </td>
                    <td class="post-type">
                        story
                    </td>
                    <td class="post-time">
                        2023 Nov 04 23:05
                    </td>
                    <td class="post-url">
                        <a href="https://pessimistsarchive.org/">
                            Link
                        </a>
                    </td>
                </tr>
                <tr>
                    <td class="post-score">
                        202
                    </td>
                    <td class="post-title">
                        GPT-4 Update: 32K Context Window Now for All Users
                    </td>
                    <td class="post-type">
                        story
                    </td>
                    <td class="post-time">
                        2023 Nov 03 15:30
                    </td>
                    <td class="post-url">
                        <a href="https://github.com/spdustin/ChatGPT-AutoExpert/blob/main/_system-prompts/all_tools.md">
                            Link
                        </a>
                    </td>
                </tr>
                <tr>
                    <td class="post-score">
                        108
                    </td>
                    <td class="post-title">
                        ML Experiments Management with Git
                    </td>
                    <td class="post-type">
                        story
                    </td>
                    <td class="post-time">
                        2023 Nov 02 21:33
                    </td>
                    <td class="post-url">
                        <a href="https://github.com/iterative/dvc">
                            Link
                        </a>
                    </td>
                </tr>
                <tr>
                    <td class="post-score">
                        35
                    </td>
                    <td class="post-title">
                        You don't need a terminal emulator · Andrey Listopadov
                    </td>
                    <td class="post-type">
                        story
                    </td>
                    <td class="post-time">
                        2023 Nov 03 22:55
                    </td>
                    <td class="post-url">
                        <a href="https://andreyor.st/posts/2023-10-27-you-dont-need-a-terminal-emulator/">
                            Link
                        </a>
                    </td>
                </tr>
                <tr>
                    <td class="post-score">
                        250
                    </td>
                    <td class="post-title">
                        Bayer hit with $332M judgement in Roundup cancer trial
                    </td>
                    <td class="post-type">
                        story
                    </td>
                    <td class="post-time">
                        2023 Nov 03 23:16
                    </td>
                    <td class="post-url">
                        <a href="https://fortune.com/2023/11/03/bayer-332-million-judgement-trial-man-cancer-decades-monsanto-roundup-weedkiller/">
                            Link
                        </a>
                    </td>
                </tr>
                <tr>
                    <td class="post-score">
                        58
                    </td>
                    <td class="post-title">
                        Openela releases Red Hat source code on GitHub
                    </td>
                    <td class="post-type">
                        story
                    </td>
                    <td class="post-time">
                        2023 Nov 04 18:16
                    </td>
                    <td class="post-url">
                        <a href="https://github.com/orgs/openela-main/repositories">
                            Link
                        </a>
                    </td>
                </tr>
                <tr>
                    <td class="post-score">
                        12
                    </td>
                    <td class="post-title">
                        Deno 1.38: HTML doc generator and HMR
                    </td>
                    <td class="post-type">
                        story
                    </td>
                    <td class="post-time">
                        2023 Nov 03 10:05
                    </td>
                    <td class="post-url">
                        <a href="https://deno.com/blog/v1.38">
                            Link
                        </a>
                    </td>
                </tr>
                <tr>
                    <td class="post-score">
                        8
                    </td>
                    <td class="post-title">
                        Ask HN: Infra people in small companies, what does your infra look like?
                    </td>
                    <td class="post-type">
                        story
                    </td>
                    <td class="post-time">
                        2023 Nov 04 13:27
                    </td>
                    <td class="post-url">
                        <a href="">
                            Link
                        </a>
                    </td>
                </tr>
                <tr>
                    <td class="post-score">
                        137
                    </td>
                    <td class="post-title">
                        Nuclear Conversion for Starship
                    </td>
                    <td class="post-type">
                        story
                    </td>
                    <td class="post-time">
                        2023 Nov 03 16:52
                    </td>
                    <td class="post-url">
                        <a href="http://toughsf.blogspot.com/2021/10/nuclear-conversion-for-starship.html">
                            Link
                        </a>
                    </td>
                </tr>
                <tr>
                    <td class="post-score">
                        206
                    </td>
                    <td class="post-title">
                        Now you're thinking with relays
                    </td>
                    <td class="post-type">
                        story
                    </td>
                    <td class="post-time">
                        2023 Nov 01 19:30
                    </td>
                    <td class="post-url">
                        <a href="https://lcamtuf.substack.com/p/now-youre-thinking-with-relays">
                            Link
                        </a>
                    </td>
                </tr>
                <tr>
                    <td class="post-score">
                        158
                    </td>
                    <td class="post-title">
                        Bank financing and bad urban planning make the retail apocalypse worse
                    </td>
                    <td class="post-type">
                        story
                    </td>
                    <td class="post-time">
                        2023 Nov 01 16:21
                    </td>
                    <td class="post-url">
                        <a href="https://www.businessinsider.com/bank-financing-urban-planning-pandemic-retail-apocalypse-vacant-storefront-2023-10">
                            Link
                        </a>
                    </td>
                </tr>
                <tr>
                    <td class="post-score">
                        31
                    </td>
                    <td class="post-title">
                        How much it costs Apple to increase RAM size in Macs?
                    </td>
                    <td class="post-type">
                        story
                    </td>
                    <td class="post-time">
                        2023 Nov 04 02:15
                    </td>
                    <td class="post-url">
                        <a href="https://old.reddit.com/r/macbookpro/comments/17lwl0b/how_much_does_ram_cost_anyways/">
                            Link
                        </a>
                    </td>
                </tr>
                <tr>
                    <td class="post-score">
                        30
                    </td>
                    <td class="post-title">
                        Cup Noodles are now microwave-safe
                    </td>
                    <td class="post-type">
                        story
                    </td>
                    <td class="post-time">
                        2023 Nov 04 18:04
                    </td>
                    <td class="post-url">
                        <a href="https://www.washingtonpost.com/food/2023/11/03/cup-noodles-are-now-microwave-safe-so-they-werent-already/">
                            Link
                        </a>
                    </td>
                </tr>
                <tr>
                    <td class="post-score">
                        30
                    </td>
                    <td class="post-title">
                        What's the difference between LangChain, llama indexand others like autollm?
                    </td>
                    <td class="post-type">
                        story
                    </td>
                    <td class="post-time">
                        2023 Nov 03 10:41
                    </td>
                    <td class="post-url">
                        <a href="">
                            Link
                        </a>
                    </td>
                </tr>
                <tr>
                    <td class="post-score">
                        235
                    </td>
                    <td class="post-title">
                        Sally Ignore Previous Instructions
                    </td>
                    <td class="post-type">
                        story
                    </td>
                    <td class="post-time">
                        2023 Nov 02 21:02
                    </td>
                    <td class="post-url">
                        <a href="https://www.haihai.ai/pen15/">
                            Link
                        </a>
                    </td>
                </tr>
                <tr>
                    <td class="post-score">
                        81
                    </td>
                    <td class="post-title">
                        Enterprise-Fu
                    </td>
                    <td class="post-type">
                        story
                    </td>
                    <td class="post-time">
                        2023 Nov 02 23:31
                    </td>
                    <td class="post-url">
                        <a href="http://mike.daless.io/prez/enterprise-asbury-2013-10/slides.html">
                            Link
                        </a>
                    </td>
                </tr>
                <tr>
                    <td class="post-score">
                        251
                    </td>
                    <td class="post-title">
                        Rwanda joins Kenya to initiate visa-free travel for all Africans
                    </td>
                    <td class="post-type">
                        story
                    </td>
                    <td class="post-time">
                        2023 Nov 03 12:15
                    </td>
                    <td class="post-url">
                        <a href="https://africa.businessinsider.com/local/leaders/from-barriers-to-unity-rwanda-joins-kenya-to-initiate-visa-free-travel-for-all/hhqe29q">
                            Link
                        </a>
                    </td>
                </tr>
                <tr>
                    <td class="post-score">
                        792
                    </td>
                    <td class="post-title">
                        Yann LeCun: AI one-percenters seizing power forever is real doomsday scenario
                    </td>
                    <td class="post-type">
                        story
                    </td>
                    <td class="post-time">
                        2023 Nov 02 04:05
                    </td>
                    <td class="post-url">
                        <a href="https://www.businessinsider.com/sam-altman-and-demis-hassabis-just-want-to-control-ai-2023-10">
                            Link
                        </a>
                    </td>
                </tr>
                <tr>
                    <td class="post-score">
                        161
                    </td>
                    <td class="post-title">
                        Show HN: DoltgreSQL – Version-Controlled DB, Like Git and PostgreSQL had a baby
                    </td>
                    <td class="post-type">
                        story
                    </td>
                    <td class="post-time">
                        2023 Nov 02 01:59
                    </td>
                    <td class="post-url">
                        <a href="https://github.com/dolthub/doltgresql">
                            Link
                        </a>
                    </td>
                </tr>
                <tr>
                    <td class="post-score">
                        74
                    </td>
                    <td class="post-title">
                        Clash, a tool to break China's Great Fire Wall, is Deleted in GitHub
                    </td>
                    <td class="post-type">
                        story
                    </td>
                    <td class="post-time">
                        2023 Nov 03 09:01
                    </td>
                    <td class="post-url">
                        <a href="https://github.com/Dreamacro/clash">
                            Link
                        </a>
                    </td>
                </tr>
                <tr>
                    <td class="post-score">
                        40
                    </td>
                    <td class="post-title">
                        Vivo Unveils BlueOS, Based on Rust Language
                    </td>
                    <td class="post-type">
                        story
                    </td>
                    <td class="post-time">
                        2023 Nov 02 03:14
                    </td>
                    <td class="post-url">
                        <a href="https://sparrowsnews.com/2023/11/01/vivo-unveils-blueos-operating-system/">
                            Link
                        </a>
                    </td>
                </tr>
                <tr>
                    <td class="post-score">
                        66
                    </td>
                    <td class="post-title">
                        Formalizing 100 Theorems
                    </td>
                    <td class="post-type">
                        story
                    </td>
                    <td class="post-time">
                        2023 Nov 02 05:27
                    </td>
                    <td class="post-url">
                        <a href="https://www.cs.ru.nl/~freek/100/">
                            Link
                        </a>
                    </td>
                </tr>
                <tr>
                    <td class="post-score">
                        184
                    </td>
                    <td class="post-title">
                        The Binder Linux driver is being rewritten in Rust
                    </td>
                    <td class="post-type">
                        story
                    </td>
                    <td class="post-time">
                        2023 Nov 03 06:53
                    </td>
                    <td class="post-url">
                        <a href="https://lore.kernel.org/rust-for-linux/20231101-rust-binder-v1-0-08ba9197f637@google.com/">
                            Link
                        </a>
                    </td>
                </tr>
            </tbody>
        </table>
    
    
    ▼ Query.findAll [ tag "tr", containing [ tag "td" ]  ]
    
        1)    <tr>
                  <td class="post-score">
                      512
                  </td>
                  <td class="post-title">
                      NewPipe – Lightweight YouTube experience for Android
                  </td>
                  <td class="post-type">
                      story
                  </td>
                  <td class="post-time">
                      2023 Nov 04 19:38
                  </td>
                  <td class="post-url">
                      <a href="https://newpipe.net/">
                          Link
                      </a>
                  </td>
              </tr>
    
        2)    <tr>
                  <td class="post-score">
                      75
                  </td>
                  <td class="post-title">
                      LLM companies to access largest Chinese non-fiction book collection
                  </td>
                  <td class="post-type">
                      story
                  </td>
                  <td class="post-time">
                      2023 Nov 05 07:30
                  </td>
                  <td class="post-url">
                      <a href="https://annas-blog.org/duxiu-exclusive.html">
                          Link
                      </a>
                  </td>
              </tr>
    
        3)    <tr>
                  <td class="post-score">
                      182
                  </td>
                  <td class="post-title">
                      Intel Itanium IA-64 Support Removed with the Linux 6.7 Kernel
                  </td>
                  <td class="post-type">
                      story
                  </td>
                  <td class="post-time">
                      2023 Nov 02 15:31
                  </td>
                  <td class="post-url">
                      <a href="https://www.phoronix.com/news/Intel-IA-64-Removed-Linux-6.7">
                          Link
                      </a>
                  </td>
              </tr>
    
        4)    <tr>
                  <td class="post-score">
                      37
                  </td>
                  <td class="post-title">
                      Representations / strategies for noncooperative games with imperfect information [pdf]
                  </td>
                  <td class="post-type">
                      story
                  </td>
                  <td class="post-time">
                      2023 Nov 04 20:24
                  </td>
                  <td class="post-url">
                      <a href="https://www2.cs.sfu.ca/~bbart/personal/masters-thesis.pdf">
                          Link
                      </a>
                  </td>
              </tr>
    
        5)    <tr>
                  <td class="post-score">
                      57
                  </td>
                  <td class="post-title">
                      The First App Store
                  </td>
                  <td class="post-type">
                      story
                  </td>
                  <td class="post-time">
                      2023 Nov 05 00:52
                  </td>
                  <td class="post-url">
                      <a href="https://one-from-nippon.ghost.io/worlds-first-app-store/">
                          Link
                      </a>
                  </td>
              </tr>
    
        6)    <tr>
                  <td class="post-score">
                      83
                  </td>
                  <td class="post-title">
                      Show HN: Gogosseract, a Go Lib for CGo-Free Tesseract OCR via Wazero
                  </td>
                  <td class="post-type">
                      story
                  </td>
                  <td class="post-time">
                      2023 Nov 04 23:06
                  </td>
                  <td class="post-url">
                      <a href="https://github.com/Danlock/gogosseract">
                          Link
                      </a>
                  </td>
              </tr>
    
        7)    <tr>
                  <td class="post-score">
                      51
                  </td>
                  <td class="post-title">
                      Planes, Spheres and Pseudospheres
                  </td>
                  <td class="post-type">
                      story
                  </td>
                  <td class="post-time">
                      2023 Nov 04 23:35
                  </td>
                  <td class="post-url">
                      <a href="https://www.gregegan.net/SCIENCE/PSP/PSP.html">
                          Link
                      </a>
                  </td>
              </tr>
    
        8)    <tr>
                  <td class="post-score">
                      557
                  </td>
                  <td class="post-title">
                      Othello Is Solved?
                  </td>
                  <td class="post-type">
                      story
                  </td>
                  <td class="post-time">
                      2023 Nov 04 14:35
                  </td>
                  <td class="post-url">
                      <a href="https://arxiv.org/abs/2310.19387">
                          Link
                      </a>
                  </td>
              </tr>
    
        9)    <tr>
                  <td class="post-score">
                      1
                  </td>
                  <td class="post-title">
                      SigNoz (YC W21), open source observability platform, hiring SREs (Remote)
                  </td>
                  <td class="post-type">
                      job
                  </td>
                  <td class="post-time">
                      2023 Nov 05 07:01
                  </td>
                  <td class="post-url">
                      <a href="https://signoz.io/careers/site-reliability-engineer/">
                          Link
                      </a>
                  </td>
              </tr>
    
        10)   <tr>
                  <td class="post-score">
                      26
                  </td>
                  <td class="post-title">
                      Shadows Edge Software
                  </td>
                  <td class="post-type">
                      story
                  </td>
                  <td class="post-time">
                      2023 Nov 05 02:23
                  </td>
                  <td class="post-url">
                      <a href="https://www.shadowsedge.mil/What-We-Do/">
                          Link
                      </a>
                  </td>
              </tr>
    
        11)   <tr>
                  <td class="post-score">
                      58
                  </td>
                  <td class="post-title">
                      Quadratic Reciprocity: The connection that changed number theory
                  </td>
                  <td class="post-type">
                      story
                  </td>
                  <td class="post-time">
                      2023 Nov 02 15:43
                  </td>
                  <td class="post-url">
                      <a href="https://www.quantamagazine.org/the-hidden-connection-that-changed-number-theory-20231101/">
                          Link
                      </a>
                  </td>
              </tr>
    
        12)   <tr>
                  <td class="post-score">
                      65
                  </td>
                  <td class="post-title">
                      How to Do a TypeScript Conversion: an opinionated take on gradual conversions
                  </td>
                  <td class="post-type">
                      story
                  </td>
                  <td class="post-time">
                      2023 Nov 04 21:15
                  </td>
                  <td class="post-url">
                      <a href="https://v5.chriskrycho.com/journal/how-to-do-a-typescript-conversion/">
                          Link
                      </a>
                  </td>
              </tr>
    
        13)   <tr>
                  <td class="post-score">
                      83
                  </td>
                  <td class="post-title">
                      FTC Chair Lina Khan looks for allies and leads in Silicon Valley charm offensive
                  </td>
                  <td class="post-type">
                      story
                  </td>
                  <td class="post-time">
                      2023 Nov 04 19:24
                  </td>
                  <td class="post-url">
                      <a href="https://www.reuters.com/business/ftc-chair-lina-khan-looks-allies-leads-silicon-valley-charm-offensive-2023-11-03/">
                          Link
                      </a>
                  </td>
              </tr>
    
        14)   <tr>
                  <td class="post-score">
                      96
                  </td>
                  <td class="post-title">
                      Topic: Discord Stealer
                  </td>
                  <td class="post-type">
                      story
                  </td>
                  <td class="post-time">
                      2023 Nov 05 02:26
                  </td>
                  <td class="post-url">
                      <a href="https://github.com/topics/discord-stealer">
                          Link
                      </a>
                  </td>
              </tr>
    
        15)   <tr>
                  <td class="post-score">
                      132
                  </td>
                  <td class="post-title">
                      SARS-CoV-2 Infection Affects Energy Stores in the Body, Causing Organ Failure
                  </td>
                  <td class="post-type">
                      story
                  </td>
                  <td class="post-time">
                      2023 Nov 04 23:02
                  </td>
                  <td class="post-url">
                      <a href="https://news.unchealthcare.org/2023/10/researchers-show-sars-cov-2-infection-affects-energy-stores-in-the-body-causing-organ-failure/">
                          Link
                      </a>
                  </td>
              </tr>
    
        16)   <tr>
                  <td class="post-score">
                      102
                  </td>
                  <td class="post-title">
                      Soda additive linked to thyroid toxicity may finally get banned by FDA
                  </td>
                  <td class="post-type">
                      story
                  </td>
                  <td class="post-time">
                      2023 Nov 05 00:26
                  </td>
                  <td class="post-url">
                      <a href="https://arstechnica.com/health/2023/11/50-years-later-fda-proposes-banning-a-food-additive-it-said-is-not-safe/">
                          Link
                      </a>
                  </td>
              </tr>
    
        17)   <tr>
                  <td class="post-score">
                      56
                  </td>
                  <td class="post-title">
                      BeeWare Toga v0.4.0 – A Python native, OS native GUI toolkit
                  </td>
                  <td class="post-type">
                      story
                  </td>
                  <td class="post-time">
                      2023 Nov 05 01:24
                  </td>
                  <td class="post-url">
                      <a href="https://github.com/beeware/toga/releases/tag/v0.4.0">
                          Link
                      </a>
                  </td>
              </tr>
    
        18)   <tr>
                  <td class="post-score">
                      105
                  </td>
                  <td class="post-title">
                      The cottage industry of YouTube obituary pirates
                  </td>
                  <td class="post-type">
                      story
                  </td>
                  <td class="post-time">
                      2023 Nov 04 20:58
                  </td>
                  <td class="post-url">
                      <a href="https://www.wired.com/story/youtube-obituary-pirates/">
                          Link
                      </a>
                  </td>
              </tr>
    
        19)   <tr>
                  <td class="post-score">
                      44
                  </td>
                  <td class="post-title">
                      Chemists, engineers craft adjustable arrays of microscopic lenses
                  </td>
                  <td class="post-type">
                      story
                  </td>
                  <td class="post-time">
                      2023 Nov 02 15:48
                  </td>
                  <td class="post-url">
                      <a href="https://phys.org/news/2023-10-chemists-craft-adjustable-arrays-microscopic.html">
                          Link
                      </a>
                  </td>
              </tr>
    
        20)   <tr>
                  <td class="post-score">
                      62
                  </td>
                  <td class="post-title">
                      Disturbed Lands (National Park Service)
                  </td>
                  <td class="post-type">
                      story
                  </td>
                  <td class="post-time">
                      2023 Nov 04 23:29
                  </td>
                  <td class="post-url">
                      <a href="https://www.nps.gov/shen/learn/nature/disturbedlands.htm">
                          Link
                      </a>
                  </td>
              </tr>
    
        21)   <tr>
                  <td class="post-score">
                      84
                  </td>
                  <td class="post-title">
                      The world nearly adopted a calendar with 13 months of 28 days
                  </td>
                  <td class="post-type">
                      story
                  </td>
                  <td class="post-time">
                      2023 Nov 05 03:53
                  </td>
                  <td class="post-url">
                      <a href="https://www.washingtonpost.com/history/2023/11/04/battle-sabbath-13-month-calendar/">
                          Link
                      </a>
                  </td>
              </tr>
    
        22)   <tr>
                  <td class="post-score">
                      106
                  </td>
                  <td class="post-title">
                      AI and Open Source in 2023
                  </td>
                  <td class="post-type">
                      story
                  </td>
                  <td class="post-time">
                      2023 Nov 04 18:50
                  </td>
                  <td class="post-url">
                      <a href="https://magazine.sebastianraschka.com/p/ai-and-open-source-in-2023">
                          Link
                      </a>
                  </td>
              </tr>
    
        23)   <tr>
                  <td class="post-score">
                      1114
                  </td>
                  <td class="post-title">
                      As I retire, my goal now is to release 40+ years of source code
                  </td>
                  <td class="post-type">
                      story
                  </td>
                  <td class="post-time">
                      2023 Nov 03 17:26
                  </td>
                  <td class="post-url">
                      <a href="https://dunfield.themindfactory.com/dnldsrc.htm">
                          Link
                      </a>
                  </td>
              </tr>
    
        24)   <tr>
                  <td class="post-score">
                      122
                  </td>
                  <td class="post-title">
                      New Microsoft Exchange zero-days allow RCE, data theft attacks
                  </td>
                  <td class="post-type">
                      story
                  </td>
                  <td class="post-time">
                      2023 Nov 04 21:43
                  </td>
                  <td class="post-url">
                      <a href="https://www.bleepingcomputer.com/news/microsoft/new-microsoft-exchange-zero-days-allow-rce-data-theft-attacks/">
                          Link
                      </a>
                  </td>
              </tr>
    
        25)   <tr>
                  <td class="post-score">
                      125
                  </td>
                  <td class="post-title">
                      Grok
                  </td>
                  <td class="post-type">
                      story
                  </td>
                  <td class="post-time">
                      2023 Nov 05 05:02
                  </td>
                  <td class="post-url">
                      <a href="https://twitter.com/xai/status/1721027348970238035">
                          Link
                      </a>
                  </td>
              </tr>
    
        26)   <tr>
                  <td class="post-score">
                      220
                  </td>
                  <td class="post-title">
                      A 6 channel GPS receiver from 1993
                  </td>
                  <td class="post-type">
                      story
                  </td>
                  <td class="post-time">
                      2023 Nov 04 10:27
                  </td>
                  <td class="post-url">
                      <a href="https://mastodon.sdf.org/@keelan/111349948124943603">
                          Link
                      </a>
                  </td>
              </tr>
    
        27)   <tr>
                  <td class="post-score">
                      313
                  </td>
                  <td class="post-title">
                      AMD MicroBlaze V Processor: A Flexible and Efficient RISC-V Processor
                  </td>
                  <td class="post-type">
                      story
                  </td>
                  <td class="post-time">
                      2023 Nov 04 02:01
                  </td>
                  <td class="post-url">
                      <a href="https://www.xilinx.com/products/design-tools/microblaze-v.html">
                          Link
                      </a>
                  </td>
              </tr>
    
        28)   <tr>
                  <td class="post-score">
                      112
                  </td>
                  <td class="post-title">
                      Lahaina Noon
                  </td>
                  <td class="post-type">
                      story
                  </td>
                  <td class="post-time">
                      2023 Nov 02 15:27
                  </td>
                  <td class="post-url">
                      <a href="https://en.wikipedia.org/wiki/Lahaina_Noon">
                          Link
                      </a>
                  </td>
              </tr>
    
        29)   <tr>
                  <td class="post-score">
                      157
                  </td>
                  <td class="post-title">
                      Spin 2.0 – open-source tool for building and running WASM apps
                  </td>
                  <td class="post-type">
                      story
                  </td>
                  <td class="post-time">
                      2023 Nov 04 12:01
                  </td>
                  <td class="post-url">
                      <a href="https://www.fermyon.com/blog/introducing-spin-v2">
                          Link
                      </a>
                  </td>
              </tr>
    
        30)   <tr>
                  <td class="post-score">
                      411
                  </td>
                  <td class="post-title">
                      Tell HN: Submit comments to IRS re tax treatment of software dev expenses
                  </td>
                  <td class="post-type">
                      story
                  </td>
                  <td class="post-time">
                      2023 Nov 02 21:26
                  </td>
                  <td class="post-url">
                      <a href="">
                          Link
                      </a>
                  </td>
              </tr>
    
        31)   <tr>
                  <td class="post-score">
                      11
                  </td>
                  <td class="post-title">
                      Show HN: A tiny and platform-agnostic true random number generator for FPGA/ASIC
                  </td>
                  <td class="post-type">
                      story
                  </td>
                  <td class="post-time">
                      2023 Nov 04 21:34
                  </td>
                  <td class="post-url">
                      <a href="https://github.com/stnolting/neoTRNG">
                          Link
                      </a>
                  </td>
              </tr>
    
        32)   <tr>
                  <td class="post-score">
                      99
                  </td>
                  <td class="post-title">
                      Daylight saving time can seriously affect your health
                  </td>
                  <td class="post-type">
                      story
                  </td>
                  <td class="post-time">
                      2023 Nov 05 00:47
                  </td>
                  <td class="post-url">
                      <a href="https://apnews.com/article/daylight-saving-2023-fall-back-a3738d5c74301b8068825927c49fc6b4">
                          Link
                      </a>
                  </td>
              </tr>
    
        33)   <tr>
                  <td class="post-score">
                      46
                  </td>
                  <td class="post-title">
                      Delhi air pollution spikes to 100 times WHO health limit
                  </td>
                  <td class="post-type">
                      story
                  </td>
                  <td class="post-time">
                      2023 Nov 04 23:14
                  </td>
                  <td class="post-url">
                      <a href="https://www.theguardian.com/world/2023/nov/03/delhi-india-air-quality-pollution-spike-world-health-organization-limit">
                          Link
                      </a>
                  </td>
              </tr>
    
        34)   <tr>
                  <td class="post-score">
                      5
                  </td>
                  <td class="post-title">
                      A game. The only winning move is not to play
                  </td>
                  <td class="post-type">
                      story
                  </td>
                  <td class="post-time">
                      2023 Nov 05 04:15
                  </td>
                  <td class="post-url">
                      <a href="">
                          Link
                      </a>
                  </td>
              </tr>
    
        35)   <tr>
                  <td class="post-score">
                      83
                  </td>
                  <td class="post-title">
                      Max is taking 4K away from its legacy ad-free subscribers
                  </td>
                  <td class="post-type">
                      story
                  </td>
                  <td class="post-time">
                      2023 Nov 05 02:54
                  </td>
                  <td class="post-url">
                      <a href="https://www.theverge.com/2023/11/2/23943859/max-4k-hbo-max-ad-free-subscribers">
                          Link
                      </a>
                  </td>
              </tr>
    
        36)   <tr>
                  <td class="post-score">
                      132
                  </td>
                  <td class="post-title">
                      Classes vs. structs in .NET: how not to teach about performance
                  </td>
                  <td class="post-type">
                      story
                  </td>
                  <td class="post-time">
                      2023 Nov 04 03:28
                  </td>
                  <td class="post-url">
                      <a href="https://sergeyteplyakov.github.io/Blog/benchmarking/2023/11/02/Performance_Comparison_For_Classes_vs_Structs.html">
                          Link
                      </a>
                  </td>
              </tr>
    
        37)   <tr>
                  <td class="post-score">
                      68
                  </td>
                  <td class="post-title">
                      How “blue” and “green” appeared in a language that didn’t have words for them
                  </td>
                  <td class="post-type">
                      story
                  </td>
                  <td class="post-time">
                      2023 Nov 02 15:54
                  </td>
                  <td class="post-url">
                      <a href="https://news.mit.edu/2023/how-blue-and-green-appeared-language-1102">
                          Link
                      </a>
                  </td>
              </tr>
    
        38)   <tr>
                  <td class="post-score">
                      17
                  </td>
                  <td class="post-title">
                      Oracle Cloud Outage
                  </td>
                  <td class="post-type">
                      story
                  </td>
                  <td class="post-time">
                      2023 Nov 05 00:33
                  </td>
                  <td class="post-url">
                      <a href="">
                          Link
                      </a>
                  </td>
              </tr>
    
        39)   <tr>
                  <td class="post-score">
                      15
                  </td>
                  <td class="post-title">
                      Exim 4.97.0 – SMTP Mail Server – Message Transfer Agent (MTA)
                  </td>
                  <td class="post-type">
                      story
                  </td>
                  <td class="post-time">
                      2023 Nov 05 00:29
                  </td>
                  <td class="post-url">
                      <a href="https://www.exim.org/">
                          Link
                      </a>
                  </td>
              </tr>
    
        40)   <tr>
                  <td class="post-score">
                      82
                  </td>
                  <td class="post-title">
                      You're Gonna Need a Bigger Browser
                  </td>
                  <td class="post-type">
                      story
                  </td>
                  <td class="post-time">
                      2023 Nov 04 19:55
                  </td>
                  <td class="post-url">
                      <a href="https://berjon.com/bigger-browser/">
                          Link
                      </a>
                  </td>
              </tr>
    
        41)   <tr>
                  <td class="post-score">
                      157
                  </td>
                  <td class="post-title">
                      Making "LCD, Please"
                  </td>
                  <td class="post-type">
                      story
                  </td>
                  <td class="post-time">
                      2023 Nov 04 04:16
                  </td>
                  <td class="post-url">
                      <a href="https://dukope.com/devlogs/papers-please/lcdplease/">
                          Link
                      </a>
                  </td>
              </tr>
    
        42)   <tr>
                  <td class="post-score">
                      17
                  </td>
                  <td class="post-title">
                      Interview with a Gladiatrix
                  </td>
                  <td class="post-type">
                      story
                  </td>
                  <td class="post-time">
                      2023 Nov 04 21:04
                  </td>
                  <td class="post-url">
                      <a href="https://antigonejournal.com/2023/10/modern-roman-gladiatrix/">
                          Link
                      </a>
                  </td>
              </tr>
    
        43)   <tr>
                  <td class="post-score">
                      6
                  </td>
                  <td class="post-title">
                      Towards Modern Development of Cloud Applications [pdf]
                  </td>
                  <td class="post-type">
                      story
                  </td>
                  <td class="post-time">
                      2023 Nov 05 00:44
                  </td>
                  <td class="post-url">
                      <a href="https://sigops.org/s/conferences/hotos/2023/papers/ghemawat.pdf">
                          Link
                      </a>
                  </td>
              </tr>
    
        44)   <tr>
                  <td class="post-score">
                      224
                  </td>
                  <td class="post-title">
                      A blog post is a long and complex search query to find people (2022)
                  </td>
                  <td class="post-type">
                      story
                  </td>
                  <td class="post-time">
                      2023 Nov 04 02:02
                  </td>
                  <td class="post-url">
                      <a href="https://www.henrikkarlsson.xyz/p/search-query">
                          Link
                      </a>
                  </td>
              </tr>
    
        45)   <tr>
                  <td class="post-score">
                      68
                  </td>
                  <td class="post-title">
                      After decades of dreams, a commercial spaceplane is almost ready to fly
                  </td>
                  <td class="post-type">
                      story
                  </td>
                  <td class="post-time">
                      2023 Nov 04 17:45
                  </td>
                  <td class="post-url">
                      <a href="https://arstechnica.com/space/2023/11/after-decades-of-dreams-a-commercial-spaceplane-is-almost-ready-to-fly/">
                          Link
                      </a>
                  </td>
              </tr>
    
        46)   <tr>
                  <td class="post-score">
                      110
                  </td>
                  <td class="post-title">
                      Scrcpy 2.2 adds Android camera mirroring
                  </td>
                  <td class="post-type">
                      story
                  </td>
                  <td class="post-time">
                      2023 Nov 04 18:30
                  </td>
                  <td class="post-url">
                      <a href="https://github.com/Genymobile/scrcpy/releases/tag/v2.2">
                          Link
                      </a>
                  </td>
              </tr>
    
        47)   <tr>
                  <td class="post-score">
                      52
                  </td>
                  <td class="post-title">
                      SpaceX poised for 'mid-November' launch of second Starship test flight
                  </td>
                  <td class="post-type">
                      story
                  </td>
                  <td class="post-time">
                      2023 Nov 05 04:23
                  </td>
                  <td class="post-url">
                      <a href="https://spaceflightnow.com/2023/11/04/spacex-poised-for-mid-november-of-second-starship-test-launch/">
                          Link
                      </a>
                  </td>
              </tr>
    
        48)   <tr>
                  <td class="post-score">
                      160
                  </td>
                  <td class="post-title">
                      I need more USB power
                  </td>
                  <td class="post-type">
                      story
                  </td>
                  <td class="post-time">
                      2023 Nov 04 16:36
                  </td>
                  <td class="post-url">
                      <a href="https://atomic14.substack.com/p/i-need-more-usb-power">
                          Link
                      </a>
                  </td>
              </tr>
    
        49)   <tr>
                  <td class="post-score">
                      8
                  </td>
                  <td class="post-title">
                      Ancient coins have been found off Sardinia, probably from shipwreck
                  </td>
                  <td class="post-type">
                      story
                  </td>
                  <td class="post-time">
                      2023 Nov 05 03:31
                  </td>
                  <td class="post-url">
                      <a href="https://apnews.com/article/italy-ancient-coins-sardinia-divers-cabdfa070d37a8020f874dd90c0a2433">
                          Link
                      </a>
                  </td>
              </tr>
    
        50)   <tr>
                  <td class="post-score">
                      65
                  </td>
                  <td class="post-title">
                      C++ Sudoku Solver by Singapore PM Lee Hsien Loong
                  </td>
                  <td class="post-type">
                      story
                  </td>
                  <td class="post-time">
                      2023 Nov 04 19:07
                  </td>
                  <td class="post-url">
                      <a href="https://twitter.com/adad8m/status/1720822885496049863">
                          Link
                      </a>
                  </td>
              </tr>
    
        51)   <tr>
                  <td class="post-score">
                      91
                  </td>
                  <td class="post-title">
                      Lapham's Quarterly Is on Hiatus
                  </td>
                  <td class="post-type">
                      story
                  </td>
                  <td class="post-time">
                      2023 Nov 04 20:00
                  </td>
                  <td class="post-url">
                      <a href="https://www.laphamsquarterly.org/roundtable/hiatus">
                          Link
                      </a>
                  </td>
              </tr>
    
        52)   <tr>
                  <td class="post-score">
                      6
                  </td>
                  <td class="post-title">
                      X.ai Grok
                  </td>
                  <td class="post-type">
                      story
                  </td>
                  <td class="post-time">
                      2023 Nov 05 05:57
                  </td>
                  <td class="post-url">
                      <a href="https://grok.x.ai/">
                          Link
                      </a>
                  </td>
              </tr>
    
        53)   <tr>
                  <td class="post-score">
                      219
                  </td>
                  <td class="post-title">
                      Asciinema: Record and share your terminal sessions, the simple way
                  </td>
                  <td class="post-type">
                      story
                  </td>
                  <td class="post-time">
                      2023 Nov 03 20:53
                  </td>
                  <td class="post-url">
                      <a href="https://asciinema.org/">
                          Link
                      </a>
                  </td>
              </tr>
    
        54)   <tr>
                  <td class="post-score">
                      605
                  </td>
                  <td class="post-title">
                      In 1886, the US commissioned watercolor paintings of every known fruit (2019)
                  </td>
                  <td class="post-type">
                      story
                  </td>
                  <td class="post-time">
                      2023 Nov 02 22:30
                  </td>
                  <td class="post-url">
                      <a href="https://www.openculture.com/2019/06/the-us-government-commissioned-7500-watercolor-paintings.html">
                          Link
                      </a>
                  </td>
              </tr>
    
        55)   <tr>
                  <td class="post-score">
                      467
                  </td>
                  <td class="post-title">
                      No dogs were harmed in the making of this app
                  </td>
                  <td class="post-type">
                      story
                  </td>
                  <td class="post-time">
                      2023 Nov 03 13:47
                  </td>
                  <td class="post-url">
                      <a href="https://shmck.substack.com/p/no-dogs-were-harmed-in-the-making">
                          Link
                      </a>
                  </td>
              </tr>
    
        56)   <tr>
                  <td class="post-score">
                      417
                  </td>
                  <td class="post-title">
                      Bringing garbage collected programming languages efficiently to WebAssembly
                  </td>
                  <td class="post-type">
                      story
                  </td>
                  <td class="post-time">
                      2023 Nov 03 06:50
                  </td>
                  <td class="post-url">
                      <a href="https://v8.dev/blog/wasm-gc-porting">
                          Link
                      </a>
                  </td>
              </tr>
    
        57)   <tr>
                  <td class="post-score">
                      225
                  </td>
                  <td class="post-title">
                      Wooden Game Boy
                  </td>
                  <td class="post-type">
                      story
                  </td>
                  <td class="post-time">
                      2023 Nov 03 21:32
                  </td>
                  <td class="post-url">
                      <a href="https://there.oughta.be/a/wooden-game-boy">
                          Link
                      </a>
                  </td>
              </tr>
    
        58)   <tr>
                  <td class="post-score">
                      80
                  </td>
                  <td class="post-title">
                      The Apple II Circuit Description (1983)
                  </td>
                  <td class="post-type">
                      story
                  </td>
                  <td class="post-time">
                      2023 Nov 02 14:58
                  </td>
                  <td class="post-url">
                      <a href="https://archive.org/details/taiicd">
                          Link
                      </a>
                  </td>
              </tr>
    
        59)   <tr>
                  <td class="post-score">
                      304
                  </td>
                  <td class="post-title">
                      Bevy 0.12
                  </td>
                  <td class="post-type">
                      story
                  </td>
                  <td class="post-time">
                      2023 Nov 04 19:39
                  </td>
                  <td class="post-url">
                      <a href="https://bevyengine.org/news/bevy-0-12/">
                          Link
                      </a>
                  </td>
              </tr>
    
        60)   <tr>
                  <td class="post-score">
                      203
                  </td>
                  <td class="post-title">
                      Telling GPT-4 you're scared or under pressure improves performance
                  </td>
                  <td class="post-type">
                      story
                  </td>
                  <td class="post-time">
                      2023 Nov 04 00:40
                  </td>
                  <td class="post-url">
                      <a href="https://aimodels.substack.com/p/telling-gpt-4-youre-scared-or-under">
                          Link
                      </a>
                  </td>
              </tr>
    
        61)   <tr>
                  <td class="post-score">
                      1952
                  </td>
                  <td class="post-title">
                      Sam Bankman-Fried Convicted
                  </td>
                  <td class="post-type">
                      story
                  </td>
                  <td class="post-time">
                      2023 Nov 02 23:49
                  </td>
                  <td class="post-url">
                      <a href="https://www.nytimes.com/live/2023/11/02/business/sam-bankman-fried-trial">
                          Link
                      </a>
                  </td>
              </tr>
    
        62)   <tr>
                  <td class="post-score">
                      188
                  </td>
                  <td class="post-title">
                      Surround sound test files for every audio format
                  </td>
                  <td class="post-type">
                      story
                  </td>
                  <td class="post-time">
                      2023 Nov 03 22:21
                  </td>
                  <td class="post-url">
                      <a href="https://drive.google.com/drive/folders/1JxmeedtAtgmoafXv9rroiDOS2vEX7N4b">
                          Link
                      </a>
                  </td>
              </tr>
    
        63)   <tr>
                  <td class="post-score">
                      128
                  </td>
                  <td class="post-title">
                      Tesla strike widens as Swedish union expands blockade
                  </td>
                  <td class="post-type">
                      story
                  </td>
                  <td class="post-time">
                      2023 Nov 04 23:30
                  </td>
                  <td class="post-url">
                      <a href="https://www.thelocal.se/20231103/tesla-strike-widens-as-swedish-union-expands-blockade">
                          Link
                      </a>
                  </td>
              </tr>
    
        64)   <tr>
                  <td class="post-score">
                      15
                  </td>
                  <td class="post-title">
                      Rāhui and the Art of Marine Conservation
                  </td>
                  <td class="post-type">
                      story
                  </td>
                  <td class="post-time">
                      2023 Nov 04 03:03
                  </td>
                  <td class="post-url">
                      <a href="https://hakaimagazine.com/features/rahui-and-the-art-of-marine-conservation/">
                          Link
                      </a>
                  </td>
              </tr>
    
        65)   <tr>
                  <td class="post-score">
                      81
                  </td>
                  <td class="post-title">
                      Large-scale violence in Late Neolithic Western Europe based on skeletal evidence
                  </td>
                  <td class="post-type">
                      story
                  </td>
                  <td class="post-time">
                      2023 Nov 04 02:56
                  </td>
                  <td class="post-url">
                      <a href="https://www.nature.com/articles/s41598-023-43026-9">
                          Link
                      </a>
                  </td>
              </tr>
    
        66)   <tr>
                  <td class="post-score">
                      224
                  </td>
                  <td class="post-title">
                      First observation of a virus attaching to another virus
                  </td>
                  <td class="post-type">
                      story
                  </td>
                  <td class="post-time">
                      2023 Nov 03 12:47
                  </td>
                  <td class="post-url">
                      <a href="https://umbc.edu/stories/first-observed-virus-attaching-to-another/">
                          Link
                      </a>
                  </td>
              </tr>
    
        67)   <tr>
                  <td class="post-score">
                      185
                  </td>
                  <td class="post-title">
                      KDE desktop cube effect returns
                  </td>
                  <td class="post-type">
                      story
                  </td>
                  <td class="post-time">
                      2023 Nov 04 14:13
                  </td>
                  <td class="post-url">
                      <a href="https://www.phoronix.com/news/KDE-Wayland-Color-Mgmt">
                          Link
                      </a>
                  </td>
              </tr>
    
        68)   <tr>
                  <td class="post-score">
                      49
                  </td>
                  <td class="post-title">
                      Searching for hidden silicon art on a microchip
                  </td>
                  <td class="post-type">
                      story
                  </td>
                  <td class="post-time">
                      2023 Nov 04 16:48
                  </td>
                  <td class="post-url">
                      <a href="https://twitter.com/microscopicture/status/1720837951238636018">
                          Link
                      </a>
                  </td>
              </tr>
    
        69)   <tr>
                  <td class="post-score">
                      19
                  </td>
                  <td class="post-title">
                      U.S. cities consider banning "right on red" laws amid rise in pedestrian deaths
                  </td>
                  <td class="post-type">
                      story
                  </td>
                  <td class="post-time">
                      2023 Nov 04 23:45
                  </td>
                  <td class="post-url">
                      <a href="https://www.cbsnews.com/news/pedestrian-deaths-right-on-red-ban/">
                          Link
                      </a>
                  </td>
              </tr>
    
        70)   <tr>
                  <td class="post-score">
                      195
                  </td>
                  <td class="post-title">
                      Paste without formatting on macOS
                  </td>
                  <td class="post-type">
                      story
                  </td>
                  <td class="post-time">
                      2023 Nov 04 14:31
                  </td>
                  <td class="post-url">
                      <a href="https://scottswezey.com/always-paste-without-formatting-macos/">
                          Link
                      </a>
                  </td>
              </tr>
    
        71)   <tr>
                  <td class="post-score">
                      1187
                  </td>
                  <td class="post-title">
                      Cosmopolitan Third Edition
                  </td>
                  <td class="post-type">
                      story
                  </td>
                  <td class="post-time">
                      2023 Nov 01 17:25
                  </td>
                  <td class="post-url">
                      <a href="https://justine.lol/cosmo3/">
                          Link
                      </a>
                  </td>
              </tr>
    
        72)   <tr>
                  <td class="post-score">
                      126
                  </td>
                  <td class="post-title">
                      Bibi-binary
                  </td>
                  <td class="post-type">
                      story
                  </td>
                  <td class="post-time">
                      2023 Nov 02 08:55
                  </td>
                  <td class="post-url">
                      <a href="https://en.wikipedia.org/wiki/Bibi-binary">
                          Link
                      </a>
                  </td>
              </tr>
    
        73)   <tr>
                  <td class="post-score">
                      57
                  </td>
                  <td class="post-title">
                      UK plans to redefine extremism to include undermining the country
                  </td>
                  <td class="post-type">
                      story
                  </td>
                  <td class="post-time">
                      2023 Nov 04 18:57
                  </td>
                  <td class="post-url">
                      <a href="https://www.theguardian.com/uk-news/2023/nov/04/plans-to-redefine-extremism-would-include-undermining-uk-values">
                          Link
                      </a>
                  </td>
              </tr>
    
        74)   <tr>
                  <td class="post-score">
                      453
                  </td>
                  <td class="post-title">
                      Light can make water evaporate without heat
                  </td>
                  <td class="post-type">
                      story
                  </td>
                  <td class="post-time">
                      2023 Nov 02 17:59
                  </td>
                  <td class="post-url">
                      <a href="https://news.mit.edu/2023/surprising-finding-light-makes-water-evaporate-without-heat-1031">
                          Link
                      </a>
                  </td>
              </tr>
    
        75)   <tr>
                  <td class="post-score">
                      13
                  </td>
                  <td class="post-title">
                      The Trust Principles
                  </td>
                  <td class="post-type">
                      story
                  </td>
                  <td class="post-time">
                      2023 Nov 04 14:32
                  </td>
                  <td class="post-url">
                      <a href="https://www.thomsonreuters.com/en/about-us/trust-principles.html">
                          Link
                      </a>
                  </td>
              </tr>
    
        76)   <tr>
                  <td class="post-score">
                      15
                  </td>
                  <td class="post-title">
                      Coding in Public: Help Battle Imposter Syndrome and Inspire Others
                  </td>
                  <td class="post-type">
                      story
                  </td>
                  <td class="post-time">
                      2023 Nov 04 11:58
                  </td>
                  <td class="post-url">
                      <a href="https://www.codingtemple.com/blog/coding-in-public-help-battle-imposter-syndrome-and-inspire-others/">
                          Link
                      </a>
                  </td>
              </tr>
    
        77)   <tr>
                  <td class="post-score">
                      257
                  </td>
                  <td class="post-title">
                      Software that supports your body should always respect your freedom
                  </td>
                  <td class="post-type">
                      story
                  </td>
                  <td class="post-time">
                      2023 Nov 04 17:26
                  </td>
                  <td class="post-url">
                      <a href="https://www.fsf.org/blogs/community/software-that-supports-your-body-should-always-respect-your-freedom">
                          Link
                      </a>
                  </td>
              </tr>
    
        78)   <tr>
                  <td class="post-score">
                      117
                  </td>
                  <td class="post-title">
                      Show HN: MicroLua – Lua for the RP2040 Microcontroller
                  </td>
                  <td class="post-type">
                      story
                  </td>
                  <td class="post-time">
                      2023 Nov 03 18:45
                  </td>
                  <td class="post-url">
                      <a href="https://github.com/MicroLua/MicroLua">
                          Link
                      </a>
                  </td>
              </tr>
    
        79)   <tr>
                  <td class="post-score">
                      451
                  </td>
                  <td class="post-title">
                      Post Mortem on Cloudflare Control Plane and Analytics Outage
                  </td>
                  <td class="post-type">
                      story
                  </td>
                  <td class="post-time">
                      2023 Nov 04 06:20
                  </td>
                  <td class="post-url">
                      <a href="https://blog.cloudflare.com/post-mortem-on-cloudflare-control-plane-and-analytics-outage/">
                          Link
                      </a>
                  </td>
              </tr>
    
        80)   <tr>
                  <td class="post-score">
                      543
                  </td>
                  <td class="post-title">
                      Portugal. The Man – Official Website Is a Google Sheets Document
                  </td>
                  <td class="post-type">
                      story
                  </td>
                  <td class="post-time">
                      2023 Nov 03 23:59
                  </td>
                  <td class="post-url">
                      <a href="https://www.portugaltheman.com/?frontpage=true">
                          Link
                      </a>
                  </td>
              </tr>
    
        81)   <tr>
                  <td class="post-score">
                      212
                  </td>
                  <td class="post-title">
                      M3 Macs: there's more to performance than counting cores
                  </td>
                  <td class="post-type">
                      story
                  </td>
                  <td class="post-time">
                      2023 Nov 03 07:59
                  </td>
                  <td class="post-url">
                      <a href="https://eclecticlight.co/2023/11/03/m3-macs-theres-more-to-performance-than-counting-cores/">
                          Link
                      </a>
                  </td>
              </tr>
    
        82)   <tr>
                  <td class="post-score">
                      43
                  </td>
                  <td class="post-title">
                      What is a Teddy Roosevelt presidential library doing in North Dakota?
                  </td>
                  <td class="post-type">
                      story
                  </td>
                  <td class="post-time">
                      2023 Nov 03 19:14
                  </td>
                  <td class="post-url">
                      <a href="https://www.nytimes.com/2023/10/27/arts/theodore-roosevelt-presidential-library.html">
                          Link
                      </a>
                  </td>
              </tr>
    
        83)   <tr>
                  <td class="post-score">
                      5
                  </td>
                  <td class="post-title">
                      You Are Not Late (2014)
                  </td>
                  <td class="post-type">
                      story
                  </td>
                  <td class="post-time">
                      2023 Nov 04 15:26
                  </td>
                  <td class="post-url">
                      <a href="https://kk.org/thetechnium/you-are-not-late/">
                          Link
                      </a>
                  </td>
              </tr>
    
        84)   <tr>
                  <td class="post-score">
                      156
                  </td>
                  <td class="post-title">
                      Shinzo Abe's Assassination
                  </td>
                  <td class="post-type">
                      story
                  </td>
                  <td class="post-time">
                      2023 Nov 04 13:07
                  </td>
                  <td class="post-url">
                      <a href="https://www.theatlantic.com/magazine/archive/2023/10/shinzo-abe-assassination-japan-unification-church-moonies/675114/">
                          Link
                      </a>
                  </td>
              </tr>
    
        85)   <tr>
                  <td class="post-score">
                      101
                  </td>
                  <td class="post-title">
                      Sometimes, it is a compiler bug (2022)
                  </td>
                  <td class="post-type">
                      story
                  </td>
                  <td class="post-time">
                      2023 Nov 04 03:46
                  </td>
                  <td class="post-url">
                      <a href="https://quick-lint-js.com/blog/bug-journey/">
                          Link
                      </a>
                  </td>
              </tr>
    
        86)   <tr>
                  <td class="post-score">
                      154
                  </td>
                  <td class="post-title">
                      Guide to Adopting AV1 Encoding
                  </td>
                  <td class="post-type">
                      story
                  </td>
                  <td class="post-time">
                      2023 Nov 03 15:17
                  </td>
                  <td class="post-url">
                      <a href="https://bitmovin.com/av1/av1-encoding-guide/">
                          Link
                      </a>
                  </td>
              </tr>
    
        87)   <tr>
                  <td class="post-score">
                      7
                  </td>
                  <td class="post-title">
                      Ask HN: Where do you get your health news?
                  </td>
                  <td class="post-type">
                      story
                  </td>
                  <td class="post-time">
                      2023 Nov 05 00:57
                  </td>
                  <td class="post-url">
                      <a href="">
                          Link
                      </a>
                  </td>
              </tr>
    
        88)   <tr>
                  <td class="post-score">
                      37
                  </td>
                  <td class="post-title">
                      Mass producing the most expensive rice cooker [video]
                  </td>
                  <td class="post-type">
                      story
                  </td>
                  <td class="post-time">
                      2023 Nov 04 16:33
                  </td>
                  <td class="post-url">
                      <a href="https://www.youtube.com/watch?v=xLCwr8qG1p4">
                          Link
                      </a>
                  </td>
              </tr>
    
        89)   <tr>
                  <td class="post-score">
                      32
                  </td>
                  <td class="post-title">
                      Codec Royalties on Content and the Jaws Moment
                  </td>
                  <td class="post-type">
                      story
                  </td>
                  <td class="post-time">
                      2023 Nov 03 21:07
                  </td>
                  <td class="post-url">
                      <a href="https://streaminglearningcenter.com/codecs/codec-royalties-on-content.html">
                          Link
                      </a>
                  </td>
              </tr>
    
        90)   <tr>
                  <td class="post-score">
                      139
                  </td>
                  <td class="post-title">
                      Louis Armstrong's Last Word
                  </td>
                  <td class="post-type">
                      story
                  </td>
                  <td class="post-time">
                      2023 Nov 02 20:16
                  </td>
                  <td class="post-url">
                      <a href="https://www.thenation.com/article/culture/louis-armstrong-archive/">
                          Link
                      </a>
                  </td>
              </tr>
    
        91)   <tr>
                  <td class="post-score">
                      111
                  </td>
                  <td class="post-title">
                      The Sega Hitachi HiSaturn Navi Console
                  </td>
                  <td class="post-type">
                      story
                  </td>
                  <td class="post-time">
                      2023 Nov 03 22:43
                  </td>
                  <td class="post-url">
                      <a href="https://nfggames.com/games/hisaturn/">
                          Link
                      </a>
                  </td>
              </tr>
    
        92)   <tr>
                  <td class="post-score">
                      124
                  </td>
                  <td class="post-title">
                      My experience taking Tesla to court about FSD
                  </td>
                  <td class="post-type">
                      story
                  </td>
                  <td class="post-time">
                      2023 Nov 05 00:23
                  </td>
                  <td class="post-url">
                      <a href="https://teslamotorsclub.com/tmc/threads/my-experience-taking-tesla-to-court-about-fsd.315086/">
                          Link
                      </a>
                  </td>
              </tr>
    
        93)   <tr>
                  <td class="post-score">
                      179
                  </td>
                  <td class="post-title">
                      Pix2tex: Using a ViT to convert images of equations into LaTeX code
                  </td>
                  <td class="post-type">
                      story
                  </td>
                  <td class="post-time">
                      2023 Nov 03 10:17
                  </td>
                  <td class="post-url">
                      <a href="https://github.com/lukas-blecher/LaTeX-OCR">
                          Link
                      </a>
                  </td>
              </tr>
    
        94)   <tr>
                  <td class="post-score">
                      470
                  </td>
                  <td class="post-title">
                      Talk-Llama
                  </td>
                  <td class="post-type">
                      story
                  </td>
                  <td class="post-time">
                      2023 Nov 02 07:32
                  </td>
                  <td class="post-url">
                      <a href="https://github.com/ggerganov/whisper.cpp/tree/master/examples/talk-llama">
                          Link
                      </a>
                  </td>
              </tr>
    
        95)   <tr>
                  <td class="post-score">
                      145
                  </td>
                  <td class="post-title">
                      Cooperative C++ Evolution – Toward a TypeScript for C++
                  </td>
                  <td class="post-type">
                      story
                  </td>
                  <td class="post-time">
                      2023 Nov 04 13:30
                  </td>
                  <td class="post-url">
                      <a href="https://herbsutter.com/2023/10/09/my-new-cppcon-talk-is-on-youtube-cooperative-c-evolution-toward-a-typescript-for-c/">
                          Link
                      </a>
                  </td>
              </tr>
    
        96)   <tr>
                  <td class="post-score">
                      35
                  </td>
                  <td class="post-title">
                      The StahlDream
                  </td>
                  <td class="post-type">
                      story
                  </td>
                  <td class="post-time">
                      2023 Nov 04 01:18
                  </td>
                  <td class="post-url">
                      <a href="https://remexre.com/stahl/dream">
                          Link
                      </a>
                  </td>
              </tr>
    
        97)   <tr>
                  <td class="post-score">
                      112
                  </td>
                  <td class="post-title">
                      Frink is a programming language designed to make physical calculations simple
                  </td>
                  <td class="post-type">
                      story
                  </td>
                  <td class="post-time">
                      2023 Nov 03 06:36
                  </td>
                  <td class="post-url">
                      <a href="https://frinklang.org/">
                          Link
                      </a>
                  </td>
              </tr>
    
        98)   <tr>
                  <td class="post-score">
                      38
                  </td>
                  <td class="post-title">
                      SBF Is Headed to Prison but FTX Will Haunt the Crypto Community for Years
                  </td>
                  <td class="post-type">
                      story
                  </td>
                  <td class="post-time">
                      2023 Nov 05 01:59
                  </td>
                  <td class="post-url">
                      <a href="https://gizmodo.com/ftx-fbi-sam-bankman-fried-cryptocurrency-data-1850990825">
                          Link
                      </a>
                  </td>
              </tr>
    
        99)   <tr>
                  <td class="post-score">
                      59
                  </td>
                  <td class="post-title">
                      Yorick is an interpreted programming language for scientific simulations
                  </td>
                  <td class="post-type">
                      story
                  </td>
                  <td class="post-time">
                      2023 Nov 03 21:00
                  </td>
                  <td class="post-url">
                      <a href="https://yorick.sourceforge.net/">
                          Link
                      </a>
                  </td>
              </tr>
    
        100)  <tr>
                  <td class="post-score">
                      149
                  </td>
                  <td class="post-title">
                      Starfish bodies aren’t bodies at all, study finds
                  </td>
                  <td class="post-type">
                      story
                  </td>
                  <td class="post-time">
                      2023 Nov 04 13:54
                  </td>
                  <td class="post-url">
                      <a href="https://www.cnn.com/2023/11/02/world/starfish-head-body-plan-scn/index.html">
                          Link
                      </a>
                  </td>
              </tr>
    
        101)  <tr>
                  <td class="post-score">
                      7
                  </td>
                  <td class="post-title">
                      SFML 2.6.1
                  </td>
                  <td class="post-type">
                      story
                  </td>
                  <td class="post-time">
                      2023 Nov 04 21:24
                  </td>
                  <td class="post-url">
                      <a href="https://github.com/SFML/SFML/releases/tag/2.6.1">
                          Link
                      </a>
                  </td>
              </tr>
    
        102)  <tr>
                  <td class="post-score">
                      21
                  </td>
                  <td class="post-title">
                      Running Mod_Perl with Mojolicious in Docker
                  </td>
                  <td class="post-type">
                      story
                  </td>
                  <td class="post-time">
                      2023 Nov 03 23:02
                  </td>
                  <td class="post-url">
                      <a href="https://rawley.xyz/docker-mod-perl.html">
                          Link
                      </a>
                  </td>
              </tr>
    
        103)  <tr>
                  <td class="post-score">
                      67
                  </td>
                  <td class="post-title">
                      The Great Inflation
                  </td>
                  <td class="post-type">
                      story
                  </td>
                  <td class="post-time">
                      2023 Nov 04 14:42
                  </td>
                  <td class="post-url">
                      <a href="https://www.federalreservehistory.org/essays/great-inflation">
                          Link
                      </a>
                  </td>
              </tr>
    
        104)  <tr>
                  <td class="post-score">
                      174
                  </td>
                  <td class="post-title">
                      MetNet-3: A state-of-the-art neural weather model
                  </td>
                  <td class="post-type">
                      story
                  </td>
                  <td class="post-time">
                      2023 Nov 03 00:34
                  </td>
                  <td class="post-url">
                      <a href="https://blog.research.google/2023/11/metnet-3-state-of-art-neural-weather.html?m=1">
                          Link
                      </a>
                  </td>
              </tr>
    
        105)  <tr>
                  <td class="post-score">
                      264
                  </td>
                  <td class="post-title">
                      From S3 to R2: An economic opportunity
                  </td>
                  <td class="post-type">
                      story
                  </td>
                  <td class="post-time">
                      2023 Nov 02 19:15
                  </td>
                  <td class="post-url">
                      <a href="https://dansdatathoughts.substack.com/p/from-s3-to-r2-an-economic-opportunity">
                          Link
                      </a>
                  </td>
              </tr>
    
        106)  <tr>
                  <td class="post-score">
                      481
                  </td>
                  <td class="post-title">
                      Ask HN: Who is hiring? (November 2023)
                  </td>
                  <td class="post-type">
                      story
                  </td>
                  <td class="post-time">
                      2023 Nov 01 15:00
                  </td>
                  <td class="post-url">
                      <a href="">
                          Link
                      </a>
                  </td>
              </tr>
    
        107)  <tr>
                  <td class="post-score">
                      208
                  </td>
                  <td class="post-title">
                      Course using F#: Write your own tiny programming system(s)
                  </td>
                  <td class="post-type">
                      story
                  </td>
                  <td class="post-time">
                      2023 Nov 02 21:41
                  </td>
                  <td class="post-url">
                      <a href="https://d3s.mff.cuni.cz/teaching/nprg077/">
                          Link
                      </a>
                  </td>
              </tr>
    
        108)  <tr>
                  <td class="post-score">
                      11
                  </td>
                  <td class="post-title">
                      Astra, low on cash, defaults on loan
                  </td>
                  <td class="post-type">
                      story
                  </td>
                  <td class="post-time">
                      2023 Nov 04 20:16
                  </td>
                  <td class="post-url">
                      <a href="https://spacenews.com/astra-low-on-cash-defaults-on-loan/">
                          Link
                      </a>
                  </td>
              </tr>
    
        109)  <tr>
                  <td class="post-score">
                      204
                  </td>
                  <td class="post-title">
                      Maersk to cut 10k jobs as shipping demand drops
                  </td>
                  <td class="post-type">
                      story
                  </td>
                  <td class="post-time">
                      2023 Nov 04 04:39
                  </td>
                  <td class="post-url">
                      <a href="https://www.reuters.com/business/shipping-giant-maersk-q3-above-expectation-sees-fy-lower-end-range-2023-11-03/">
                          Link
                      </a>
                  </td>
              </tr>
    
        110)  <tr>
                  <td class="post-score">
                      52
                  </td>
                  <td class="post-title">
                      Welcome to the New GamersNexus Website v5.0: A Message
                  </td>
                  <td class="post-type">
                      story
                  </td>
                  <td class="post-time">
                      2023 Nov 04 21:16
                  </td>
                  <td class="post-url">
                      <a href="https://gamersnexus.net/gn-extras/welcome-new-gamersnexus-website-v50-message">
                          Link
                      </a>
                  </td>
              </tr>
    
        111)  <tr>
                  <td class="post-score">
                      252
                  </td>
                  <td class="post-title">
                      How to stop adulterated turmeric from killing people
                  </td>
                  <td class="post-type">
                      story
                  </td>
                  <td class="post-time">
                      2023 Nov 04 07:59
                  </td>
                  <td class="post-url">
                      <a href="https://www.economist.com/leaders/2023/11/02/how-to-stop-turmeric-from-killing-people">
                          Link
                      </a>
                  </td>
              </tr>
    
        112)  <tr>
                  <td class="post-score">
                      38
                  </td>
                  <td class="post-title">
                      The Miracle of Photography
                  </td>
                  <td class="post-type">
                      story
                  </td>
                  <td class="post-time">
                      2023 Nov 03 17:46
                  </td>
                  <td class="post-url">
                      <a href="https://themillions.com/2023/11/the-miracle-of-photography.html">
                          Link
                      </a>
                  </td>
              </tr>
    
        113)  <tr>
                  <td class="post-score">
                      71
                  </td>
                  <td class="post-title">
                      Edison Bulb Night Mode
                  </td>
                  <td class="post-type">
                      story
                  </td>
                  <td class="post-time">
                      2023 Nov 03 22:29
                  </td>
                  <td class="post-url">
                      <a href="https://www.petemillspaugh.com/edison-bulb">
                          Link
                      </a>
                  </td>
              </tr>
    
        114)  <tr>
                  <td class="post-score">
                      155
                  </td>
                  <td class="post-title">
                      RegEx Crossword (2013)
                  </td>
                  <td class="post-type">
                      story
                  </td>
                  <td class="post-time">
                      2023 Nov 02 10:30
                  </td>
                  <td class="post-url">
                      <a href="https://jimbly.github.io/regex-crossword/">
                          Link
                      </a>
                  </td>
              </tr>
    
        115)  <tr>
                  <td class="post-score">
                      65
                  </td>
                  <td class="post-title">
                      CPU-Z's Inadequate Benchmark
                  </td>
                  <td class="post-type">
                      story
                  </td>
                  <td class="post-time">
                      2023 Nov 04 00:27
                  </td>
                  <td class="post-url">
                      <a href="https://chipsandcheese.com/2023/11/03/cpu-zs-inadequate-benchmark/">
                          Link
                      </a>
                  </td>
              </tr>
    
        116)  <tr>
                  <td class="post-score">
                      29
                  </td>
                  <td class="post-title">
                      DEA Launches Crack Down on San Francisco Fentanyl Dealing
                  </td>
                  <td class="post-type">
                      story
                  </td>
                  <td class="post-time">
                      2023 Nov 04 23:44
                  </td>
                  <td class="post-url">
                      <a href="https://abc7news.com/sf-fentanyl-drug-dealers-all-hands-of-deck-operation-sfpd/14006658/">
                          Link
                      </a>
                  </td>
              </tr>
    
        117)  <tr>
                  <td class="post-score">
                      205
                  </td>
                  <td class="post-title">
                      Uranium demand hits decade high as nuclear renaissance gains traction
                  </td>
                  <td class="post-type">
                      story
                  </td>
                  <td class="post-time">
                      2023 Nov 04 00:11
                  </td>
                  <td class="post-url">
                      <a href="https://oilprice.com/The-Environment/Global-Warming/Uranium-Demand-Hits-Decade-High-As-Nuclear-Renaissance-Gains-Traction.html">
                          Link
                      </a>
                  </td>
              </tr>
    
        118)  <tr>
                  <td class="post-score">
                      56
                  </td>
                  <td class="post-title">
                      Accelerating digital block design with Google's open source Mid-Level Synthesis
                  </td>
                  <td class="post-type">
                      story
                  </td>
                  <td class="post-time">
                      2023 Nov 03 19:53
                  </td>
                  <td class="post-url">
                      <a href="https://antmicro.com/blog/2023/09/accelerating-digital-block-design-with-googles-xls/">
                          Link
                      </a>
                  </td>
              </tr>
    
        119)  <tr>
                  <td class="post-score">
                      26
                  </td>
                  <td class="post-title">
                      Show HN: Cami.js – A No Build, Web Component Based Reactive Framework
                  </td>
                  <td class="post-type">
                      story
                  </td>
                  <td class="post-time">
                      2023 Nov 04 18:33
                  </td>
                  <td class="post-url">
                      <a href="https://github.com/kennyfrc/cami.js">
                          Link
                      </a>
                  </td>
              </tr>
    
        120)  <tr>
                  <td class="post-score">
                      177
                  </td>
                  <td class="post-title">
                      Why You Should Write Your Own Static Site Generator
                  </td>
                  <td class="post-type">
                      story
                  </td>
                  <td class="post-time">
                      2023 Nov 03 09:10
                  </td>
                  <td class="post-url">
                      <a href="https://arne.me/articles/write-your-own-ssg">
                          Link
                      </a>
                  </td>
              </tr>
    
        121)  <tr>
                  <td class="post-score">
                      12
                  </td>
                  <td class="post-title">
                      GiNaC: Open framework for symbolic computation within C++ programming language
                  </td>
                  <td class="post-type">
                      story
                  </td>
                  <td class="post-time">
                      2023 Nov 04 03:25
                  </td>
                  <td class="post-url">
                      <a href="https://www.ginac.de/tutorial/">
                          Link
                      </a>
                  </td>
              </tr>
    
        122)  <tr>
                  <td class="post-score">
                      39
                  </td>
                  <td class="post-title">
                      Liblinux – architecture-independent access to Linux system calls
                  </td>
                  <td class="post-type">
                      story
                  </td>
                  <td class="post-time">
                      2023 Nov 03 08:47
                  </td>
                  <td class="post-url">
                      <a href="https://github.com/matheusmoreira/liblinux">
                          Link
                      </a>
                  </td>
              </tr>
    
        123)  <tr>
                  <td class="post-score">
                      111
                  </td>
                  <td class="post-title">
                      Enable ARMv9 Memory Tagging Extension (MTE) on Pixel 8
                  </td>
                  <td class="post-type">
                      story
                  </td>
                  <td class="post-time">
                      2023 Nov 03 06:55
                  </td>
                  <td class="post-url">
                      <a href="https://outflux.net/blog/archives/2023/10/26/enable-mte-on-pixel-8/">
                          Link
                      </a>
                  </td>
              </tr>
    
        124)  <tr>
                  <td class="post-score">
                      56
                  </td>
                  <td class="post-title">
                      Why is RC Cola popular in Tajikistan?
                  </td>
                  <td class="post-type">
                      story
                  </td>
                  <td class="post-time">
                      2023 Nov 03 20:07
                  </td>
                  <td class="post-url">
                      <a href="https://www.snackstack.net/p/why-is-rc-cola-popular-in-tajikistan">
                          Link
                      </a>
                  </td>
              </tr>
    
        125)  <tr>
                  <td class="post-score">
                      7
                  </td>
                  <td class="post-title">
                      Show HN: I started building yet another CSS framework
                  </td>
                  <td class="post-type">
                      story
                  </td>
                  <td class="post-time">
                      2023 Nov 04 08:55
                  </td>
                  <td class="post-url">
                      <a href="https://eternityforest.github.io/barrel.css/">
                          Link
                      </a>
                  </td>
              </tr>
    
        126)  <tr>
                  <td class="post-score">
                      85
                  </td>
                  <td class="post-title">
                      How to help someone use a computer (1996)
                  </td>
                  <td class="post-type">
                      story
                  </td>
                  <td class="post-time">
                      2023 Nov 03 08:46
                  </td>
                  <td class="post-url">
                      <a href="https://pages.gseis.ucla.edu/faculty/agre/how-to-help.html">
                          Link
                      </a>
                  </td>
              </tr>
    
        127)  <tr>
                  <td class="post-score">
                      193
                  </td>
                  <td class="post-title">
                      Is there anywhere in the world someone can just live for free?
                  </td>
                  <td class="post-type">
                      story
                  </td>
                  <td class="post-time">
                      2023 Nov 04 08:57
                  </td>
                  <td class="post-url">
                      <a href="https://reddit.com/r/NoStupidQuestions/comments/17mvukd/is_there_anywhere_in_the_world_someone_can_just/">
                          Link
                      </a>
                  </td>
              </tr>
    
        128)  <tr>
                  <td class="post-score">
                      84
                  </td>
                  <td class="post-title">
                      First Handset with MTE on the Market
                  </td>
                  <td class="post-type">
                      story
                  </td>
                  <td class="post-time">
                      2023 Nov 03 22:03
                  </td>
                  <td class="post-url">
                      <a href="https://googleprojectzero.blogspot.com/2023/11/first-handset-with-mte-on-market.html">
                          Link
                      </a>
                  </td>
              </tr>
    
        129)  <tr>
                  <td class="post-score">
                      59
                  </td>
                  <td class="post-title">
                      Cats Make Nearly 300 Different Facial Expressions
                  </td>
                  <td class="post-type">
                      story
                  </td>
                  <td class="post-time">
                      2023 Nov 04 21:38
                  </td>
                  <td class="post-url">
                      <a href="https://www.smithsonianmag.com/smart-news/cats-make-nearly-300-different-facial-expressions-180983185/">
                          Link
                      </a>
                  </td>
              </tr>
    
        130)  <tr>
                  <td class="post-score">
                      147
                  </td>
                  <td class="post-title">
                      Email.radio – Free Email Domain for Licensed Ham Radio Operators
                  </td>
                  <td class="post-type">
                      story
                  </td>
                  <td class="post-time">
                      2023 Nov 03 02:10
                  </td>
                  <td class="post-url">
                      <a href="https://email.radio/">
                          Link
                      </a>
                  </td>
              </tr>
    
        131)  <tr>
                  <td class="post-score">
                      666
                  </td>
                  <td class="post-title">
                      macOS Sonoma Boot Failures
                  </td>
                  <td class="post-type">
                      story
                  </td>
                  <td class="post-time">
                      2023 Oct 31 18:33
                  </td>
                  <td class="post-url">
                      <a href="https://github.com/AsahiLinux/docs/wiki/macOS-Sonoma-Boot-Failures">
                          Link
                      </a>
                  </td>
              </tr>
    
        132)  <tr>
                  <td class="post-score">
                      98
                  </td>
                  <td class="post-title">
                      Telnet BBS Guide
                  </td>
                  <td class="post-type">
                      story
                  </td>
                  <td class="post-time">
                      2023 Nov 03 23:29
                  </td>
                  <td class="post-url">
                      <a href="https://www.telnetbbsguide.com/">
                          Link
                      </a>
                  </td>
              </tr>
    
        133)  <tr>
                  <td class="post-score">
                      69
                  </td>
                  <td class="post-title">
                      Discord will switch to temporary file links to block malware delivery
                  </td>
                  <td class="post-type">
                      story
                  </td>
                  <td class="post-time">
                      2023 Nov 04 19:11
                  </td>
                  <td class="post-url">
                      <a href="https://www.bleepingcomputer.com/news/security/discord-will-switch-to-temporary-file-links-to-block-malware-delivery/">
                          Link
                      </a>
                  </td>
              </tr>
    
        134)  <tr>
                  <td class="post-score">
                      201
                  </td>
                  <td class="post-title">
                      Podman Desktop v1.5 with Compose onboarding and enhanced Kubernetes pod data
                  </td>
                  <td class="post-type">
                      story
                  </td>
                  <td class="post-time">
                      2023 Nov 03 19:39
                  </td>
                  <td class="post-url">
                      <a href="https://podman-desktop.io/blog/podman-desktop-release-1.5">
                          Link
                      </a>
                  </td>
              </tr>
    
        135)  <tr>
                  <td class="post-score">
                      199
                  </td>
                  <td class="post-title">
                      Okta hit by third-party breach, stealing employee data
                  </td>
                  <td class="post-type">
                      story
                  </td>
                  <td class="post-time">
                      2023 Nov 03 16:15
                  </td>
                  <td class="post-url">
                      <a href="https://arstechnica.com/security/2023/11/okta-hit-by-another-breach-this-one-stealing-employee-data-from-3rd-party-vendor/">
                          Link
                      </a>
                  </td>
              </tr>
    
        136)  <tr>
                  <td class="post-score">
                      124
                  </td>
                  <td class="post-title">
                      If you plant milkweed, they will come
                  </td>
                  <td class="post-type">
                      story
                  </td>
                  <td class="post-time">
                      2023 Nov 03 00:21
                  </td>
                  <td class="post-url">
                      <a href="https://www.nytimes.com/2023/10/25/realestate/gardening-milkweed-plants-butterflies.html">
                          Link
                      </a>
                  </td>
              </tr>
    
        137)  <tr>
                  <td class="post-score">
                      31
                  </td>
                  <td class="post-title">
                      Things I like about Zig as a Go Programmer
                  </td>
                  <td class="post-type">
                      story
                  </td>
                  <td class="post-time">
                      2023 Nov 04 16:38
                  </td>
                  <td class="post-url">
                      <a href="https://medium.com/@vladimirvivien/things-i-like-about-zig-as-a-go-programmer-75eb02aab00f">
                          Link
                      </a>
                  </td>
              </tr>
    
        138)  <tr>
                  <td class="post-score">
                      9
                  </td>
                  <td class="post-title">
                      Upgrading my Chumby 8 kernel part 7: touchscreen
                  </td>
                  <td class="post-type">
                      story
                  </td>
                  <td class="post-time">
                      2023 Nov 03 23:57
                  </td>
                  <td class="post-url">
                      <a href="https://www.downtowndougbrown.com/2023/11/upgrading-my-chumby-8-kernel-part-7-touchscreen/">
                          Link
                      </a>
                  </td>
              </tr>
    
        139)  <tr>
                  <td class="post-score">
                      114
                  </td>
                  <td class="post-title">
                      Embracing community helps us live longer, and be happier (2017)
                  </td>
                  <td class="post-type">
                      story
                  </td>
                  <td class="post-time">
                      2023 Nov 03 19:58
                  </td>
                  <td class="post-url">
                      <a href="https://news.harvard.edu/gazette/story/2017/04/over-nearly-80-years-harvard-study-has-been-showing-how-to-live-a-healthy-and-happy-life/">
                          Link
                      </a>
                  </td>
              </tr>
    
        140)  <tr>
                  <td class="post-score">
                      221
                  </td>
                  <td class="post-title">
                      Joint statement of scientists and NGOs on the EU’s proposed eIDAS reform
                  </td>
                  <td class="post-type">
                      story
                  </td>
                  <td class="post-time">
                      2023 Nov 03 11:08
                  </td>
                  <td class="post-url">
                      <a href="https://eidas-open-letter.org/">
                          Link
                      </a>
                  </td>
              </tr>
    
        141)  <tr>
                  <td class="post-score">
                      3
                  </td>
                  <td class="post-title">
                      A guide to home row mods with QMK
                  </td>
                  <td class="post-type">
                      story
                  </td>
                  <td class="post-time">
                      2023 Nov 04 11:21
                  </td>
                  <td class="post-url">
                      <a href="https://precondition.github.io/home-row-mods">
                          Link
                      </a>
                  </td>
              </tr>
    
        142)  <tr>
                  <td class="post-score">
                      14
                  </td>
                  <td class="post-title">
                      Geospatial Technology Radar 2023
                  </td>
                  <td class="post-type">
                      story
                  </td>
                  <td class="post-time">
                      2023 Nov 03 20:03
                  </td>
                  <td class="post-url">
                      <a href="https://element84.com/geospatial-tech-radar-23">
                          Link
                      </a>
                  </td>
              </tr>
    
        143)  <tr>
                  <td class="post-score">
                      49
                  </td>
                  <td class="post-title">
                      HBO CEO Confesses to Trolling Critics with Fake Tweets: Rolling Stone
                  </td>
                  <td class="post-type">
                      story
                  </td>
                  <td class="post-time">
                      2023 Nov 04 06:19
                  </td>
                  <td class="post-url">
                      <a href="https://www.rollingstone.com/tv-movies/tv-movie-news/hbo-ceo-casey-bloys-confesses-trolling-critics-fake-twitter-accounts-dumb-idea-1234868710/">
                          Link
                      </a>
                  </td>
              </tr>
    
        144)  <tr>
                  <td class="post-score">
                      124
                  </td>
                  <td class="post-title">
                      Ken Mattingly, astronaut scrubbed from Apollo 13, has died
                  </td>
                  <td class="post-type">
                      story
                  </td>
                  <td class="post-time">
                      2023 Nov 03 05:48
                  </td>
                  <td class="post-url">
                      <a href="https://www.nytimes.com/2023/11/02/science/space/ken-mattingly-dead.html">
                          Link
                      </a>
                  </td>
              </tr>
    
        145)  <tr>
                  <td class="post-score">
                      146
                  </td>
                  <td class="post-title">
                      How big data carried graph theory into new dimensions
                  </td>
                  <td class="post-type">
                      story
                  </td>
                  <td class="post-time">
                      2023 Nov 02 21:33
                  </td>
                  <td class="post-url">
                      <a href="https://www.quantamagazine.org/how-big-data-carried-graph-theory-into-new-dimensions-20210819/">
                          Link
                      </a>
                  </td>
              </tr>
    
        146)  <tr>
                  <td class="post-score">
                      235
                  </td>
                  <td class="post-title">
                      Lemming Suicide Myth: Disney Film Faked Bogus Behavior
                  </td>
                  <td class="post-type">
                      story
                  </td>
                  <td class="post-time">
                      2023 Nov 01 22:47
                  </td>
                  <td class="post-url">
                      <a href="https://www.adfg.alaska.gov/index.cfm?adfg=wildlifenews.view_article&articles_id=56">
                          Link
                      </a>
                  </td>
              </tr>
    
        147)  <tr>
                  <td class="post-score">
                      22
                  </td>
                  <td class="post-title">
                      The Future of RSS Is Textcasting
                  </td>
                  <td class="post-type">
                      story
                  </td>
                  <td class="post-time">
                      2023 Nov 03 19:11
                  </td>
                  <td class="post-url">
                      <a href="https://kottke.org/23/11/the-future-of-rss-is-textcasting-1">
                          Link
                      </a>
                  </td>
              </tr>
    
        148)  <tr>
                  <td class="post-score">
                      113
                  </td>
                  <td class="post-title">
                      Auto industry executives admit electric vehicle plans are in jeopardy
                  </td>
                  <td class="post-type">
                      story
                  </td>
                  <td class="post-time">
                      2023 Nov 02 22:26
                  </td>
                  <td class="post-url">
                      <a href="https://www.businessinsider.com/auto-executives-coming-clean-evs-arent-working-2023-10">
                          Link
                      </a>
                  </td>
              </tr>
    
        149)  <tr>
                  <td class="post-score">
                      591
                  </td>
                  <td class="post-title">
                      Confusing Git Terminology
                  </td>
                  <td class="post-type">
                      story
                  </td>
                  <td class="post-time">
                      2023 Nov 02 13:05
                  </td>
                  <td class="post-url">
                      <a href="https://jvns.ca/blog/2023/11/01/confusing-git-terminology/">
                          Link
                      </a>
                  </td>
              </tr>
    
        150)  <tr>
                  <td class="post-score">
                      645
                  </td>
                  <td class="post-title">
                      Copying Angry Birds with nothing but AI
                  </td>
                  <td class="post-type">
                      story
                  </td>
                  <td class="post-time">
                      2023 Oct 31 18:27
                  </td>
                  <td class="post-url">
                      <a href="https://twitter.com/javilopen/status/1719363262179938401">
                          Link
                      </a>
                  </td>
              </tr>
    
        151)  <tr>
                  <td class="post-score">
                      146
                  </td>
                  <td class="post-title">
                      Hyphens, minus, and dashes in Debian man pages
                  </td>
                  <td class="post-type">
                      story
                  </td>
                  <td class="post-time">
                      2023 Nov 02 23:13
                  </td>
                  <td class="post-url">
                      <a href="https://lwn.net/Articles/947941/">
                          Link
                      </a>
                  </td>
              </tr>
    
        152)  <tr>
                  <td class="post-score">
                      91
                  </td>
                  <td class="post-title">
                      The Anthropogenic Salt Cycle
                  </td>
                  <td class="post-type">
                      story
                  </td>
                  <td class="post-time">
                      2023 Nov 03 12:21
                  </td>
                  <td class="post-url">
                      <a href="https://www.nature.com/articles/s43017-023-00485-y">
                          Link
                      </a>
                  </td>
              </tr>
    
        153)  <tr>
                  <td class="post-score">
                      117
                  </td>
                  <td class="post-title">
                      When to Shut Up: A Visual Guide (With Included Algorithm)
                  </td>
                  <td class="post-type">
                      story
                  </td>
                  <td class="post-time">
                      2023 Nov 04 12:24
                  </td>
                  <td class="post-url">
                      <a href="https://shaungallagher.pressbin.com/blog/shut-up.html">
                          Link
                      </a>
                  </td>
              </tr>
    
        154)  <tr>
                  <td class="post-score">
                      297
                  </td>
                  <td class="post-title">
                      macOS Sonoma Broke Grep
                  </td>
                  <td class="post-type">
                      story
                  </td>
                  <td class="post-time">
                      2023 Nov 01 20:24
                  </td>
                  <td class="post-url">
                      <a href="https://developer.apple.com/forums/thread/738862">
                          Link
                      </a>
                  </td>
              </tr>
    
        155)  <tr>
                  <td class="post-score">
                      335
                  </td>
                  <td class="post-title">
                      How Bear does analytics with CSS
                  </td>
                  <td class="post-type">
                      story
                  </td>
                  <td class="post-time">
                      2023 Nov 01 08:08
                  </td>
                  <td class="post-url">
                      <a href="https://herman.bearblog.dev/how-bear-does-analytics-with-css/">
                          Link
                      </a>
                  </td>
              </tr>
    
        156)  <tr>
                  <td class="post-score">
                      87
                  </td>
                  <td class="post-title">
                      Everything We Know About 1970s Mainframe RPGs We Can No Longer Play
                  </td>
                  <td class="post-type">
                      story
                  </td>
                  <td class="post-time">
                      2023 Nov 02 22:31
                  </td>
                  <td class="post-url">
                      <a href="http://crpgaddict.blogspot.com/2021/06/brief-everything-we-know-about-1970s.html">
                          Link
                      </a>
                  </td>
              </tr>
    
        157)  <tr>
                  <td class="post-score">
                      200
                  </td>
                  <td class="post-title">
                      The business of extracting knowledge from academic publications
                  </td>
                  <td class="post-type">
                      story
                  </td>
                  <td class="post-time">
                      2023 Nov 01 21:52
                  </td>
                  <td class="post-url">
                      <a href="https://www.theseedsofscience.pub/p/the-business-of-extracting-knowledge">
                          Link
                      </a>
                  </td>
              </tr>
    
        158)  <tr>
                  <td class="post-score">
                      244
                  </td>
                  <td class="post-title">
                      Window-swap – open a new window somewhere in the world
                  </td>
                  <td class="post-type">
                      story
                  </td>
                  <td class="post-time">
                      2023 Nov 02 01:16
                  </td>
                  <td class="post-url">
                      <a href="https://www.window-swap.com/">
                          Link
                      </a>
                  </td>
              </tr>
    
        159)  <tr>
                  <td class="post-score">
                      80
                  </td>
                  <td class="post-title">
                      AMD Unveils Ryzen Mobile 7040U Series with Zen 4c Efficiency Cores
                  </td>
                  <td class="post-type">
                      story
                  </td>
                  <td class="post-time">
                      2023 Nov 03 10:52
                  </td>
                  <td class="post-url">
                      <a href="https://www.anandtech.com/show/21111/amd-unveils-ryzen-7040u-series-with-zen-4c-smaller-cores-bigger-efficiency">
                          Link
                      </a>
                  </td>
              </tr>
    
        160)  <tr>
                  <td class="post-score">
                      231
                  </td>
                  <td class="post-title">
                      YouTube's plan backfires, people are installing better ad blockers
                  </td>
                  <td class="post-type">
                      story
                  </td>
                  <td class="post-time">
                      2023 Nov 04 03:34
                  </td>
                  <td class="post-url">
                      <a href="https://www.androidauthority.com/youtube-ad-block-installs-3382289/">
                          Link
                      </a>
                  </td>
              </tr>
    
        161)  <tr>
                  <td class="post-score">
                      56
                  </td>
                  <td class="post-title">
                      A carbohydrate revolution is speeding up pro cycling
                  </td>
                  <td class="post-type">
                      story
                  </td>
                  <td class="post-time">
                      2023 Nov 04 15:56
                  </td>
                  <td class="post-url">
                      <a href="https://velo.outsideonline.com/road/road-training/a-massive-change-how-a-carbohydrate-revolution-is-speeding-up-pro-cycling/">
                          Link
                      </a>
                  </td>
              </tr>
    
        162)  <tr>
                  <td class="post-score">
                      30
                  </td>
                  <td class="post-title">
                      Intel's CEO Admits to and Details the Company's Three Biggest Mistakes
                  </td>
                  <td class="post-type">
                      story
                  </td>
                  <td class="post-time">
                      2023 Nov 04 07:28
                  </td>
                  <td class="post-url">
                      <a href="https://www.tomshardware.com/pc-components/gpus/intels-ceo-admits-to-and-details-companies-three-biggest-mistakes">
                          Link
                      </a>
                  </td>
              </tr>
    
        163)  <tr>
                  <td class="post-score">
                      89
                  </td>
                  <td class="post-title">
                      GM's Cruise alleged to rely on human operators to achieve "autonomous" driving
                  </td>
                  <td class="post-type">
                      story
                  </td>
                  <td class="post-time">
                      2023 Nov 04 20:59
                  </td>
                  <td class="post-url">
                      <a href="https://www.nytimes.com/2023/11/03/technology/cruise-general-motors-self-driving-cars.html">
                          Link
                      </a>
                  </td>
              </tr>
    
        164)  <tr>
                  <td class="post-score">
                      674
                  </td>
                  <td class="post-title">
                      I trapped scammers in an impossible maze [video]
                  </td>
                  <td class="post-type">
                      story
                  </td>
                  <td class="post-time">
                      2023 Nov 03 15:38
                  </td>
                  <td class="post-url">
                      <a href="https://www.youtube.com/watch?v=dWzz3NeDz3E">
                          Link
                      </a>
                  </td>
              </tr>
    
        165)  <tr>
                  <td class="post-score">
                      64
                  </td>
                  <td class="post-title">
                      999 Request Denied
                  </td>
                  <td class="post-type">
                      story
                  </td>
                  <td class="post-time">
                      2023 Nov 03 11:25
                  </td>
                  <td class="post-url">
                      <a href="https://http.dev/999">
                          Link
                      </a>
                  </td>
              </tr>
    
        166)  <tr>
                  <td class="post-score">
                      537
                  </td>
                  <td class="post-title">
                      Last Chance to fix eIDAS: Secret EU law threatens Internet security
                  </td>
                  <td class="post-type">
                      story
                  </td>
                  <td class="post-time">
                      2023 Nov 02 05:57
                  </td>
                  <td class="post-url">
                      <a href="https://last-chance-for-eidas.org/">
                          Link
                      </a>
                  </td>
              </tr>
    
        167)  <tr>
                  <td class="post-score">
                      148
                  </td>
                  <td class="post-title">
                      Microsoft is retiring Visual Studio for Mac in 2024
                  </td>
                  <td class="post-type">
                      story
                  </td>
                  <td class="post-time">
                      2023 Nov 03 20:14
                  </td>
                  <td class="post-url">
                      <a href="https://visualstudio.microsoft.com/vs/mac/">
                          Link
                      </a>
                  </td>
              </tr>
    
        168)  <tr>
                  <td class="post-score">
                      83
                  </td>
                  <td class="post-title">
                      Translations of Russ Cox's Thompson NFA C Program to Rust
                  </td>
                  <td class="post-type">
                      story
                  </td>
                  <td class="post-time">
                      2023 Nov 03 03:27
                  </td>
                  <td class="post-url">
                      <a href="https://github.com/BurntSushi/rsc-regexp">
                          Link
                      </a>
                  </td>
              </tr>
    
        169)  <tr>
                  <td class="post-score">
                      74
                  </td>
                  <td class="post-title">
                      How to pronounce the trickiest English words
                  </td>
                  <td class="post-type">
                      story
                  </td>
                  <td class="post-time">
                      2023 Nov 02 15:56
                  </td>
                  <td class="post-url">
                      <a href="https://www.wsj.com/business/media/how-to-pronounce-english-words-julien-miquel-58581065">
                          Link
                      </a>
                  </td>
              </tr>
    
        170)  <tr>
                  <td class="post-score">
                      262
                  </td>
                  <td class="post-title">
                      Why ACPI?
                  </td>
                  <td class="post-type">
                      story
                  </td>
                  <td class="post-time">
                      2023 Nov 01 06:46
                  </td>
                  <td class="post-url">
                      <a href="https://mjg59.dreamwidth.org/68350.html">
                          Link
                      </a>
                  </td>
              </tr>
    
        171)  <tr>
                  <td class="post-score">
                      49
                  </td>
                  <td class="post-title">
                      Show HN: GitInsights – a weekly summary email of your team's GitHub activity
                  </td>
                  <td class="post-type">
                      story
                  </td>
                  <td class="post-time">
                      2023 Nov 03 20:15
                  </td>
                  <td class="post-url">
                      <a href="https://gitinsights.io/">
                          Link
                      </a>
                  </td>
              </tr>
    
        172)  <tr>
                  <td class="post-score">
                      96
                  </td>
                  <td class="post-title">
                      Jevons paradox
                  </td>
                  <td class="post-type">
                      story
                  </td>
                  <td class="post-time">
                      2023 Nov 03 15:16
                  </td>
                  <td class="post-url">
                      <a href="https://en.wikipedia.org/wiki/Jevons_paradox">
                          Link
                      </a>
                  </td>
              </tr>
    
        173)  <tr>
                  <td class="post-score">
                      142
                  </td>
                  <td class="post-title">
                      WasmGC – Run GC languages such as Kotlin, Java in Chrome browser
                  </td>
                  <td class="post-type">
                      story
                  </td>
                  <td class="post-time">
                      2023 Nov 02 04:32
                  </td>
                  <td class="post-url">
                      <a href="https://developer.chrome.com/blog/wasmgc/">
                          Link
                      </a>
                  </td>
              </tr>
    
        174)  <tr>
                  <td class="post-score">
                      34
                  </td>
                  <td class="post-title">
                      China's TikTok users are being told that Aristotle did not exist
                  </td>
                  <td class="post-type">
                      story
                  </td>
                  <td class="post-time">
                      2023 Nov 04 19:20
                  </td>
                  <td class="post-url">
                      <a href="https://www.scmp.com/news/china/science/article/3240339/aristotle-becomes-latest-casualty-chinas-narrative-war-west-scholar-questions-philosophers-existence">
                          Link
                      </a>
                  </td>
              </tr>
    
        175)  <tr>
                  <td class="post-score">
                      227
                  </td>
                  <td class="post-title">
                      Audacity 3.4
                  </td>
                  <td class="post-type">
                      story
                  </td>
                  <td class="post-time">
                      2023 Nov 03 00:14
                  </td>
                  <td class="post-url">
                      <a href="https://www.audacityteam.org/blog/audacity-3-4/">
                          Link
                      </a>
                  </td>
              </tr>
    
        176)  <tr>
                  <td class="post-score">
                      318
                  </td>
                  <td class="post-title">
                      Why doctors in America earn so much
                  </td>
                  <td class="post-type">
                      story
                  </td>
                  <td class="post-time">
                      2023 Nov 01 14:38
                  </td>
                  <td class="post-url">
                      <a href="https://www.economist.com/united-states/2023/10/31/why-doctors-in-america-earn-so-much">
                          Link
                      </a>
                  </td>
              </tr>
    
        177)  <tr>
                  <td class="post-score">
                      274
                  </td>
                  <td class="post-title">
                      Distil-Whisper: distilled version of Whisper that is 6 times faster, 49% smaller
                  </td>
                  <td class="post-type">
                      story
                  </td>
                  <td class="post-time">
                      2023 Nov 01 00:55
                  </td>
                  <td class="post-url">
                      <a href="https://github.com/huggingface/distil-whisper">
                          Link
                      </a>
                  </td>
              </tr>
    
        178)  <tr>
                  <td class="post-score">
                      11
                  </td>
                  <td class="post-title">
                      Pessimists Archive
                  </td>
                  <td class="post-type">
                      story
                  </td>
                  <td class="post-time">
                      2023 Nov 04 23:05
                  </td>
                  <td class="post-url">
                      <a href="https://pessimistsarchive.org/">
                          Link
                      </a>
                  </td>
              </tr>
    
        179)  <tr>
                  <td class="post-score">
                      202
                  </td>
                  <td class="post-title">
                      GPT-4 Update: 32K Context Window Now for All Users
                  </td>
                  <td class="post-type">
                      story
                  </td>
                  <td class="post-time">
                      2023 Nov 03 15:30
                  </td>
                  <td class="post-url">
                      <a href="https://github.com/spdustin/ChatGPT-AutoExpert/blob/main/_system-prompts/all_tools.md">
                          Link
                      </a>
                  </td>
              </tr>
    
        180)  <tr>
                  <td class="post-score">
                      108
                  </td>
                  <td class="post-title">
                      ML Experiments Management with Git
                  </td>
                  <td class="post-type">
                      story
                  </td>
                  <td class="post-time">
                      2023 Nov 02 21:33
                  </td>
                  <td class="post-url">
                      <a href="https://github.com/iterative/dvc">
                          Link
                      </a>
                  </td>
              </tr>
    
        181)  <tr>
                  <td class="post-score">
                      35
                  </td>
                  <td class="post-title">
                      You don't need a terminal emulator · Andrey Listopadov
                  </td>
                  <td class="post-type">
                      story
                  </td>
                  <td class="post-time">
                      2023 Nov 03 22:55
                  </td>
                  <td class="post-url">
                      <a href="https://andreyor.st/posts/2023-10-27-you-dont-need-a-terminal-emulator/">
                          Link
                      </a>
                  </td>
              </tr>
    
        182)  <tr>
                  <td class="post-score">
                      250
                  </td>
                  <td class="post-title">
                      Bayer hit with $332M judgement in Roundup cancer trial
                  </td>
                  <td class="post-type">
                      story
                  </td>
                  <td class="post-time">
                      2023 Nov 03 23:16
                  </td>
                  <td class="post-url">
                      <a href="https://fortune.com/2023/11/03/bayer-332-million-judgement-trial-man-cancer-decades-monsanto-roundup-weedkiller/">
                          Link
                      </a>
                  </td>
              </tr>
    
        183)  <tr>
                  <td class="post-score">
                      58
                  </td>
                  <td class="post-title">
                      Openela releases Red Hat source code on GitHub
                  </td>
                  <td class="post-type">
                      story
                  </td>
                  <td class="post-time">
                      2023 Nov 04 18:16
                  </td>
                  <td class="post-url">
                      <a href="https://github.com/orgs/openela-main/repositories">
                          Link
                      </a>
                  </td>
              </tr>
    
        184)  <tr>
                  <td class="post-score">
                      12
                  </td>
                  <td class="post-title">
                      Deno 1.38: HTML doc generator and HMR
                  </td>
                  <td class="post-type">
                      story
                  </td>
                  <td class="post-time">
                      2023 Nov 03 10:05
                  </td>
                  <td class="post-url">
                      <a href="https://deno.com/blog/v1.38">
                          Link
                      </a>
                  </td>
              </tr>
    
        185)  <tr>
                  <td class="post-score">
                      8
                  </td>
                  <td class="post-title">
                      Ask HN: Infra people in small companies, what does your infra look like?
                  </td>
                  <td class="post-type">
                      story
                  </td>
                  <td class="post-time">
                      2023 Nov 04 13:27
                  </td>
                  <td class="post-url">
                      <a href="">
                          Link
                      </a>
                  </td>
              </tr>
    
        186)  <tr>
                  <td class="post-score">
                      137
                  </td>
                  <td class="post-title">
                      Nuclear Conversion for Starship
                  </td>
                  <td class="post-type">
                      story
                  </td>
                  <td class="post-time">
                      2023 Nov 03 16:52
                  </td>
                  <td class="post-url">
                      <a href="http://toughsf.blogspot.com/2021/10/nuclear-conversion-for-starship.html">
                          Link
                      </a>
                  </td>
              </tr>
    
        187)  <tr>
                  <td class="post-score">
                      206
                  </td>
                  <td class="post-title">
                      Now you're thinking with relays
                  </td>
                  <td class="post-type">
                      story
                  </td>
                  <td class="post-time">
                      2023 Nov 01 19:30
                  </td>
                  <td class="post-url">
                      <a href="https://lcamtuf.substack.com/p/now-youre-thinking-with-relays">
                          Link
                      </a>
                  </td>
              </tr>
    
        188)  <tr>
                  <td class="post-score">
                      158
                  </td>
                  <td class="post-title">
                      Bank financing and bad urban planning make the retail apocalypse worse
                  </td>
                  <td class="post-type">
                      story
                  </td>
                  <td class="post-time">
                      2023 Nov 01 16:21
                  </td>
                  <td class="post-url">
                      <a href="https://www.businessinsider.com/bank-financing-urban-planning-pandemic-retail-apocalypse-vacant-storefront-2023-10">
                          Link
                      </a>
                  </td>
              </tr>
    
        189)  <tr>
                  <td class="post-score">
                      31
                  </td>
                  <td class="post-title">
                      How much it costs Apple to increase RAM size in Macs?
                  </td>
                  <td class="post-type">
                      story
                  </td>
                  <td class="post-time">
                      2023 Nov 04 02:15
                  </td>
                  <td class="post-url">
                      <a href="https://old.reddit.com/r/macbookpro/comments/17lwl0b/how_much_does_ram_cost_anyways/">
                          Link
                      </a>
                  </td>
              </tr>
    
        190)  <tr>
                  <td class="post-score">
                      30
                  </td>
                  <td class="post-title">
                      Cup Noodles are now microwave-safe
                  </td>
                  <td class="post-type">
                      story
                  </td>
                  <td class="post-time">
                      2023 Nov 04 18:04
                  </td>
                  <td class="post-url">
                      <a href="https://www.washingtonpost.com/food/2023/11/03/cup-noodles-are-now-microwave-safe-so-they-werent-already/">
                          Link
                      </a>
                  </td>
              </tr>
    
        191)  <tr>
                  <td class="post-score">
                      30
                  </td>
                  <td class="post-title">
                      What's the difference between LangChain, llama indexand others like autollm?
                  </td>
                  <td class="post-type">
                      story
                  </td>
                  <td class="post-time">
                      2023 Nov 03 10:41
                  </td>
                  <td class="post-url">
                      <a href="">
                          Link
                      </a>
                  </td>
              </tr>
    
        192)  <tr>
                  <td class="post-score">
                      235
                  </td>
                  <td class="post-title">
                      Sally Ignore Previous Instructions
                  </td>
                  <td class="post-type">
                      story
                  </td>
                  <td class="post-time">
                      2023 Nov 02 21:02
                  </td>
                  <td class="post-url">
                      <a href="https://www.haihai.ai/pen15/">
                          Link
                      </a>
                  </td>
              </tr>
    
        193)  <tr>
                  <td class="post-score">
                      81
                  </td>
                  <td class="post-title">
                      Enterprise-Fu
                  </td>
                  <td class="post-type">
                      story
                  </td>
                  <td class="post-time">
                      2023 Nov 02 23:31
                  </td>
                  <td class="post-url">
                      <a href="http://mike.daless.io/prez/enterprise-asbury-2013-10/slides.html">
                          Link
                      </a>
                  </td>
              </tr>
    
        194)  <tr>
                  <td class="post-score">
                      251
                  </td>
                  <td class="post-title">
                      Rwanda joins Kenya to initiate visa-free travel for all Africans
                  </td>
                  <td class="post-type">
                      story
                  </td>
                  <td class="post-time">
                      2023 Nov 03 12:15
                  </td>
                  <td class="post-url">
                      <a href="https://africa.businessinsider.com/local/leaders/from-barriers-to-unity-rwanda-joins-kenya-to-initiate-visa-free-travel-for-all/hhqe29q">
                          Link
                      </a>
                  </td>
              </tr>
    
        195)  <tr>
                  <td class="post-score">
                      792
                  </td>
                  <td class="post-title">
                      Yann LeCun: AI one-percenters seizing power forever is real doomsday scenario
                  </td>
                  <td class="post-type">
                      story
                  </td>
                  <td class="post-time">
                      2023 Nov 02 04:05
                  </td>
                  <td class="post-url">
                      <a href="https://www.businessinsider.com/sam-altman-and-demis-hassabis-just-want-to-control-ai-2023-10">
                          Link
                      </a>
                  </td>
              </tr>
    
        196)  <tr>
                  <td class="post-score">
                      161
                  </td>
                  <td class="post-title">
                      Show HN: DoltgreSQL – Version-Controlled DB, Like Git and PostgreSQL had a baby
                  </td>
                  <td class="post-type">
                      story
                  </td>
                  <td class="post-time">
                      2023 Nov 02 01:59
                  </td>
                  <td class="post-url">
                      <a href="https://github.com/dolthub/doltgresql">
                          Link
                      </a>
                  </td>
              </tr>
    
        197)  <tr>
                  <td class="post-score">
                      74
                  </td>
                  <td class="post-title">
                      Clash, a tool to break China's Great Fire Wall, is Deleted in GitHub
                  </td>
                  <td class="post-type">
                      story
                  </td>
                  <td class="post-time">
                      2023 Nov 03 09:01
                  </td>
                  <td class="post-url">
                      <a href="https://github.com/Dreamacro/clash">
                          Link
                      </a>
                  </td>
              </tr>
    
        198)  <tr>
                  <td class="post-score">
                      40
                  </td>
                  <td class="post-title">
                      Vivo Unveils BlueOS, Based on Rust Language
                  </td>
                  <td class="post-type">
                      story
                  </td>
                  <td class="post-time">
                      2023 Nov 02 03:14
                  </td>
                  <td class="post-url">
                      <a href="https://sparrowsnews.com/2023/11/01/vivo-unveils-blueos-operating-system/">
                          Link
                      </a>
                  </td>
              </tr>
    
        199)  <tr>
                  <td class="post-score">
                      66
                  </td>
                  <td class="post-title">
                      Formalizing 100 Theorems
                  </td>
                  <td class="post-type">
                      story
                  </td>
                  <td class="post-time">
                      2023 Nov 02 05:27
                  </td>
                  <td class="post-url">
                      <a href="https://www.cs.ru.nl/~freek/100/">
                          Link
                      </a>
                  </td>
              </tr>
    
        200)  <tr>
                  <td class="post-score">
                      184
                  </td>
                  <td class="post-title">
                      The Binder Linux driver is being rewritten in Rust
                  </td>
                  <td class="post-type">
                      story
                  </td>
                  <td class="post-time">
                      2023 Nov 03 06:53
                  </td>
                  <td class="post-url">
                      <a href="https://lore.kernel.org/rust-for-linux/20231101-rust-binder-v1-0-08ba9197f637@google.com/">
                          Link
                      </a>
                  </td>
              </tr>
    
    
    ▼ Query.index 0
    
        1)  <tr>
                <td class="post-score">
                    512
                </td>
                <td class="post-title">
                    NewPipe – Lightweight YouTube experience for Android
                </td>
                <td class="post-type">
                    story
                </td>
                <td class="post-time">
                    2023 Nov 04 19:38
                </td>
                <td class="post-url">
                    <a href="https://newpipe.net/">
                        Link
                    </a>
                </td>
            </tr>
    
    
    ▼ Query.has [ text "days", text "ago" ]
    
    ✗ has text "days"
    ✗ has text "ago"



TEST RUN FAILED

Duration: 684 ms
Passed:   49
Failed:   23

